Component: ARM Compiler 5.06 update 4 (build 422) Tool: armlink [4d35d2]

==============================================================================

Section Cross References

    dfu-cc.pb.o(.constdata) refers to dfu-cc.pb.o(.constdata) for dfu_hash_fields
    dfu-cc.pb.o(.constdata) refers to dfu-cc.pb.o(.constdata) for dfu_init_command_is_debug_default
    dfu-cc.pb.o(.constdata) refers to dfu-cc.pb.o(.constdata) for dfu_init_command_fields
    dfu-cc.pb.o(.constdata) refers to dfu-cc.pb.o(.constdata) for dfu_reset_command_fields
    dfu-cc.pb.o(.constdata) refers to dfu-cc.pb.o(.constdata) for dfu_command_fields
    dfu-cc.pb.o(.constdata) refers to dfu-cc.pb.o(.constdata) for dfu_command_fields
    dfu-cc.pb.o(.constdata) refers to dfu-cc.pb.o(.constdata) for dfu_signed_command_fields
    dfu_req_handling.o(i.dfu_data_write_handler) refers to dfu_req_handling.o(.data) for .data
    dfu_req_handling.o(i.dfu_decode_commmand) refers to pb_decode.o(i.pb_istream_from_buffer) for pb_istream_from_buffer
    dfu_req_handling.o(i.dfu_decode_commmand) refers to pb_decode.o(i.pb_decode) for pb_decode
    dfu_req_handling.o(i.dfu_decode_commmand) refers to nrf_dfu_settings.o(.bss) for s_dfu_settings
    dfu_req_handling.o(i.dfu_decode_commmand) refers to dfu_req_handling.o(.bss) for .bss
    dfu_req_handling.o(i.dfu_decode_commmand) refers to dfu_req_handling.o(i.pb_decoding_callback) for pb_decoding_callback
    dfu_req_handling.o(i.dfu_decode_commmand) refers to dfu_req_handling.o(.data) for .data
    dfu_req_handling.o(i.dfu_decode_commmand) refers to dfu-cc.pb.o(.constdata) for dfu_packet_fields
    dfu_req_handling.o(i.dfu_handle_prevalidate) refers to nrf_crypto.o(i.nrf_crypto_hash_compute) for nrf_crypto_hash_compute
    dfu_req_handling.o(i.dfu_handle_prevalidate) refers to memcpya.o(.text) for __aeabi_memcpy
    dfu_req_handling.o(i.dfu_handle_prevalidate) refers to nrf_crypto.o(i.nrf_crypto_verify) for nrf_crypto_verify
    dfu_req_handling.o(i.dfu_handle_prevalidate) refers to nrf_dfu_utils.o(i.nrf_dfu_find_cache) for nrf_dfu_find_cache
    dfu_req_handling.o(i.dfu_handle_prevalidate) refers to nrf_dfu_settings.o(.bss) for s_dfu_settings
    dfu_req_handling.o(i.dfu_handle_prevalidate) refers to dfu_req_handling.o(.bss) for .bss
    dfu_req_handling.o(i.dfu_handle_prevalidate) refers to dfu_req_handling.o(.data) for .data
    dfu_req_handling.o(i.dfu_handle_prevalidate) refers to dfu_req_handling.o(.constdata) for .constdata
    dfu_req_handling.o(i.nrf_dfu_command_req) refers to memseta.o(.text) for __aeabi_memclr4
    dfu_req_handling.o(i.nrf_dfu_command_req) refers to memcpya.o(.text) for __aeabi_memcpy
    dfu_req_handling.o(i.nrf_dfu_command_req) refers to crc32.o(i.crc32_compute) for crc32_compute
    dfu_req_handling.o(i.nrf_dfu_command_req) refers to dfu_req_handling.o(i.dfu_decode_commmand) for dfu_decode_commmand
    dfu_req_handling.o(i.nrf_dfu_command_req) refers to dfu_req_handling.o(i.dfu_handle_prevalidate) for dfu_handle_prevalidate
    dfu_req_handling.o(i.nrf_dfu_command_req) refers to nrf_dfu_settings.o(i.nrf_dfu_settings_write) for nrf_dfu_settings_write
    dfu_req_handling.o(i.nrf_dfu_command_req) refers to nrf_dfu_settings.o(.bss) for s_dfu_settings
    dfu_req_handling.o(i.nrf_dfu_command_req) refers to dfu_req_handling.o(.data) for .data
    dfu_req_handling.o(i.nrf_dfu_command_req) refers to dfu_req_handling.o(.bss) for .bss
    dfu_req_handling.o(i.nrf_dfu_data_req) refers to nrf_dfu_flash.o(i.nrf_dfu_flash_erase) for nrf_dfu_flash_erase
    dfu_req_handling.o(i.nrf_dfu_data_req) refers to crc32.o(i.crc32_compute) for crc32_compute
    dfu_req_handling.o(i.nrf_dfu_data_req) refers to memcpya.o(.text) for __aeabi_memcpy
    dfu_req_handling.o(i.nrf_dfu_data_req) refers to nrf_dfu_flash.o(i.nrf_dfu_flash_store) for nrf_dfu_flash_store
    dfu_req_handling.o(i.nrf_dfu_data_req) refers to nrf_dfu_settings.o(i.nrf_dfu_settings_write) for nrf_dfu_settings_write
    dfu_req_handling.o(i.nrf_dfu_data_req) refers to nrf_dfu.o(i.nrf_dfu_wait) for nrf_dfu_wait
    dfu_req_handling.o(i.nrf_dfu_data_req) refers to dfu_req_handling.o(i.nrf_dfu_postvalidate) for nrf_dfu_postvalidate
    dfu_req_handling.o(i.nrf_dfu_data_req) refers to dfu_req_handling.o(.data) for .data
    dfu_req_handling.o(i.nrf_dfu_data_req) refers to nrf_dfu_settings.o(.bss) for s_dfu_settings
    dfu_req_handling.o(i.nrf_dfu_data_req) refers to dfu_req_handling.o(i.dfu_data_write_handler) for dfu_data_write_handler
    dfu_req_handling.o(i.nrf_dfu_data_req) refers to dfu_req_handling.o(.bss) for .bss
    dfu_req_handling.o(i.nrf_dfu_postvalidate) refers to nrf_crypto.o(i.nrf_crypto_hash_compute) for nrf_crypto_hash_compute
    dfu_req_handling.o(i.nrf_dfu_postvalidate) refers to memcmp.o(.text) for memcmp
    dfu_req_handling.o(i.nrf_dfu_postvalidate) refers to memseta.o(.text) for __aeabi_memclr4
[...]
    i.conn_params_error_handler              0x0007a378   Section        0  nrf_ble_dfu.o(i.conn_params_error_handler)
    conn_params_error_handler                0x0007a379   Thumb Code     4  nrf_ble_dfu.o(i.conn_params_error_handler)
    i.conn_params_negotiation                0x0007a37c   Section        0  ble_conn_params.o(i.conn_params_negotiation)
    conn_params_negotiation                  0x0007a37d   Thumb Code    78  ble_conn_params.o(i.conn_params_negotiation)
    i.crc32_compute                          0x0007a3d8   Section        0  crc32.o(i.crc32_compute)
    i.decode_callback_field                  0x0007a414   Section        0  pb_decode.o(i.decode_callback_field)
    decode_callback_field                    0x0007a415   Thumb Code   126  pb_decode.o(i.decode_callback_field)
    i.decode_field                           0x0007a492   Section        0  pb_decode.o(i.decode_field)
    decode_field                             0x0007a493   Thumb Code    26  pb_decode.o(i.decode_field)
    i.decode_static_field                    0x0007a4ac   Section        0  pb_decode.o(i.decode_static_field)
    decode_static_field                      0x0007a4ad   Thumb Code   220  pb_decode.o(i.decode_static_field)
    i.delay_operation                        0x0007a58c   Section        0  nrf_dfu_settings.o(i.delay_operation)
    delay_operation                          0x0007a58d   Thumb Code    16  nrf_dfu_settings.o(i.delay_operation)
    i.dfu_ctrl_pt_add                        0x0007a5a0   Section        0  nrf_ble_dfu.o(i.dfu_ctrl_pt_add)
    dfu_ctrl_pt_add                          0x0007a5a1   Thumb Code   132  nrf_ble_dfu.o(i.dfu_ctrl_pt_add)
    i.dfu_data_write_handler                 0x0007a624   Section        0  dfu_req_handling.o(i.dfu_data_write_handler)
    dfu_data_write_handler                   0x0007a625   Thumb Code    10  dfu_req_handling.o(i.dfu_data_write_handler)
    i.dfu_decode_commmand                    0x0007a634   Section        0  dfu_req_handling.o(i.dfu_decode_commmand)
    dfu_decode_commmand                      0x0007a635   Thumb Code    60  dfu_req_handling.o(i.dfu_decode_commmand)
    i.dfu_handle_prevalidate                 0x0007a688   Section        0  dfu_req_handling.o(i.dfu_handle_prevalidate)
    dfu_handle_prevalidate                   0x0007a689   Thumb Code   378  dfu_req_handling.o(i.dfu_handle_prevalidate)
    i.dfu_pkt_char_add                       0x0007a818   Section        0  nrf_ble_dfu.o(i.dfu_pkt_char_add)
    dfu_pkt_char_add                         0x0007a819   Thumb Code   130  nrf_ble_dfu.o(i.dfu_pkt_char_add)
    i.dfu_settings_write_callback            0x0007a89c   Section        0  nrf_dfu_settings.o(i.dfu_settings_write_callback)
    dfu_settings_write_callback              0x0007a89d   Thumb Code    18  nrf_dfu_settings.o(i.dfu_settings_write_callback)
    i.ecc_p256_verify                        0x0007a8b4   Section        0  ecc.o(i.ecc_p256_verify)
    i.elapsed_ticks_acquire                  0x0007a900   Section        0  app_timer.o(i.elapsed_ticks_acquire)
    elapsed_ticks_acquire                    0x0007a901   Thumb Code    58  app_timer.o(i.elapsed_ticks_acquire)
    i.fs_erase                               0x0007a940   Section        0  fstorage.o(i.fs_erase)
    i.fs_evt_handler                         0x0007a9b4   Section        0  nrf_dfu_flash.o(i.fs_evt_handler)
    fs_evt_handler                           0x0007a9b5   Thumb Code    34  nrf_dfu_flash.o(i.fs_evt_handler)
    i.fs_fake_init                           0x0007a9dc   Section        0  fstorage.o(i.fs_fake_init)
    i.fs_queue_is_full                       0x0007a9f0   Section        0  fstorage.o(i.fs_queue_is_full)
    i.fs_store                               0x0007aa04   Section        0  fstorage.o(i.fs_store)
    i.fs_sys_event_handler                   0x0007aa84   Section        0  fstorage.o(i.fs_sys_event_handler)
    i.gap_params_init                        0x0007aaec   Section        0  nrf_ble_dfu.o(i.gap_params_init)
    gap_params_init                          0x0007aaed   Thumb Code   100  nrf_ble_dfu.o(i.gap_params_init)
    i.intern_softdevice_events_execute       0x0007ab58   Section        0  softdevice_handler.o(i.intern_softdevice_events_execute)
    i.is_conn_params_ok                      0x0007abd4   Section        0  ble_conn_params.o(i.is_conn_params_ok)
    is_conn_params_ok                        0x0007abd5   Thumb Code    24  ble_conn_params.o(i.is_conn_params_ok)
    i.is_word_aligned                        0x0007abf0   Section        0  ecc.o(i.is_word_aligned)
    is_word_aligned                          0x0007abf1   Thumb Code    12  ecc.o(i.is_word_aligned)
    i.iter_from_extension                    0x0007abfc   Section        0  pb_decode.o(i.iter_from_extension)
    iter_from_extension                      0x0007abfd   Thumb Code    46  pb_decode.o(i.iter_from_extension)
    i.list_deletions_handler                 0x0007ac2c   Section        0  app_timer.o(i.list_deletions_handler)
    list_deletions_handler                   0x0007ac2d   Thumb Code   158  app_timer.o(i.list_deletions_handler)
    i.list_insertions_handler                0x0007acd4   Section        0  app_timer.o(i.list_insertions_handler)
    list_insertions_handler                  0x0007acd5   Thumb Code   174  app_timer.o(i.list_insertions_handler)
    i.main                                   0x0007ad8c   Section        0  main.o(i.main)
    i.nrf_bootloader_app_start               0x0007adc0   Section        0  nrf_bootloader_app_start.o(i.nrf_bootloader_app_start)
    i.nrf_bootloader_init                    0x0007adea   Section        0  nrf_bootloader.o(i.nrf_bootloader_init)
    i.nrf_crypto_hash_compute                0x0007adf2   Section        0  nrf_crypto.o(i.nrf_crypto_hash_compute)
    i.nrf_crypto_verify                      0x0007ae3e   Section        0  nrf_crypto.o(i.nrf_crypto_verify)
    i.nrf_delay_us                           0x0007ae6c   Section        0  nrf_ble_dfu.o(i.nrf_delay_us)
    nrf_delay_us                             0x0007ae6d   Thumb Code   132  nrf_ble_dfu.o(i.nrf_delay_us)
    i.nrf_delay_us                           0x0007aef8   Section        0  nrf_dfu_settings.o(i.nrf_delay_us)
    nrf_delay_us                             0x0007aef9   Thumb Code   132  nrf_dfu_settings.o(i.nrf_delay_us)
    i.nrf_delay_us                           0x0007af84   Section        0  app_timer.o(i.nrf_delay_us)
    nrf_delay_us                             0x0007af85   Thumb Code   132  app_timer.o(i.nrf_delay_us)
    i.nrf_dfu_app_continue                   0x0007b010   Section        0  nrf_dfu_utils.o(i.nrf_dfu_app_continue)
    nrf_dfu_app_continue                     0x0007b011   Thumb Code   164  nrf_dfu_utils.o(i.nrf_dfu_app_continue)
    i.nrf_dfu_app_is_valid                   0x0007b0b8   Section        0  nrf_dfu_utils.o(i.nrf_dfu_app_is_valid)
    i.nrf_dfu_bl_continue                    0x0007b0e8   Section        0  nrf_dfu_utils.o(i.nrf_dfu_bl_continue)
    nrf_dfu_bl_continue                      0x0007b0e9   Thumb Code    54  nrf_dfu_utils.o(i.nrf_dfu_bl_continue)
    i.nrf_dfu_command_req                    0x0007b128   Section        0  dfu_req_handling.o(i.nrf_dfu_command_req)
    nrf_dfu_command_req                      0x0007b129   Thumb Code   262  dfu_req_handling.o(i.nrf_dfu_command_req)
    i.nrf_dfu_continue                       0x0007b23c   Section        0  nrf_dfu_utils.o(i.nrf_dfu_continue)
    i.nrf_dfu_continue_bank                  0x0007b270   Section        0  nrf_dfu_utils.o(i.nrf_dfu_continue_bank)
    nrf_dfu_continue_bank                    0x0007b271   Thumb Code   110  nrf_dfu_utils.o(i.nrf_dfu_continue_bank)
    i.nrf_dfu_data_req                       0x0007b2e4   Section        0  dfu_req_handling.o(i.nrf_dfu_data_req)
    nrf_dfu_data_req                         0x0007b2e5   Thumb Code   602  dfu_req_handling.o(i.nrf_dfu_data_req)
    i.nrf_dfu_enter_check                    0x0007b550   Section        0  nrf_dfu.o(i.nrf_dfu_enter_check)
    i.nrf_dfu_find_cache                     0x0007b588   Section        0  nrf_dfu_utils.o(i.nrf_dfu_find_cache)
    i.nrf_dfu_flash_erase                    0x0007b5f4   Section        0  nrf_dfu_flash.o(i.nrf_dfu_flash_erase)
    i.nrf_dfu_flash_init                     0x0007b68c   Section        0  nrf_dfu_flash.o(i.nrf_dfu_flash_init)
    i.nrf_dfu_flash_store                    0x0007b6b8   Section        0  nrf_dfu_flash.o(i.nrf_dfu_flash_store)
    i.nrf_dfu_init                           0x0007b744   Section        0  nrf_dfu.o(i.nrf_dfu_init)
    i.nrf_dfu_invalidate_bank                0x0007b7c4   Section        0  nrf_dfu_utils.o(i.nrf_dfu_invalidate_bank)
    nrf_dfu_invalidate_bank                  0x0007b7c5   Thumb Code    20  nrf_dfu_utils.o(i.nrf_dfu_invalidate_bank)
    i.nrf_dfu_mbr_compare                    0x0007b7dc   Section        0  nrf_dfu_mbr.o(i.nrf_dfu_mbr_compare)
    i.nrf_dfu_mbr_copy_bl                    0x0007b7f8   Section        0  nrf_dfu_mbr.o(i.nrf_dfu_mbr_copy_bl)
    i.nrf_dfu_mbr_copy_sd                    0x0007b810   Section        0  nrf_dfu_mbr.o(i.nrf_dfu_mbr_copy_sd)
    i.nrf_dfu_mbr_init_sd                    0x0007b834   Section        0  nrf_dfu_mbr.o(i.nrf_dfu_mbr_init_sd)
    i.nrf_dfu_postvalidate                   0x0007b84c   Section        0  dfu_req_handling.o(i.nrf_dfu_postvalidate)
    nrf_dfu_postvalidate                     0x0007b84d   Thumb Code   230  dfu_req_handling.o(i.nrf_dfu_postvalidate)
    i.nrf_dfu_req_handler_init               0x0007b944   Section        0  dfu_req_handling.o(i.nrf_dfu_req_handler_init)
    i.nrf_dfu_req_handler_on_req             0x0007b994   Section        0  dfu_req_handling.o(i.nrf_dfu_req_handler_on_req)
    i.nrf_dfu_sd_continue_impl               0x0007b9d4   Section        0  nrf_dfu_utils.o(i.nrf_dfu_sd_continue_impl)
    nrf_dfu_sd_continue_impl                 0x0007b9d5   Thumb Code   120  nrf_dfu_utils.o(i.nrf_dfu_sd_continue_impl)
    i.nrf_dfu_settings_calculate_crc         0x0007ba50   Section        0  nrf_dfu_settings.o(i.nrf_dfu_settings_calculate_crc)
    i.nrf_dfu_settings_init                  0x0007ba60   Section        0  nrf_dfu_settings.o(i.nrf_dfu_settings_init)
    i.nrf_dfu_settings_write                 0x0007bab4   Section        0  nrf_dfu_settings.o(i.nrf_dfu_settings_write)
    i.nrf_dfu_transports_close               0x0007bb2c   Section        0  nrf_dfu_transport.o(i.nrf_dfu_transports_close)
    i.nrf_dfu_transports_init                0x0007bb58   Section        0  nrf_dfu_transport.o(i.nrf_dfu_transports_init)
    i.nrf_dfu_wait                           0x0007bb84   Section        0  nrf_dfu.o(i.nrf_dfu_wait)
    i.nrf_drv_rng_stop                       0x0007bb88   Section        0  nrf_drv_rng.o(i.nrf_drv_rng_stop)
    nrf_drv_rng_stop                         0x0007bb89   Thumb Code    14  nrf_drv_rng.o(i.nrf_drv_rng_stop)
    i.nrf_gpio_cfg                           0x0007bb9c   Section        0  boards.o(i.nrf_gpio_cfg)
    nrf_gpio_cfg                             0x0007bb9d   Thumb Code    36  boards.o(i.nrf_gpio_cfg)
    i.nrf_gpio_cfg_output                    0x0007bbc0   Section        0  nrf_ble_dfu.o(i.nrf_gpio_cfg_output)
    nrf_gpio_cfg_output                      0x0007bbc1   Thumb Code    16  nrf_ble_dfu.o(i.nrf_gpio_cfg_output)
    i.nrf_gpio_pin_set                       0x0007bbd0   Section        0  nrf_ble_dfu.o(i.nrf_gpio_pin_set)
    nrf_gpio_pin_set                         0x0007bbd1   Thumb Code    14  nrf_ble_dfu.o(i.nrf_gpio_pin_set)
    i.nrf_gpio_pin_write                     0x0007bbde   Section        0  boards.o(i.nrf_gpio_pin_write)
    nrf_gpio_pin_write                       0x0007bbdf   Thumb Code    22  boards.o(i.nrf_gpio_pin_write)
    i.nrf_nvmc_page_erase                    0x0007bbf4   Section        0  nrf_nvmc.o(i.nrf_nvmc_page_erase)
    i.nrf_nvmc_write_words                   0x0007bc24   Section        0  nrf_nvmc.o(i.nrf_nvmc_write_words)
    i.nrf_queue_is_full                      0x0007bc60   Section        0  nrf_queue.o(i.nrf_queue_is_full)
    i.nrf_queue_next_idx                     0x0007bc7e   Section        0  nrf_queue.o(i.nrf_queue_next_idx)
    nrf_queue_next_idx                       0x0007bc7f   Thumb Code    14  nrf_queue.o(i.nrf_queue_next_idx)
    i.nrf_queue_push                         0x0007bc8c   Section        0  nrf_queue.o(i.nrf_queue_push)
    i.on_ble_evt                             0x0007bd40   Section        0  nrf_ble_dfu.o(i.on_ble_evt)
    on_ble_evt                               0x0007bd41   Thumb Code   222  nrf_ble_dfu.o(i.on_ble_evt)
    i.on_ctrl_pt_write                       0x0007be28   Section        0  nrf_ble_dfu.o(i.on_ctrl_pt_write)
    on_ctrl_pt_write                         0x0007be29   Thumb Code   242  nrf_ble_dfu.o(i.on_ctrl_pt_write)
    i.on_dfu_complete                        0x0007bf20   Section        0  dfu_req_handling.o(i.on_dfu_complete)
    on_dfu_complete                          0x0007bf21   Thumb Code    30  dfu_req_handling.o(i.on_dfu_complete)
    i.on_operation_success                   0x0007bf48   Section        0  fstorage.o(i.on_operation_success)
    on_operation_success                     0x0007bf49   Thumb Code    80  fstorage.o(i.on_operation_success)
    i.on_rw_authorize_req                    0x0007bf9c   Section        0  nrf_ble_dfu.o(i.on_rw_authorize_req)
    on_rw_authorize_req                      0x0007bf9d   Thumb Code   142  nrf_ble_dfu.o(i.on_rw_authorize_req)
    i.on_write                               0x0007c030   Section        0  nrf_ble_dfu.o(i.on_write)
    on_write                                 0x0007c031   Thumb Code    90  nrf_ble_dfu.o(i.on_write)
    i.pb_dec_bytes                           0x0007c090   Section        0  pb_decode.o(i.pb_dec_bytes)
    pb_dec_bytes                             0x0007c091   Thumb Code    64  pb_decode.o(i.pb_dec_bytes)
    i.pb_dec_fixed32                         0x0007c0d0   Section        0  pb_decode.o(i.pb_dec_fixed32)
    pb_dec_fixed32                           0x0007c0d1   Thumb Code     6  pb_decode.o(i.pb_dec_fixed32)
    i.pb_dec_fixed64                         0x0007c0d6   Section        0  pb_decode.o(i.pb_dec_fixed64)
    pb_dec_fixed64                           0x0007c0d7   Thumb Code     6  pb_decode.o(i.pb_dec_fixed64)
    i.pb_dec_string                          0x0007c0dc   Section        0  pb_decode.o(i.pb_dec_string)
    pb_dec_string                            0x0007c0dd   Thumb Code    62  pb_decode.o(i.pb_dec_string)
    i.pb_dec_submessage                      0x0007c11a   Section        0  pb_decode.o(i.pb_dec_submessage)
    pb_dec_submessage                        0x0007c11b   Thumb Code    64  pb_decode.o(i.pb_dec_submessage)
    i.pb_dec_svarint                         0x0007c15a   Section        0  pb_decode.o(i.pb_dec_svarint)
    pb_dec_svarint                           0x0007c15b   Thumb Code    88  pb_decode.o(i.pb_dec_svarint)
    i.pb_dec_uvarint                         0x0007c1b2   Section        0  pb_decode.o(i.pb_dec_uvarint)
    pb_dec_uvarint                           0x0007c1b3   Thumb Code    88  pb_decode.o(i.pb_dec_uvarint)
    i.pb_dec_varint                          0x0007c20a   Section        0  pb_decode.o(i.pb_dec_varint)
    pb_dec_varint                            0x0007c20b   Thumb Code    90  pb_decode.o(i.pb_dec_varint)
    i.pb_decode                              0x0007c264   Section        0  pb_decode.o(i.pb_decode)
    i.pb_decode_fixed32                      0x0007c282   Section        0  pb_decode.o(i.pb_decode_fixed32)
    i.pb_decode_fixed64                      0x0007c2a2   Section        0  pb_decode.o(i.pb_decode_fixed64)
    i.pb_decode_noinit                       0x0007c300   Section        0  pb_decode.o(i.pb_decode_noinit)
    i.pb_decode_svarint                      0x0007c486   Section        0  pb_decode.o(i.pb_decode_svarint)
    i.pb_decode_tag                          0x0007c4c0   Section        0  pb_decode.o(i.pb_decode_tag)
    i.pb_decode_varint                       0x0007c502   Section        0  pb_decode.o(i.pb_decode_varint)
    i.pb_decode_varint32                     0x0007c54c   Section        0  pb_decode.o(i.pb_decode_varint32)
    pb_decode_varint32                       0x0007c54d   Thumb Code    76  pb_decode.o(i.pb_decode_varint32)
    i.pb_decoding_callback                   0x0007c598   Section        0  dfu_req_handling.o(i.pb_decoding_callback)
    pb_decoding_callback                     0x0007c599   Thumb Code    26  dfu_req_handling.o(i.pb_decoding_callback)
    i.pb_field_iter_begin                    0x0007c5bc   Section        0  pb_common.o(i.pb_field_iter_begin)
    i.pb_field_iter_find                     0x0007c5de   Section        0  pb_common.o(i.pb_field_iter_find)
    i.pb_field_iter_next                     0x0007c60c   Section        0  pb_common.o(i.pb_field_iter_next)
    i.pb_field_set_to_default                0x0007c68c   Section        0  pb_decode.o(i.pb_field_set_to_default)
    pb_field_set_to_default                  0x0007c68d   Thumb Code   164  pb_decode.o(i.pb_field_set_to_default)
    i.pb_istream_from_buffer                 0x0007c730   Section        0  pb_decode.o(i.pb_istream_from_buffer)
    i.pb_make_string_substream               0x0007c744   Section        0  pb_decode.o(i.pb_make_string_substream)
    i.pb_message_set_to_defaults             0x0007c77a   Section        0  pb_decode.o(i.pb_message_set_to_defaults)
    pb_message_set_to_defaults               0x0007c77b   Thumb Code    38  pb_decode.o(i.pb_message_set_to_defaults)
    i.pb_read                                0x0007c7a0   Section        0  pb_decode.o(i.pb_read)
    i.pb_readbyte                            0x0007c7f8   Section        0  pb_decode.o(i.pb_readbyte)
    pb_readbyte                              0x0007c7f9   Thumb Code    32  pb_decode.o(i.pb_readbyte)
    i.pb_skip_field                          0x0007c818   Section        0  pb_decode.o(i.pb_skip_field)
    i.queue_advance                          0x0007c874   Section        0  fstorage.o(i.queue_advance)
    queue_advance                            0x0007c875   Thumb Code    36  fstorage.o(i.queue_advance)
    i.queue_get_next_free                    0x0007c8a0   Section        0  fstorage.o(i.queue_get_next_free)
    queue_get_next_free                      0x0007c8a1   Thumb Code    52  fstorage.o(i.queue_get_next_free)
    i.queue_process                          0x0007c8d8   Section        0  fstorage.o(i.queue_process)
    queue_process                            0x0007c8d9   Thumb Code   104  fstorage.o(i.queue_process)
    i.queue_start                            0x0007c948   Section        0  fstorage.o(i.queue_start)
    queue_start                              0x0007c949   Thumb Code    22  fstorage.o(i.queue_start)
    i.queue_utilization_get                  0x0007c964   Section        0  nrf_queue.o(i.queue_utilization_get)
    queue_utilization_get                    0x0007c965   Thumb Code    22  nrf_queue.o(i.queue_utilization_get)
    i.read_raw_value                         0x0007c97a   Section        0  pb_decode.o(i.read_raw_value)
    read_raw_value                           0x0007c97b   Thumb Code    98  pb_decode.o(i.read_raw_value)
    i.response_crc_cmd_send                  0x0007c9dc   Section        0  nrf_ble_dfu.o(i.response_crc_cmd_send)
    response_crc_cmd_send                    0x0007c9dd   Thumb Code    86  nrf_ble_dfu.o(i.response_crc_cmd_send)
    i.response_select_object_cmd_send        0x0007ca3c   Section        0  nrf_ble_dfu.o(i.response_select_object_cmd_send)
    response_select_object_cmd_send          0x0007ca3d   Thumb Code    98  nrf_ble_dfu.o(i.response_select_object_cmd_send)
    i.response_send                          0x0007caa8   Section        0  nrf_ble_dfu.o(i.response_send)
    response_send                            0x0007caa9   Thumb Code    54  nrf_ble_dfu.o(i.response_send)
    i.rtc1_stop                              0x0007cae8   Section        0  app_timer.o(i.rtc1_stop)
    rtc1_stop                                0x0007cae9   Thumb Code    52  app_timer.o(i.rtc1_stop)
    i.sd_nvic_EnableIRQ                      0x0007cb24   Section        0  softdevice_handler.o(i.sd_nvic_EnableIRQ)
    sd_nvic_EnableIRQ                        0x0007cb25   Thumb Code   106  softdevice_handler.o(i.sd_nvic_EnableIRQ)
    i.send_event                             0x0007cb94   Section        0  fstorage.o(i.send_event)
    send_event                               0x0007cb95   Thumb Code    76  fstorage.o(i.send_event)
    i.send_hvx                               0x0007cbe0   Section        0  nrf_ble_dfu.o(i.send_hvx)
    send_hvx                                 0x0007cbe1   Thumb Code    36  nrf_ble_dfu.o(i.send_hvx)
    i.sha256_final                           0x0007cc08   Section        0  sha256.o(i.sha256_final)
    i.sha256_init                            0x0007cd18   Section        0  sha256.o(i.sha256_init)
    i.sha256_transform                       0x0007cd6c   Section        0  sha256.o(i.sha256_transform)
    i.sha256_update                          0x0007ce98   Section        0  sha256.o(i.sha256_update)
    i.softdevice_ble_evt_handler_set         0x0007ceec   Section        0  softdevice_handler.o(i.softdevice_ble_evt_handler_set)
    i.softdevice_enable                      0x0007cf00   Section        0  softdevice_handler.o(i.softdevice_enable)
    i.softdevice_enable_get_default_config   0x0007cf14   Section        0  softdevice_handler.o(i.softdevice_enable_get_default_config)
    i.softdevice_evt_get                     0x0007cf3a   Section        0  softdevice_handler_appsh.o(i.softdevice_evt_get)
    i.softdevice_evt_schedule                0x0007cf4c   Section        0  softdevice_handler_appsh.o(i.softdevice_evt_schedule)
    i.softdevice_fault_handler               0x0007cf5c   Section        0  softdevice_handler.o(i.softdevice_fault_handler)
    i.softdevice_handler_init                0x0007cf60   Section        0  softdevice_handler.o(i.softdevice_handler_init)
    i.softdevice_handler_is_enabled          0x0007cfc0   Section        0  softdevice_handler.o(i.softdevice_handler_is_enabled)
    i.softdevice_sys_evt_handler_set         0x0007cfcc   Section        0  softdevice_handler.o(i.softdevice_sys_evt_handler_set)
    i.timer_list_handler                     0x0007cfe0   Section        0  app_timer.o(i.timer_list_handler)
    timer_list_handler                       0x0007cfe1   Thumb Code   134  app_timer.o(i.timer_list_handler)
    i.timer_list_insert                      0x0007d06c   Section        0  app_timer.o(i.timer_list_insert)
    timer_list_insert                        0x0007d06d   Thumb Code    56  app_timer.o(i.timer_list_insert)
    i.timer_stop_op_schedule                 0x0007d0a8   Section        0  app_timer.o(i.timer_stop_op_schedule)
    timer_stop_op_schedule                   0x0007d0a9   Thumb Code    68  app_timer.o(i.timer_stop_op_schedule)
    i.timer_timeouts_check                   0x0007d0f0   Section        0  app_timer.o(i.timer_timeouts_check)
    timer_timeouts_check                     0x0007d0f1   Thumb Code   124  app_timer.o(i.timer_timeouts_check)
    i.uint32_encode                          0x0007d174   Section        0  nrf_ble_dfu.o(i.uint32_encode)
    uint32_encode                            0x0007d175   Thumb Code    18  nrf_ble_dfu.o(i.uint32_encode)
    i.update_timeout_handler                 0x0007d188   Section        0  ble_conn_params.o(i.update_timeout_handler)
    update_timeout_handler                   0x0007d189   Thumb Code    88  ble_conn_params.o(i.update_timeout_handler)
    i.user_op_alloc                          0x0007d1e8   Section        0  app_timer.o(i.user_op_alloc)
    user_op_alloc                            0x0007d1e9   Thumb Code    42  app_timer.o(i.user_op_alloc)
    i.wait_for_queue                         0x0007d218   Section        0  nrf_dfu_settings.o(i.wait_for_queue)
    wait_for_queue                           0x0007d219   Thumb Code    18  nrf_dfu_settings.o(i.wait_for_queue)
    .constdata                               0x0007d22a   Section        1  dfu-cc.pb.o(.constdata)
    .constdata                               0x0007d22c   Section       36  dfu-cc.pb.o(.constdata)
    .constdata                               0x0007d250   Section      120  dfu-cc.pb.o(.constdata)
    .constdata                               0x0007d2c8   Section       24  dfu-cc.pb.o(.constdata)
    .constdata                               0x0007d2e0   Section       48  dfu-cc.pb.o(.constdata)
    .constdata                               0x0007d310   Section       48  dfu-cc.pb.o(.constdata)
    .constdata                               0x0007d340   Section       36  dfu-cc.pb.o(.constdata)
    .constdata                               0x0007d364   Section       64  dfu_public_key.o(.constdata)
    .constdata                               0x0007d3a4   Section        8  dfu_req_handling.o(.constdata)
    crypto_key_pk                            0x0007d3a4   Data           8  dfu_req_handling.o(.constdata)
    .constdata                               0x0007d3ac   Section        8  boards.o(.constdata)
    m_board_led_list                         0x0007d3ac   Data           4  boards.o(.constdata)
    m_board_btn_list                         0x0007d3b0   Data           4  boards.o(.constdata)
    .constdata                               0x0007d3b4   Section        4  ble_conn_params.o(.constdata)
    m_conn_params_timer_id                   0x0007d3b4   Data           4  ble_conn_params.o(.constdata)
    .constdata                               0x0007d3b8   Section       20  nrf_ble_dfu.o(.constdata)
    .constdata                               0x0007d3cc   Section       16  nrf_dfu_flash.o(.constdata)
    .constdata                               0x0007d3dc   Section       64  nrf_dfu_mbr.o(.constdata)
    .constdata                               0x0007d41c   Section       24  nrf_drv_rng.o(.constdata)
    m_default_config                         0x0007d41c   Data           2  nrf_drv_rng.o(.constdata)
    m_rand_pool                              0x0007d420   Data          20  nrf_drv_rng.o(.constdata)
    .constdata                               0x0007d434   Section      256  sha256.o(.constdata)
    k                                        0x0007d434   Data         256  sha256.o(.constdata)
    .constdata                               0x0007d534   Section       36  pb_decode.o(.constdata)
    PB_DECODERS                              0x0007d534   Data          36  pb_decode.o(.constdata)
    [Anonymous Symbol]                       0x0007d558   Section        0  micro_ecc_lib_uECC.c.o(.rodata.curve_secp256r1)
    curve_secp256r1                          0x0007d558   Data         176  micro_ecc_lib_uECC.c.o(.rodata.curve_secp256r1)
    dfu_trans                                0x0007d628   Section        8  nrf_ble_dfu.o(dfu_trans)
    __tagsym$$used                           0x0007d628   Number         0  nrf_ble_dfu.o(dfu_trans)
    dfu_trans                                0x0007d628   Data           8  nrf_ble_dfu.o(dfu_trans)
    .ARM.__AT_0x0007F000                     0x0007f000   Section     4096  nrf_dfu_settings.o(.ARM.__AT_0x0007F000)
    __tagsym$$used                           0x0007f000   Number         0  nrf_dfu_settings.o(.ARM.__AT_0x0007F000)
    .ARM.__AT_0x10001014                     0x10001014   Section        4  nrf_bootloader_info.o(.ARM.__AT_0x10001014)
    .data                                    0x20002c00   Section       36  dfu_req_handling.o(.data)
    cur_obj_type                             0x20002c00   Data           1  dfu_req_handling.o(.data)
    m_current_data_buffer                    0x20002c01   Data           1  dfu_req_handling.o(.data)
    m_valid_init_packet_present              0x20002c02   Data           1  dfu_req_handling.o(.data)
    m_data_buf_pos                           0x20002c04   Data           2  dfu_req_handling.o(.data)
    m_flash_operations_pending               0x20002c08   Data           4  dfu_req_handling.o(.data)
    m_firmware_start_addr                    0x20002c0c   Data           4  dfu_req_handling.o(.data)
    m_firmware_size_req                      0x20002c10   Data           4  dfu_req_handling.o(.data)
    crypto_sig                               0x20002c14   Data           8  dfu_req_handling.o(.data)
    hash_data                                0x20002c1c   Data           8  dfu_req_handling.o(.data)
    .data                                    0x20002c24   Section       20  ble_conn_params.o(.data)
    m_change_param                           0x20002c24   Data           1  ble_conn_params.o(.data)
    m_update_count                           0x20002c25   Data           1  ble_conn_params.o(.data)
    m_conn_handle                            0x20002c26   Data           2  ble_conn_params.o(.data)
    m_preferred_conn_params                  0x20002c28   Data           8  ble_conn_params.o(.data)
    m_current_conn_params                    0x20002c30   Data           8  ble_conn_params.o(.data)
    .data                                    0x20002c38   Section       12  nrf_ble_dfu.o(.data)
    m_conn_handle                            0x20002c38   Data           2  nrf_ble_dfu.o(.data)
    m_pkt_notif_target                       0x20002c3a   Data           2  nrf_ble_dfu.o(.data)
    m_pkt_notif_target_cnt                   0x20002c3c   Data           2  nrf_ble_dfu.o(.data)
    m_flags                                  0x20002c40   Data           4  nrf_ble_dfu.o(.data)
    .data                                    0x20002c44   Section        4  nrf_dfu_flash.o(.data)
    m_flags                                  0x20002c44   Data           4  nrf_dfu_flash.o(.data)
    .data                                    0x20002c48   Section        8  nrf_dfu_settings.o(.data)
    flash_operation_pending                  0x20002c48   Data           1  nrf_dfu_settings.o(.data)
    m_callback                               0x20002c4c   Data           4  nrf_dfu_settings.o(.data)
    .data                                    0x20002c50   Section       16  app_scheduler.o(.data)
    m_queue_start_index                      0x20002c50   Data           1  app_scheduler.o(.data)
    m_queue_end_index                        0x20002c51   Data           1  app_scheduler.o(.data)
    m_queue_event_size                       0x20002c52   Data           2  app_scheduler.o(.data)
    m_queue_size                             0x20002c54   Data           2  app_scheduler.o(.data)
    m_queue_event_headers                    0x20002c58   Data           4  app_scheduler.o(.data)
    m_queue_event_data                       0x20002c5c   Data           4  app_scheduler.o(.data)
    .data                                    0x20002c60   Section       32  app_timer.o(.data)
    m_ticks_elapsed_q_read_ind               0x20002c60   Data           1  app_timer.o(.data)
    m_ticks_elapsed_q_write_ind              0x20002c61   Data           1  app_timer.o(.data)
    m_rtc1_running                           0x20002c62   Data           1  app_timer.o(.data)
    m_rtc1_reset                             0x20002c63   Data           1  app_timer.o(.data)
    mp_timer_id_head                         0x20002c64   Data           4  app_timer.o(.data)
    m_ticks_latest                           0x20002c68   Data           4  app_timer.o(.data)
    m_evt_schedule_func                      0x20002c6c   Data           4  app_timer.o(.data)
    m_op_queue                               0x20002c70   Data           8  app_timer.o(.data)
    m_ticks_elapsed                          0x20002c78   Data           8  app_timer.o(.data)
    .data                                    0x20002c80   Section        2  fstorage.o(.data)
    m_flags                                  0x20002c80   Data           1  fstorage.o(.data)
    m_retry_count                            0x20002c81   Data           1  fstorage.o(.data)
    .data                                    0x20002c84   Section       20  softdevice_handler.o(.data)
    m_softdevice_enabled                     0x20002c84   Data           1  softdevice_handler.o(.data)
    m_suspended                              0x20002c85   Data           1  softdevice_handler.o(.data)
    m_ble_evt_buffer_size                    0x20002c86   Data           2  softdevice_handler.o(.data)
    m_evt_schedule_func                      0x20002c88   Data           4  softdevice_handler.o(.data)
    mp_ble_evt_buffer                        0x20002c8c   Data           4  softdevice_handler.o(.data)
    m_ble_evt_handler                        0x20002c90   Data           4  softdevice_handler.o(.data)
    m_sys_evt_handler                        0x20002c94   Data           4  softdevice_handler.o(.data)
    .data                                    0x20002c98   Section        4  system_nrf52.o(.data)
    __tagsym$$used                           0x20002c98   Number         0  system_nrf52.o(.data)
    fs_data                                  0x20002c9c   Section       16  nrf_dfu_flash.o(fs_data)
    __tagsym$$used                           0x20002c9c   Number         0  nrf_dfu_flash.o(fs_data)
    fs_dfu_config                            0x20002c9c   Data          16  nrf_dfu_flash.o(fs_data)
    .bss                                     0x20002cac   Section     1436  dfu_req_handling.o(.bss)
    packet                                   0x20002cac   Data         300  dfu_req_handling.o(.bss)
    m_data_buf                               0x20002dd8   Data        1024  dfu_req_handling.o(.bss)
    hash                                     0x200031d8   Data          32  dfu_req_handling.o(.bss)
    sig                                      0x200031f8   Data          64  dfu_req_handling.o(.bss)
    stream                                   0x20003238   Data          16  dfu_req_handling.o(.bss)
    .bss                                     0x20003248   Section       32  ble_conn_params.o(.bss)
    m_conn_params_timer_id_data              0x20003248   Data          32  ble_conn_params.o(.bss)
    .bss                                     0x20003268   Section       28  ble_conn_params.o(.bss)
    m_conn_params_config                     0x20003268   Data          28  ble_conn_params.o(.bss)
    .bss                                     0x20003284   Section      115  nrf_ble_dfu.o(.bss)
    BLE_EVT_BUFFER                           0x20003284   Data          80  nrf_ble_dfu.o(.bss)
    m_dfu                                    0x200032d4   Data          20  nrf_ble_dfu.o(.bss)
    m_notif_buffer                           0x200032e8   Data          15  nrf_ble_dfu.o(.bss)
    .bss                                     0x200032f8   Section      456  nrf_dfu.o(.bss)
    APP_TIMER_BUF                            0x200032f8   Data         120  nrf_dfu.o(.bss)
    APP_SCHED_BUF                            0x20003370   Data         336  nrf_dfu.o(.bss)
    .bss                                     0x200034c0   Section      696  nrf_dfu_settings.o(.bss)
    temp_dfu_settings                        0x200034c0   Data         348  nrf_dfu_settings.o(.bss)
    .bss                                     0x20003778   Section       33  nrf_drv_rng.o(.bss)
    m_rand_pool_nrf_queue_buffer             0x20003778   Data          33  nrf_drv_rng.o(.bss)
    .bss                                     0x2000379c   Section       12  nrf_drv_rng.o(.bss)
    m_rand_pool_nrf_queue_cb                 0x2000379c   Data          12  nrf_drv_rng.o(.bss)
    .bss                                     0x200037a8   Section       12  app_util_platform.o(.bss)
    .bss                                     0x200037b4   Section      104  fstorage.o(.bss)
    m_queue                                  0x200037b4   Data         104  fstorage.o(.bss)
    STACK                                    0x20003820   Section     8192  arm_startup_nrf52.o(STACK)

    Global Symbols

    Symbol Name                              Value     Ov Type        Size  Object(Section)

    BuildAttributes$$THM_ISAv4$E$P$D$K$B$S$7EM$VFPi3$EXTD16$VFPS$VFMA$PE$A:L22UL41UL21$X:L11$S22US41US21$IEEE1$IW$USESV6$~STKCKD$USESV7$~SHL$OSPACE$IEEEX$EBA8$MICROLIB$REQ8$PRES8$EABIv2 0x00000000   Number         0  anon$$obj.o ABSOLUTE
    __ARM_use_no_argv                        0x00000000   Number         0  main.o ABSOLUTE
    __cpp_initialize__aeabi_                  - Undefined Weak Reference
    __cxa_finalize                            - Undefined Weak Reference
    __decompress                              - Undefined Weak Reference
    _clock_init                               - Undefined Weak Reference
    _microlib_exit                            - Undefined Weak Reference
    __Vectors_Size                           0x00000400   Number         0  arm_startup_nrf52.o ABSOLUTE
    Image$$ER_IROM1$$Base                    0x00078000   Number         0  anon$$obj.o ABSOLUTE
    __Vectors                                0x00078000   Data           4  arm_startup_nrf52.o(RESET)
    __Vectors_End                            0x00078400   Data           0  arm_startup_nrf52.o(RESET)
    __main                                   0x00078401   Thumb Code     0  entry.o(.ARM.Collect$$$$00000000)
    _main_stk                                0x00078401   Thumb Code     0  entry2.o(.ARM.Collect$$$$00000001)
    _main_scatterload                        0x00078405   Thumb Code     0  entry5.o(.ARM.Collect$$$$00000004)
    __main_after_scatterload                 0x00078409   Thumb Code     0  entry5.o(.ARM.Collect$$$$00000004)
    _main_clock                              0x00078409   Thumb Code     0  entry7b.o(.ARM.Collect$$$$00000008)
    _main_cpp_init                           0x00078409   Thumb Code     0  entry8b.o(.ARM.Collect$$$$0000000A)
    _main_init                               0x00078409   Thumb Code     0  entry9a.o(.ARM.Collect$$$$0000000B)
    __rt_final_cpp                           0x00078411   Thumb Code     0  entry10a.o(.ARM.Collect$$$$0000000D)
    __rt_final_exit                          0x00078411   Thumb Code     0  entry11a.o(.ARM.Collect$$$$0000000F)
    __asm___26_nrf_bootloader_app_start_c_5c9f33f9__nrf_bootloader_app_start_impl 0x00078415   Thumb Code    52  nrf_bootloader_app_start.o(.emb_text)
    Reset_Handler                            0x00078449   Thumb Code     8  arm_startup_nrf52.o(.text)
    NMI_Handler                              0x00078451   Thumb Code     2  arm_startup_nrf52.o(.text)
    HardFault_Handler                        0x00078453   Thumb Code     2  arm_startup_nrf52.o(.text)
    MemoryManagement_Handler                 0x00078455   Thumb Code     2  arm_startup_nrf52.o(.text)
    BusFault_Handler                         0x00078457   Thumb Code     2  arm_startup_nrf52.o(.text)
    UsageFault_Handler                       0x00078459   Thumb Code     2  arm_startup_nrf52.o(.text)
    SVC_Handler                              0x0007845b   Thumb Code     2  arm_startup_nrf52.o(.text)
    DebugMon_Handler                         0x0007845d   Thumb Code     2  arm_startup_nrf52.o(.text)
    PendSV_Handler                           0x0007845f   Thumb Code     2  arm_startup_nrf52.o(.text)
    SysTick_Handler                          0x00078461   Thumb Code     2  arm_startup_nrf52.o(.text)
    CCM_AAR_IRQHandler                       0x00078463   Thumb Code     0  arm_startup_nrf52.o(.text)
    COMP_LPCOMP_IRQHandler                   0x00078463   Thumb Code     0  arm_startup_nrf52.o(.text)
    ECB_IRQHandler                           0x00078463   Thumb Code     0  arm_startup_nrf52.o(.text)
    FPU_IRQHandler                           0x00078463   Thumb Code     0  arm_startup_nrf52.o(.text)
    GPIOTE_IRQHandler                        0x00078463   Thumb Code     0  arm_startup_nrf52.o(.text)
    I2S_IRQHandler                           0x00078463   Thumb Code     0  arm_startup_nrf52.o(.text)
    MWU_IRQHandler                           0x00078463   Thumb Code     0  arm_startup_nrf52.o(.text)
    NFCT_IRQHandler                          0x00078463   Thumb Code     0  arm_startup_nrf52.o(.text)
    PDM_IRQHandler                           0x00078463   Thumb Code     0  arm_startup_nrf52.o(.text)
    POWER_CLOCK_IRQHandler                   0x00078463   Thumb Code     0  arm_startup_nrf52.o(.text)
    PWM0_IRQHandler                          0x00078463   Thumb Code     0  arm_startup_nrf52.o(.text)
    PWM1_IRQHandler                          0x00078463   Thumb Code     0  arm_startup_nrf52.o(.text)
    PWM2_IRQHandler                          0x00078463   Thumb Code     0  arm_startup_nrf52.o(.text)
    QDEC_IRQHandler                          0x00078463   Thumb Code     0  arm_startup_nrf52.o(.text)
    RADIO_IRQHandler                         0x00078463   Thumb Code     0  arm_startup_nrf52.o(.text)
    RTC0_IRQHandler                          0x00078463   Thumb Code     0  arm_startup_nrf52.o(.text)
    RTC2_IRQHandler                          0x00078463   Thumb Code     0  arm_startup_nrf52.o(.text)
    SAADC_IRQHandler                         0x00078463   Thumb Code     0  arm_startup_nrf52.o(.text)
    SPIM0_SPIS0_TWIM0_TWIS0_SPI0_TWI0_IRQHandler 0x00078463   Thumb Code     0  arm_startup_nrf52.o(.text)
    SPIM1_SPIS1_TWIM1_TWIS1_SPI1_TWI1_IRQHandler 0x00078463   Thumb Code     0  arm_startup_nrf52.o(.text)
    SPIM2_SPIS2_SPI2_IRQHandler              0x00078463   Thumb Code     0  arm_startup_nrf52.o(.text)
    SWI1_EGU1_IRQHandler                     0x00078463   Thumb Code     0  arm_startup_nrf52.o(.text)
    SWI3_EGU3_IRQHandler                     0x00078463   Thumb Code     0  arm_startup_nrf52.o(.text)
    SWI4_EGU4_IRQHandler                     0x00078463   Thumb Code     0  arm_startup_nrf52.o(.text)
    SWI5_EGU5_IRQHandler                     0x00078463   Thumb Code     0  arm_startup_nrf52.o(.text)
    TEMP_IRQHandler                          0x00078463   Thumb Code     0  arm_startup_nrf52.o(.text)
    TIMER0_IRQHandler                        0x00078463   Thumb Code     0  arm_startup_nrf52.o(.text)
    TIMER1_IRQHandler                        0x00078463   Thumb Code     0  arm_startup_nrf52.o(.text)
    TIMER2_IRQHandler                        0x00078463   Thumb Code     0  arm_startup_nrf52.o(.text)
    TIMER3_IRQHandler                        0x00078463   Thumb Code     0  arm_startup_nrf52.o(.text)
    TIMER4_IRQHandler                        0x00078463   Thumb Code     0  arm_startup_nrf52.o(.text)
    UARTE0_UART0_IRQHandler                  0x00078463   Thumb Code     0  arm_startup_nrf52.o(.text)
    WDT_IRQHandler                           0x00078463   Thumb Code     0  arm_startup_nrf52.o(.text)
    __aeabi_llsl                             0x0007846d   Thumb Code    30  llshl.o(.text)
    _ll_shift_l                              0x0007846d   Thumb Code     0  llshl.o(.text)
    __aeabi_memcpy                           0x0007848b   Thumb Code    36  memcpya.o(.text)
    __aeabi_memcpy4                          0x0007848b   Thumb Code     0  memcpya.o(.text)
    __aeabi_memcpy8                          0x0007848b   Thumb Code     0  memcpya.o(.text)
    __aeabi_memset                           0x000784af   Thumb Code    14  memseta.o(.text)
    __aeabi_memset4                          0x000784af   Thumb Code     0  memseta.o(.text)
    __aeabi_memset8                          0x000784af   Thumb Code     0  memseta.o(.text)
    __aeabi_memclr                           0x000784bd   Thumb Code     4  memseta.o(.text)
    __aeabi_memclr4                          0x000784bd   Thumb Code     0  memseta.o(.text)
    __aeabi_memclr8                          0x000784bd   Thumb Code     0  memseta.o(.text)
    memset                                   0x000784c1   Thumb Code    18  memseta.o(.text)
    memcmp                                   0x000784d3   Thumb Code    26  memcmp.o(.text)
    __scatterload                            0x000784ed   Thumb Code    28  init.o(.text)
    __scatterload_rt2                        0x000784ed   Thumb Code     0  init.o(.text)
    uECC_secp256r1                           0x0007880d   Thumb Code     8  micro_ecc_lib_uECC.c.o(.text.uECC_secp256r1)
    uECC_verify                              0x00078815   Thumb Code   708  micro_ecc_lib_uECC.c.o(.text.uECC_verify)
    uECC_vli_add                             0x00078ae1   Thumb Code    90  micro_ecc_lib_uECC.c.o(.text.uECC_vli_add)
    uECC_vli_clear                           0x00078b3d   Thumb Code    22  micro_ecc_lib_uECC.c.o(.text.uECC_vli_clear)
    uECC_vli_equal                           0x00078b7b   Thumb Code    40  micro_ecc_lib_uECC.c.o(.text.uECC_vli_equal)
    uECC_vli_isZero                          0x00078ba3   Thumb Code    30  micro_ecc_lib_uECC.c.o(.text.uECC_vli_isZero)
    uECC_vli_mmod                            0x00078bc1   Thumb Code   316  micro_ecc_lib_uECC.c.o(.text.uECC_vli_mmod)
    uECC_vli_modAdd                          0x00078cfd   Thumb Code    50  micro_ecc_lib_uECC.c.o(.text.uECC_vli_modAdd)
    uECC_vli_modInv                          0x00078d2f   Thumb Code   268  micro_ecc_lib_uECC.c.o(.text.uECC_vli_modInv)
    uECC_vli_modMult                         0x00078e3b   Thumb Code    36  micro_ecc_lib_uECC.c.o(.text.uECC_vli_modMult)
    uECC_vli_modMult_fast                    0x00078e5f   Thumb Code    32  micro_ecc_lib_uECC.c.o(.text.uECC_vli_modMult_fast)
    uECC_vli_modSquare_fast                  0x00078e7f   Thumb Code    32  micro_ecc_lib_uECC.c.o(.text.uECC_vli_modSquare_fast)
    uECC_vli_modSub                          0x00078e9f   Thumb Code    36  micro_ecc_lib_uECC.c.o(.text.uECC_vli_modSub)
    uECC_vli_mult                            0x00078ec3   Thumb Code   786  micro_ecc_lib_uECC.c.o(.text.uECC_vli_mult)
    uECC_vli_numBits                         0x000791d5   Thumb Code    58  micro_ecc_lib_uECC.c.o(.text.uECC_vli_numBits)
    uECC_vli_rshift1                         0x0007920f   Thumb Code    28  micro_ecc_lib_uECC.c.o(.text.uECC_vli_rshift1)
    uECC_vli_set                             0x0007922b   Thumb Code    24  micro_ecc_lib_uECC.c.o(.text.uECC_vli_set)
    uECC_vli_square                          0x00079243   Thumb Code   652  micro_ecc_lib_uECC.c.o(.text.uECC_vli_square)
    uECC_vli_sub                             0x000794d1   Thumb Code    94  micro_ecc_lib_uECC.c.o(.text.uECC_vli_sub)
    uECC_vli_testBit                         0x00079531   Thumb Code    20  micro_ecc_lib_uECC.c.o(.text.uECC_vli_testBit)
    RNG_IRQHandler                           0x00079835   Thumb Code    82  nrf_drv_rng.o(i.RNG_IRQHandler)
    RTC1_IRQHandler                          0x00079899   Thumb Code    32  app_timer.o(i.RTC1_IRQHandler)
    SWI0_EGU0_IRQHandler                     0x000798bd   Thumb Code     4  app_timer.o(i.SWI0_EGU0_IRQHandler)
    SWI2_EGU2_IRQHandler                     0x000798c1   Thumb Code    32  softdevice_handler.o(i.SWI2_EGU2_IRQHandler)
    SystemInit                               0x000798e5   Thumb Code   610  system_nrf52.o(i.SystemInit)
    __scatterload_copy                       0x00079b81   Thumb Code    14  handlers.o(i.__scatterload_copy)
    __scatterload_null                       0x00079b8f   Thumb Code     2  handlers.o(i.__scatterload_null)
    __scatterload_zeroinit                   0x00079b91   Thumb Code    14  handlers.o(i.__scatterload_zeroinit)
    app_error_fault_handler                  0x00079c95   Thumb Code     4  main.o(i.app_error_fault_handler)
    app_error_handler_bare                   0x00079c99   Thumb Code     4  main.o(i.app_error_handler_bare)
    app_sched_event_put                      0x00079c9d   Thumb Code   154  app_scheduler.o(i.app_sched_event_put)
    app_sched_execute                        0x00079d3d   Thumb Code    58  app_scheduler.o(i.app_sched_execute)
    app_sched_init                           0x00079d7d   Thumb Code    40  app_scheduler.o(i.app_sched_init)
    app_timer_create                         0x00079da9   Thumb Code    32  app_timer.o(i.app_timer_create)
    app_timer_evt_schedule                   0x00079de5   Thumb Code    18  app_timer_appsh.o(i.app_timer_evt_schedule)
    app_timer_init                           0x00079dfd   Thumb Code   102  app_timer.o(i.app_timer_init)
    app_timer_start                          0x00079e6d   Thumb Code   128  app_timer.o(i.app_timer_start)
    app_timer_stop                           0x00079ef5   Thumb Code    26  app_timer.o(i.app_timer_stop)
    app_util_critical_region_enter           0x00079f15   Thumb Code    64  app_util_platform.o(i.app_util_critical_region_enter)
    app_util_critical_region_exit            0x00079f5d   Thumb Code    46  app_util_platform.o(i.app_util_critical_region_exit)
    ble_conn_params_init                     0x00079f91   Thumb Code    72  ble_conn_params.o(i.ble_conn_params_init)
    ble_conn_params_on_ble_evt               0x00079fe9   Thumb Code   120  ble_conn_params.o(i.ble_conn_params_on_ble_evt)
    ble_conn_params_stop                     0x0007a06d   Thumb Code     8  ble_conn_params.o(i.ble_conn_params_stop)
    ble_dfu_init                             0x0007a079   Thumb Code    98  nrf_ble_dfu.o(i.ble_dfu_init)
    ble_dfu_transport_close                  0x0007a0e5   Thumb Code    82  nrf_ble_dfu.o(i.ble_dfu_transport_close)
    ble_dfu_transport_init                   0x0007a141   Thumb Code   186  nrf_ble_dfu.o(i.ble_dfu_transport_init)
    ble_srv_is_notification_enabled          0x0007a227   Thumb Code     8  ble_srv_common.o(i.ble_srv_is_notification_enabled)
    bsp_board_led_off                        0x0007a231   Thumb Code    10  boards.o(i.bsp_board_led_off)
    bsp_board_led_on                         0x0007a241   Thumb Code    10  boards.o(i.bsp_board_led_on)
    bsp_board_leds_init                      0x0007a251   Thumb Code    38  boards.o(i.bsp_board_leds_init)
    bsp_board_leds_off                       0x0007a27d   Thumb Code    18  boards.o(i.bsp_board_leds_off)
    crc32_compute                            0x0007a3d9   Thumb Code    54  crc32.o(i.crc32_compute)
    ecc_p256_verify                          0x0007a8b5   Thumb Code    74  ecc.o(i.ecc_p256_verify)
    fs_erase                                 0x0007a941   Thumb Code   110  fstorage.o(i.fs_erase)
    fs_fake_init                             0x0007a9dd   Thumb Code    14  fstorage.o(i.fs_fake_init)
    fs_queue_is_full                         0x0007a9f1   Thumb Code    16  fstorage.o(i.fs_queue_is_full)
    fs_store                                 0x0007aa05   Thumb Code   124  fstorage.o(i.fs_store)
    fs_sys_event_handler                     0x0007aa85   Thumb Code    96  fstorage.o(i.fs_sys_event_handler)
    intern_softdevice_events_execute         0x0007ab59   Thumb Code   118  softdevice_handler.o(i.intern_softdevice_events_execute)
    main                                     0x0007ad8d   Thumb Code    44  main.o(i.main)
    nrf_bootloader_app_start                 0x0007adc1   Thumb Code    42  nrf_bootloader_app_start.o(i.nrf_bootloader_app_start)
    nrf_bootloader_init                      0x0007adeb   Thumb Code     8  nrf_bootloader.o(i.nrf_bootloader_init)
    nrf_crypto_hash_compute                  0x0007adf3   Thumb Code    76  nrf_crypto.o(i.nrf_crypto_hash_compute)
    nrf_crypto_verify                        0x0007ae3f   Thumb Code    46  nrf_crypto.o(i.nrf_crypto_verify)
    nrf_dfu_app_is_valid                     0x0007b0b9   Thumb Code    42  nrf_dfu_utils.o(i.nrf_dfu_app_is_valid)
    nrf_dfu_continue                         0x0007b23d   Thumb Code    46  nrf_dfu_utils.o(i.nrf_dfu_continue)
    nrf_dfu_enter_check                      0x0007b551   Thumb Code    50  nrf_dfu.o(i.nrf_dfu_enter_check)
    nrf_dfu_find_cache                       0x0007b589   Thumb Code   102  nrf_dfu_utils.o(i.nrf_dfu_find_cache)
    nrf_dfu_flash_erase                      0x0007b5f5   Thumb Code   140  nrf_dfu_flash.o(i.nrf_dfu_flash_erase)
    nrf_dfu_flash_init                       0x0007b68d   Thumb Code    36  nrf_dfu_flash.o(i.nrf_dfu_flash_init)
    nrf_dfu_flash_store                      0x0007b6b9   Thumb Code   132  nrf_dfu_flash.o(i.nrf_dfu_flash_store)
    nrf_dfu_init                             0x0007b745   Thumb Code   118  nrf_dfu.o(i.nrf_dfu_init)
    nrf_dfu_mbr_compare                      0x0007b7dd   Thumb Code    24  nrf_dfu_mbr.o(i.nrf_dfu_mbr_compare)
    nrf_dfu_mbr_copy_bl                      0x0007b7f9   Thumb Code    22  nrf_dfu_mbr.o(i.nrf_dfu_mbr_copy_bl)
    nrf_dfu_mbr_copy_sd                      0x0007b811   Thumb Code    32  nrf_dfu_mbr.o(i.nrf_dfu_mbr_copy_sd)
    nrf_dfu_mbr_init_sd                      0x0007b835   Thumb Code    18  nrf_dfu_mbr.o(i.nrf_dfu_mbr_init_sd)
    nrf_dfu_req_handler_init                 0x0007b945   Thumb Code    70  dfu_req_handling.o(i.nrf_dfu_req_handler_init)
    nrf_dfu_req_handler_on_req               0x0007b995   Thumb Code    58  dfu_req_handling.o(i.nrf_dfu_req_handler_on_req)
    nrf_dfu_settings_calculate_crc           0x0007ba51   Thumb Code    10  nrf_dfu_settings.o(i.nrf_dfu_settings_calculate_crc)
    nrf_dfu_settings_init                    0x0007ba61   Thumb Code    72  nrf_dfu_settings.o(i.nrf_dfu_settings_init)
    nrf_dfu_settings_write                   0x0007bab5   Thumb Code    98  nrf_dfu_settings.o(i.nrf_dfu_settings_write)
    nrf_dfu_transports_close                 0x0007bb2d   Thumb Code    36  nrf_dfu_transport.o(i.nrf_dfu_transports_close)
    nrf_dfu_transports_init                  0x0007bb59   Thumb Code    34  nrf_dfu_transport.o(i.nrf_dfu_transports_init)
    nrf_dfu_wait                             0x0007bb85   Thumb Code     4  nrf_dfu.o(i.nrf_dfu_wait)
    nrf_nvmc_page_erase                      0x0007bbf5   Thumb Code    38  nrf_nvmc.o(i.nrf_nvmc_page_erase)
    nrf_nvmc_write_words                     0x0007bc25   Thumb Code    52  nrf_nvmc.o(i.nrf_nvmc_write_words)
    nrf_queue_is_full                        0x0007bc61   Thumb Code    30  nrf_queue.o(i.nrf_queue_is_full)
    nrf_queue_push                           0x0007bc8d   Thumb Code   178  nrf_queue.o(i.nrf_queue_push)
    pb_decode                                0x0007c265   Thumb Code    30  pb_decode.o(i.pb_decode)
    pb_decode_fixed32                        0x0007c283   Thumb Code    32  pb_decode.o(i.pb_decode_fixed32)
    pb_decode_fixed64                        0x0007c2a3   Thumb Code    92  pb_decode.o(i.pb_decode_fixed64)
    pb_decode_noinit                         0x0007c301   Thumb Code   390  pb_decode.o(i.pb_decode_noinit)
    pb_decode_svarint                        0x0007c487   Thumb Code    58  pb_decode.o(i.pb_decode_svarint)
    pb_decode_tag                            0x0007c4c1   Thumb Code    66  pb_decode.o(i.pb_decode_tag)
    pb_decode_varint                         0x0007c503   Thumb Code    74  pb_decode.o(i.pb_decode_varint)
    pb_field_iter_begin                      0x0007c5bd   Thumb Code    34  pb_common.o(i.pb_field_iter_begin)
    pb_field_iter_find                       0x0007c5df   Thumb Code    46  pb_common.o(i.pb_field_iter_find)
    pb_field_iter_next                       0x0007c60d   Thumb Code   128  pb_common.o(i.pb_field_iter_next)
    pb_istream_from_buffer                   0x0007c731   Thumb Code    14  pb_decode.o(i.pb_istream_from_buffer)
    pb_make_string_substream                 0x0007c745   Thumb Code    54  pb_decode.o(i.pb_make_string_substream)
    pb_read                                  0x0007c7a1   Thumb Code    84  pb_decode.o(i.pb_read)
    pb_skip_field                            0x0007c819   Thumb Code    90  pb_decode.o(i.pb_skip_field)
    sha256_final                             0x0007cc09   Thumb Code   272  sha256.o(i.sha256_final)
    sha256_init                              0x0007cd19   Thumb Code    50  sha256.o(i.sha256_init)
    sha256_transform                         0x0007cd6d   Thumb Code   294  sha256.o(i.sha256_transform)
    sha256_update                            0x0007ce99   Thumb Code    84  sha256.o(i.sha256_update)
    softdevice_ble_evt_handler_set           0x0007ceed   Thumb Code    14  softdevice_handler.o(i.softdevice_ble_evt_handler_set)
    softdevice_enable                        0x0007cf01   Thumb Code    14  softdevice_handler.o(i.softdevice_enable)
    softdevice_enable_get_default_config     0x0007cf15   Thumb Code    38  softdevice_handler.o(i.softdevice_enable_get_default_config)
    softdevice_evt_get                       0x0007cf3b   Thumb Code    18  softdevice_handler_appsh.o(i.softdevice_evt_get)
    softdevice_evt_schedule                  0x0007cf4d   Thumb Code    10  softdevice_handler_appsh.o(i.softdevice_evt_schedule)
    softdevice_fault_handler                 0x0007cf5d   Thumb Code     4  softdevice_handler.o(i.softdevice_fault_handler)
    softdevice_handler_init                  0x0007cf61   Thumb Code    88  softdevice_handler.o(i.softdevice_handler_init)
    softdevice_handler_is_enabled            0x0007cfc1   Thumb Code     6  softdevice_handler.o(i.softdevice_handler_is_enabled)
    softdevice_sys_evt_handler_set           0x0007cfcd   Thumb Code    14  softdevice_handler.o(i.softdevice_sys_evt_handler_set)
    dfu_init_command_is_debug_default        0x0007d22a   Data           1  dfu-cc.pb.o(.constdata)
    dfu_hash_fields                          0x0007d22c   Data          36  dfu-cc.pb.o(.constdata)
    dfu_init_command_fields                  0x0007d250   Data         120  dfu-cc.pb.o(.constdata)
    dfu_reset_command_fields                 0x0007d2c8   Data          24  dfu-cc.pb.o(.constdata)
    dfu_command_fields                       0x0007d2e0   Data          48  dfu-cc.pb.o(.constdata)
    dfu_signed_command_fields                0x0007d310   Data          48  dfu-cc.pb.o(.constdata)
    dfu_packet_fields                        0x0007d340   Data          36  dfu-cc.pb.o(.constdata)
    pk                                       0x0007d364   Data          64  dfu_public_key.o(.constdata)
    Region$$Table$$Base                      0x0007d608   Number         0  anon$$obj.o(Region$$Table)
    Region$$Table$$Limit                     0x0007d628   Number         0  anon$$obj.o(Region$$Table)
    dfu_trans$$Base                          0x0007d628   Number         0  nrf_ble_dfu.o(dfu_trans)
    dfu_trans$$Limit                         0x0007d630   Number         0  nrf_ble_dfu.o(dfu_trans)
    m_dfu_settings_buffer                    0x0007f000   Data        4096  nrf_dfu_settings.o(.ARM.__AT_0x0007F000)
    m_uicr_bootloader_start_address          0x10001014   Data           4  nrf_bootloader_info.o(.ARM.__AT_0x10001014)
    Image$$RW_IRAM1$$Base                    0x20002c00   Number         0  anon$$obj.o ABSOLUTE
    SystemCoreClock                          0x20002c98   Data           4  system_nrf52.o(.data)
    fs_data$$Base                            0x20002c9c   Number         0  nrf_dfu_flash.o(fs_data)
    fs_data$$Limit                           0x20002cac   Number         0  nrf_dfu_flash.o(fs_data)
    s_dfu_settings                           0x2000361c   Data         348  nrf_dfu_settings.o(.bss)
    nrf_nvic_state                           0x200037a8   Data          12  app_util_platform.o(.bss)
    __initial_sp                             0x20005820   Data           0  arm_startup_nrf52.o(STACK)



==============================================================================

Memory Map of the image

  Image Entry point : 0x00078401

  Load Region LR_IROM1 (Base: 0x00078000, Size: 0x000056dc, Max: 0x00006000, ABSOLUTE)

    Execution Region ER_IROM1 (Base: 0x00078000, Size: 0x00005630, Max: 0x00006000, ABSOLUTE)

    Base Addr    Size         Type   Attr      Idx    E Section Name        Object

    0x00078000   0x00000400   Data   RO         2815    RESET               arm_startup_nrf52.o
    0x00078400   0x00000000   Code   RO         2965  * .ARM.Collect$$$$00000000  mc_w.l(entry.o)
    0x00078400   0x00000004   Code   RO         2982    .ARM.Collect$$$$00000001  mc_w.l(entry2.o)
    0x00078404   0x00000004   Code   RO         2985    .ARM.Collect$$$$00000004  mc_w.l(entry5.o)
    0x00078408   0x00000000   Code   RO         2987    .ARM.Collect$$$$00000008  mc_w.l(entry7b.o)
    0x00078408   0x00000000   Code   RO         2989    .ARM.Collect$$$$0000000A  mc_w.l(entry8b.o)
    0x00078408   0x00000008   Code   RO         2990    .ARM.Collect$$$$0000000B  mc_w.l(entry9a.o)
    0x00078410   0x00000000   Code   RO         2992    .ARM.Collect$$$$0000000D  mc_w.l(entry10a.o)
    0x00078410   0x00000000   Code   RO         2994    .ARM.Collect$$$$0000000F  mc_w.l(entry11a.o)
    0x00078410   0x00000004   Code   RO         2983    .ARM.Collect$$$$00002712  mc_w.l(entry2.o)
    0x00078414   0x00000034   Code   RO          986    .emb_text           nrf_bootloader_app_start.o
    0x00078448   0x00000024   Code   RO         2816    .text               arm_startup_nrf52.o
    0x0007846c   0x0000001e   Code   RO         2968    .text               mc_w.l(llshl.o)
    0x0007848a   0x00000024   Code   RO         2970    .text               mc_w.l(memcpya.o)
    0x000784ae   0x00000024   Code   RO         2974    .text               mc_w.l(memseta.o)
    0x000784d2   0x0000001a   Code   RO         2978    .text               mc_w.l(memcmp.o)
    0x000784ec   0x00000024   Code   RO         2996    .text               mc_w.l(init.o)
    0x00078510   0x000000ca   Code   RO         2903    .text.XYcZ_add      micro_ecc_lib_nrf52.lib(micro_ecc_lib_uECC.c.o)
    0x000785da   0x0000003e   Code   RO         2904    .text.apply_z       micro_ecc_lib_nrf52.lib(micro_ecc_lib_uECC.c.o)
    0x00078618   0x00000014   Code   RO         2859    .text.bcopy         micro_ecc_lib_nrf52.lib(micro_ecc_lib_uECC.c.o)
    0x0007862c   0x0000008a   Code   RO         2876    .text.bits2int      micro_ecc_lib_nrf52.lib(micro_ecc_lib_uECC.c.o)
    0x000786b6   0x00000156   Code   RO         2899    .text.double_jacobian_default  micro_ecc_lib_nrf52.lib(micro_ecc_lib_uECC.c.o)
    0x0007880c   0x00000008   Code   RO         2911    .text.uECC_secp256r1  micro_ecc_lib_nrf52.lib(micro_ecc_lib_uECC.c.o)
    0x00078814   0x000002c4   Code   RO         2924    .text.uECC_verify   micro_ecc_lib_nrf52.lib(micro_ecc_lib_uECC.c.o)
    0x00078ad8   0x00000008   PAD
    0x00078ae0   0x0000005c   Code   RO         2865    .text.uECC_vli_add  micro_ecc_lib_nrf52.lib(micro_ecc_lib_uECC.c.o)
    0x00078b3c   0x00000016   Code   RO         2874    .text.uECC_vli_clear  micro_ecc_lib_nrf52.lib(micro_ecc_lib_uECC.c.o)
    0x00078b52   0x00000028   Code   RO         2860    .text.uECC_vli_cmp_unsafe  micro_ecc_lib_nrf52.lib(micro_ecc_lib_uECC.c.o)
    0x00078b7a   0x00000028   Code   RO         2885    .text.uECC_vli_equal  micro_ecc_lib_nrf52.lib(micro_ecc_lib_uECC.c.o)
    0x00078ba2   0x0000001e   Code   RO         2877    .text.uECC_vli_isZero  micro_ecc_lib_nrf52.lib(micro_ecc_lib_uECC.c.o)
    0x00078bc0   0x0000013c   Code   RO         2893    .text.uECC_vli_mmod  micro_ecc_lib_nrf52.lib(micro_ecc_lib_uECC.c.o)
    0x00078cfc   0x00000032   Code   RO         2891    .text.uECC_vli_modAdd  micro_ecc_lib_nrf52.lib(micro_ecc_lib_uECC.c.o)
    0x00078d2e   0x0000010c   Code   RO         2905    .text.uECC_vli_modInv  micro_ecc_lib_nrf52.lib(micro_ecc_lib_uECC.c.o)
    0x00078e3a   0x00000024   Code   RO         2894    .text.uECC_vli_modMult  micro_ecc_lib_nrf52.lib(micro_ecc_lib_uECC.c.o)
    0x00078e5e   0x00000020   Code   RO         2895    .text.uECC_vli_modMult_fast  micro_ecc_lib_nrf52.lib(micro_ecc_lib_uECC.c.o)
    0x00078e7e   0x00000020   Code   RO         2897    .text.uECC_vli_modSquare_fast  micro_ecc_lib_nrf52.lib(micro_ecc_lib_uECC.c.o)
    0x00078e9e   0x00000024   Code   RO         2892    .text.uECC_vli_modSub  micro_ecc_lib_nrf52.lib(micro_ecc_lib_uECC.c.o)
    0x00078ec2   0x00000312   Code   RO         2868    .text.uECC_vli_mult  micro_ecc_lib_nrf52.lib(micro_ecc_lib_uECC.c.o)
    0x000791d4   0x0000003a   Code   RO         2880    .text.uECC_vli_numBits  micro_ecc_lib_nrf52.lib(micro_ecc_lib_uECC.c.o)
    0x0007920e   0x0000001c   Code   RO         2887    .text.uECC_vli_rshift1  micro_ecc_lib_nrf52.lib(micro_ecc_lib_uECC.c.o)
    0x0007922a   0x00000018   Code   RO         2881    .text.uECC_vli_set  micro_ecc_lib_nrf52.lib(micro_ecc_lib_uECC.c.o)
    0x00079242   0x0000028c   Code   RO         2869    .text.uECC_vli_square  micro_ecc_lib_nrf52.lib(micro_ecc_lib_uECC.c.o)
    0x000794ce   0x00000002   PAD
    0x000794d0   0x00000060   Code   RO         2867    .text.uECC_vli_sub  micro_ecc_lib_nrf52.lib(micro_ecc_lib_uECC.c.o)
    0x00079530   0x00000014   Code   RO         2878    .text.uECC_vli_testBit  micro_ecc_lib_nrf52.lib(micro_ecc_lib_uECC.c.o)
    0x00079544   0x000001ac   Code   RO         2884    .text.vli_mmod_fast_secp256r1  micro_ecc_lib_nrf52.lib(micro_ecc_lib_uECC.c.o)
    0x000796f0   0x00000038   Code   RO         2888    .text.vli_modInv_update  micro_ecc_lib_nrf52.lib(micro_ecc_lib_uECC.c.o)
    0x00079728   0x0000005a   Code   RO         2898    .text.x_side_default  micro_ecc_lib_nrf52.lib(micro_ecc_lib_uECC.c.o)
    0x00079782   0x00000016   Code   RO         1661    i.NVIC_ClearPendingIRQ  app_timer.o
    0x00079798   0x00000016   Code   RO         2444    i.NVIC_DisableIRQ   softdevice_handler.o
    0x000797ae   0x00000016   Code   RO         1662    i.NVIC_EnableIRQ    app_timer.o
    0x000797c4   0x00000016   Code   RO         2445    i.NVIC_EnableIRQ    softdevice_handler.o
    0x000797da   0x00000016   Code   RO         1663    i.NVIC_SetPendingIRQ  app_timer.o
    0x000797f0   0x00000020   Code   RO         1664    i.NVIC_SetPriority  app_timer.o
    0x00079810   0x00000024   Code   RO          323    i.NVIC_SystemReset  main.o
    0x00079834   0x00000064   Code   RO         1425    i.RNG_IRQHandler    nrf_drv_rng.o
    0x00079898   0x00000024   Code   RO         1665    i.RTC1_IRQHandler   app_timer.o
    0x000798bc   0x00000004   Code   RO         1666    i.SWI0_EGU0_IRQHandler  app_timer.o
    0x000798c0   0x00000024   Code   RO         2446    i.SWI2_EGU2_IRQHandler  softdevice_handler.o
    0x000798e4   0x0000029c   Code   RO         2824    i.SystemInit        system_nrf52.o
    0x00079b80   0x0000000e   Code   RO         3000    i.__scatterload_copy  mc_w.l(handlers.o)
    0x00079b8e   0x00000002   Code   RO         3001    i.__scatterload_null  mc_w.l(handlers.o)
    0x00079b90   0x0000000e   Code   RO         3002    i.__scatterload_zeroinit  mc_w.l(handlers.o)
    0x00079b9e   0x00000002   PAD
    0x00079ba0   0x00000024   Code   RO         2447    i.__sd_nvic_app_accessible_irq  softdevice_handler.o
    0x00079bc4   0x00000070   Code   RO          777    i.advertising_init  nrf_ble_dfu.o
    0x00079c34   0x00000060   Code   RO          778    i.advertising_start  nrf_ble_dfu.o
    0x00079c94   0x00000004   Code   RO          324    i.app_error_fault_handler  main.o
    0x00079c98   0x00000004   Code   RO          325    i.app_error_handler_bare  main.o
    0x00079c9c   0x000000a0   Code   RO         1610    i.app_sched_event_put  app_scheduler.o
    0x00079d3c   0x00000040   Code   RO         1611    i.app_sched_execute  app_scheduler.o
    0x00079d7c   0x0000002c   Code   RO         1612    i.app_sched_init    app_scheduler.o
    0x00079da8   0x00000024   Code   RO         1669    i.app_timer_create  app_timer.o
    0x00079dcc   0x00000018   Code   RO         1817    i.app_timer_evt_get  app_timer_appsh.o
    0x00079de4   0x00000018   Code   RO         1818    i.app_timer_evt_schedule  app_timer_appsh.o
    0x00079dfc   0x00000070   Code   RO         1670    i.app_timer_init    app_timer.o
    0x00079e6c   0x00000088   Code   RO         1671    i.app_timer_start   app_timer.o
    0x00079ef4   0x00000020   Code   RO         1672    i.app_timer_stop    app_timer.o
    0x00079f14   0x00000048   Code   RO         1846    i.app_util_critical_region_enter  app_util_platform.o
    0x00079f5c   0x00000034   Code   RO         1847    i.app_util_critical_region_exit  app_util_platform.o
    0x00079f90   0x00000058   Code   RO          637    i.ble_conn_params_init  ble_conn_params.o
    0x00079fe8   0x00000084   Code   RO          638    i.ble_conn_params_on_ble_evt  ble_conn_params.o
    0x0007a06c   0x0000000c   Code   RO          639    i.ble_conn_params_stop  ble_conn_params.o
    0x0007a078   0x0000006c   Code   RO          779    i.ble_dfu_init      nrf_ble_dfu.o
    0x0007a0e4   0x0000005c   Code   RO          780    i.ble_dfu_transport_close  nrf_ble_dfu.o
    0x0007a140   0x000000d4   Code   RO          781    i.ble_dfu_transport_init  nrf_ble_dfu.o
    0x0007a214   0x00000012   Code   RO          782    i.ble_evt_dispatch  nrf_ble_dfu.o
    0x0007a226   0x00000008   Code   RO          716    i.ble_srv_is_notification_enabled  ble_srv_common.o
    0x0007a22e   0x00000002   PAD
    0x0007a230   0x00000010   Code   RO          418    i.bsp_board_led_off  boards.o
    0x0007a240   0x00000010   Code   RO          419    i.bsp_board_led_on  boards.o
    0x0007a250   0x0000002c   Code   RO          421    i.bsp_board_leds_init  boards.o
    0x0007a27c   0x00000012   Code   RO          422    i.bsp_board_leds_off  boards.o
    0x0007a28e   0x0000001c   Code   RO         2640    i.buf_read          pb_decode.o
    0x0007a2aa   0x00000002   PAD
    0x0007a2ac   0x00000020   Code   RO         2028    i.check_config      fstorage.o
    0x0007a2cc   0x000000ac   Code   RO         1674    i.compare_reg_update  app_timer.o
    0x0007a378   0x00000004   Code   RO          783    i.conn_params_error_handler  nrf_ble_dfu.o
    0x0007a37c   0x0000005c   Code   RO          640    i.conn_params_negotiation  ble_conn_params.o
    0x0007a3d8   0x0000003c   Code   RO         1931    i.crc32_compute     crc32.o
    0x0007a414   0x0000007e   Code   RO         2641    i.decode_callback_field  pb_decode.o
    0x0007a492   0x0000001a   Code   RO         2642    i.decode_field      pb_decode.o
    0x0007a4ac   0x000000e0   Code   RO         2643    i.decode_static_field  pb_decode.o
    0x0007a58c   0x00000014   Code   RO         1222    i.delay_operation   nrf_dfu_settings.o
    0x0007a5a0   0x00000084   Code   RO          784    i.dfu_ctrl_pt_add   nrf_ble_dfu.o
    0x0007a624   0x00000010   Code   RO           51    i.dfu_data_write_handler  dfu_req_handling.o
    0x0007a634   0x00000054   Code   RO           52    i.dfu_decode_commmand  dfu_req_handling.o
    0x0007a688   0x00000190   Code   RO           53    i.dfu_handle_prevalidate  dfu_req_handling.o
    0x0007a818   0x00000082   Code   RO          785    i.dfu_pkt_char_add  nrf_ble_dfu.o
    0x0007a89a   0x00000002   PAD
    0x0007a89c   0x00000018   Code   RO         1223    i.dfu_settings_write_callback  nrf_dfu_settings.o
    0x0007a8b4   0x0000004a   Code   RO         1960    i.ecc_p256_verify   ecc.o
    0x0007a8fe   0x00000002   PAD
    0x0007a900   0x00000040   Code   RO         1675    i.elapsed_ticks_acquire  app_timer.o
    0x0007a940   0x00000074   Code   RO         2029    i.fs_erase          fstorage.o
    0x0007a9b4   0x00000028   Code   RO         1101    i.fs_evt_handler    nrf_dfu_flash.o
    0x0007a9dc   0x00000014   Code   RO         2030    i.fs_fake_init      fstorage.o
    0x0007a9f0   0x00000014   Code   RO         2033    i.fs_queue_is_full  fstorage.o
    0x0007aa04   0x00000080   Code   RO         2035    i.fs_store          fstorage.o
    0x0007aa84   0x00000068   Code   RO         2036    i.fs_sys_event_handler  fstorage.o
    0x0007aaec   0x0000006c   Code   RO          786    i.gap_params_init   nrf_ble_dfu.o
    0x0007ab58   0x0000007c   Code   RO         2448    i.intern_softdevice_events_execute  softdevice_handler.o
    0x0007abd4   0x0000001c   Code   RO          641    i.is_conn_params_ok  ble_conn_params.o
    0x0007abf0   0x0000000c   Code   RO         1962    i.is_word_aligned   ecc.o
    0x0007abfc   0x0000002e   Code   RO         2644    i.iter_from_extension  pb_decode.o
    0x0007ac2a   0x00000002   PAD
    0x0007ac2c   0x000000a8   Code   RO         1676    i.list_deletions_handler  app_timer.o
    0x0007acd4   0x000000b8   Code   RO         1677    i.list_insertions_handler  app_timer.o
    0x0007ad8c   0x00000034   Code   RO          326    i.main              main.o
    0x0007adc0   0x0000002a   Code   RO          987    i.nrf_bootloader_app_start  nrf_bootloader_app_start.o
    0x0007adea   0x00000008   Code   RO          950    i.nrf_bootloader_init  nrf_bootloader.o
    0x0007adf2   0x0000004c   Code   RO         2235    i.nrf_crypto_hash_compute  nrf_crypto.o
    0x0007ae3e   0x0000002e   Code   RO         2240    i.nrf_crypto_verify  nrf_crypto.o
    0x0007ae6c   0x0000008c   Code   RO          787    i.nrf_delay_us      nrf_ble_dfu.o
    0x0007aef8   0x0000008c   Code   RO         1224    i.nrf_delay_us      nrf_dfu_settings.o
    0x0007af84   0x0000008c   Code   RO         1678    i.nrf_delay_us      app_timer.o
    0x0007b010   0x000000a8   Code   RO         1326    i.nrf_dfu_app_continue  nrf_dfu_utils.o
    0x0007b0b8   0x00000030   Code   RO         1327    i.nrf_dfu_app_is_valid  nrf_dfu_utils.o
    0x0007b0e8   0x00000040   Code   RO         1328    i.nrf_dfu_bl_continue  nrf_dfu_utils.o
    0x0007b128   0x00000114   Code   RO           54    i.nrf_dfu_command_req  dfu_req_handling.o
    0x0007b23c   0x00000034   Code   RO         1329    i.nrf_dfu_continue  nrf_dfu_utils.o
    0x0007b270   0x00000074   Code   RO         1330    i.nrf_dfu_continue_bank  nrf_dfu_utils.o
    0x0007b2e4   0x0000026c   Code   RO           55    i.nrf_dfu_data_req  dfu_req_handling.o
    0x0007b550   0x00000038   Code   RO         1035    i.nrf_dfu_enter_check  nrf_dfu.o
    0x0007b588   0x0000006c   Code   RO         1331    i.nrf_dfu_find_cache  nrf_dfu_utils.o
    0x0007b5f4   0x00000098   Code   RO         1102    i.nrf_dfu_flash_erase  nrf_dfu_flash.o
    0x0007b68c   0x0000002c   Code   RO         1104    i.nrf_dfu_flash_init  nrf_dfu_flash.o
    0x0007b6b8   0x0000008c   Code   RO         1105    i.nrf_dfu_flash_store  nrf_dfu_flash.o
    0x0007b744   0x00000080   Code   RO         1036    i.nrf_dfu_init      nrf_dfu.o
    0x0007b7c4   0x00000018   Code   RO         1332    i.nrf_dfu_invalidate_bank  nrf_dfu_utils.o
    0x0007b7dc   0x0000001c   Code   RO         1170    i.nrf_dfu_mbr_compare  nrf_dfu_mbr.o
    0x0007b7f8   0x00000016   Code   RO         1171    i.nrf_dfu_mbr_copy_bl  nrf_dfu_mbr.o
    0x0007b80e   0x00000002   PAD
    0x0007b810   0x00000024   Code   RO         1172    i.nrf_dfu_mbr_copy_sd  nrf_dfu_mbr.o
    0x0007b834   0x00000018   Code   RO         1173    i.nrf_dfu_mbr_init_sd  nrf_dfu_mbr.o
    0x0007b84c   0x000000f8   Code   RO           56    i.nrf_dfu_postvalidate  dfu_req_handling.o
    0x0007b944   0x00000050   Code   RO           57    i.nrf_dfu_req_handler_init  dfu_req_handling.o
    0x0007b994   0x00000040   Code   RO           58    i.nrf_dfu_req_handler_on_req  dfu_req_handling.o
    0x0007b9d4   0x0000007c   Code   RO         1333    i.nrf_dfu_sd_continue_impl  nrf_dfu_utils.o
    0x0007ba50   0x00000010   Code   RO         1225    i.nrf_dfu_settings_calculate_crc  nrf_dfu_settings.o
    0x0007ba60   0x00000054   Code   RO         1226    i.nrf_dfu_settings_init  nrf_dfu_settings.o
    0x0007bab4   0x00000078   Code   RO         1227    i.nrf_dfu_settings_write  nrf_dfu_settings.o
    0x0007bb2c   0x0000002c   Code   RO         1292    i.nrf_dfu_transports_close  nrf_dfu_transport.o
    0x0007bb58   0x0000002c   Code   RO         1293    i.nrf_dfu_transports_init  nrf_dfu_transport.o
    0x0007bb84   0x00000004   Code   RO         1037    i.nrf_dfu_wait      nrf_dfu.o
    0x0007bb88   0x00000014   Code   RO         1433    i.nrf_drv_rng_stop  nrf_drv_rng.o
    0x0007bb9c   0x00000024   Code   RO          426    i.nrf_gpio_cfg      boards.o
    0x0007bbc0   0x00000010   Code   RO          788    i.nrf_gpio_cfg_output  nrf_ble_dfu.o
    0x0007bbd0   0x0000000e   Code   RO          789    i.nrf_gpio_pin_set  nrf_ble_dfu.o
    0x0007bbde   0x00000016   Code   RO          427    i.nrf_gpio_pin_write  boards.o
    0x0007bbf4   0x00000030   Code   RO         1532    i.nrf_nvmc_page_erase  nrf_nvmc.o
    0x0007bc24   0x0000003c   Code   RO         1536    i.nrf_nvmc_write_words  nrf_nvmc.o
    0x0007bc60   0x0000001e   Code   RO         2295    i.nrf_queue_is_full  nrf_queue.o
    0x0007bc7e   0x0000000e   Code   RO         2296    i.nrf_queue_next_idx  nrf_queue.o
    0x0007bc8c   0x000000b2   Code   RO         2298    i.nrf_queue_push    nrf_queue.o
    0x0007bd3e   0x00000002   PAD
    0x0007bd40   0x000000e8   Code   RO          790    i.on_ble_evt        nrf_ble_dfu.o
    0x0007be28   0x000000f8   Code   RO          791    i.on_ctrl_pt_write  nrf_ble_dfu.o
    0x0007bf20   0x00000028   Code   RO           59    i.on_dfu_complete   dfu_req_handling.o
    0x0007bf48   0x00000054   Code   RO         2037    i.on_operation_success  fstorage.o
    0x0007bf9c   0x00000094   Code   RO          792    i.on_rw_authorize_req  nrf_ble_dfu.o
    0x0007c030   0x00000060   Code   RO          793    i.on_write          nrf_ble_dfu.o
    0x0007c090   0x00000040   Code   RO         2646    i.pb_dec_bytes      pb_decode.o
    0x0007c0d0   0x00000006   Code   RO         2647    i.pb_dec_fixed32    pb_decode.o
    0x0007c0d6   0x00000006   Code   RO         2648    i.pb_dec_fixed64    pb_decode.o
    0x0007c0dc   0x0000003e   Code   RO         2649    i.pb_dec_string     pb_decode.o
    0x0007c11a   0x00000040   Code   RO         2650    i.pb_dec_submessage  pb_decode.o
    0x0007c15a   0x00000058   Code   RO         2651    i.pb_dec_svarint    pb_decode.o
    0x0007c1b2   0x00000058   Code   RO         2652    i.pb_dec_uvarint    pb_decode.o
    0x0007c20a   0x0000005a   Code   RO         2653    i.pb_dec_varint     pb_decode.o
    0x0007c264   0x0000001e   Code   RO         2654    i.pb_decode         pb_decode.o
    0x0007c282   0x00000020   Code   RO         2656    i.pb_decode_fixed32  pb_decode.o
    0x0007c2a2   0x0000005c   Code   RO         2657    i.pb_decode_fixed64  pb_decode.o
    0x0007c2fe   0x00000002   PAD
    0x0007c300   0x00000186   Code   RO         2658    i.pb_decode_noinit  pb_decode.o
    0x0007c486   0x0000003a   Code   RO         2659    i.pb_decode_svarint  pb_decode.o
    0x0007c4c0   0x00000042   Code   RO         2660    i.pb_decode_tag     pb_decode.o
    0x0007c502   0x0000004a   Code   RO         2661    i.pb_decode_varint  pb_decode.o
    0x0007c54c   0x0000004c   Code   RO         2662    i.pb_decode_varint32  pb_decode.o
    0x0007c598   0x00000024   Code   RO           60    i.pb_decoding_callback  dfu_req_handling.o
    0x0007c5bc   0x00000022   Code   RO         2610    i.pb_field_iter_begin  pb_common.o
    0x0007c5de   0x0000002e   Code   RO         2611    i.pb_field_iter_find  pb_common.o
    0x0007c60c   0x00000080   Code   RO         2612    i.pb_field_iter_next  pb_common.o
    0x0007c68c   0x000000a4   Code   RO         2663    i.pb_field_set_to_default  pb_decode.o
    0x0007c730   0x00000014   Code   RO         2664    i.pb_istream_from_buffer  pb_decode.o
    0x0007c744   0x00000036   Code   RO         2665    i.pb_make_string_substream  pb_decode.o
    0x0007c77a   0x00000026   Code   RO         2666    i.pb_message_set_to_defaults  pb_decode.o
    0x0007c7a0   0x00000058   Code   RO         2667    i.pb_read           pb_decode.o
    0x0007c7f8   0x00000020   Code   RO         2668    i.pb_readbyte       pb_decode.o
    0x0007c818   0x0000005a   Code   RO         2669    i.pb_skip_field     pb_decode.o
    0x0007c872   0x00000002   PAD
    0x0007c874   0x0000002c   Code   RO         2038    i.queue_advance     fstorage.o
    0x0007c8a0   0x00000038   Code   RO         2039    i.queue_get_next_free  fstorage.o
    0x0007c8d8   0x00000070   Code   RO         2040    i.queue_process     fstorage.o
    0x0007c948   0x0000001c   Code   RO         2041    i.queue_start       fstorage.o
    0x0007c964   0x00000016   Code   RO         2304    i.queue_utilization_get  nrf_queue.o
    0x0007c97a   0x00000062   Code   RO         2670    i.read_raw_value    pb_decode.o
    0x0007c9dc   0x00000060   Code   RO          794    i.response_crc_cmd_send  nrf_ble_dfu.o
    0x0007ca3c   0x0000006c   Code   RO          795    i.response_select_object_cmd_send  nrf_ble_dfu.o
    0x0007caa8   0x00000040   Code   RO          796    i.response_send     nrf_ble_dfu.o
    0x0007cae8   0x0000003c   Code   RO         1679    i.rtc1_stop         app_timer.o
    0x0007cb24   0x00000070   Code   RO         2450    i.sd_nvic_EnableIRQ  softdevice_handler.o
    0x0007cb94   0x0000004c   Code   RO         2042    i.send_event        fstorage.o
    0x0007cbe0   0x00000028   Code   RO          797    i.send_hvx          nrf_ble_dfu.o
    0x0007cc08   0x00000110   Code   RO         2397    i.sha256_final      sha256.o
    0x0007cd18   0x00000054   Code   RO         2398    i.sha256_init       sha256.o
    0x0007cd6c   0x0000012c   Code   RO         2399    i.sha256_transform  sha256.o
    0x0007ce98   0x00000054   Code   RO         2400    i.sha256_update     sha256.o
    0x0007ceec   0x00000014   Code   RO         2451    i.softdevice_ble_evt_handler_set  softdevice_handler.o
    0x0007cf00   0x00000014   Code   RO         2452    i.softdevice_enable  softdevice_handler.o
    0x0007cf14   0x00000026   Code   RO         2453    i.softdevice_enable_get_default_config  softdevice_handler.o
    0x0007cf3a   0x00000012   Code   RO         2583    i.softdevice_evt_get  softdevice_handler_appsh.o
    0x0007cf4c   0x00000010   Code   RO         2584    i.softdevice_evt_schedule  softdevice_handler_appsh.o
    0x0007cf5c   0x00000004   Code   RO         2454    i.softdevice_fault_handler  softdevice_handler.o
    0x0007cf60   0x00000060   Code   RO         2455    i.softdevice_handler_init  softdevice_handler.o
    0x0007cfc0   0x0000000c   Code   RO         2456    i.softdevice_handler_is_enabled  softdevice_handler.o
    0x0007cfcc   0x00000014   Code   RO         2461    i.softdevice_sys_evt_handler_set  softdevice_handler.o
    0x0007cfe0   0x0000008c   Code   RO         1680    i.timer_list_handler  app_timer.o
    0x0007d06c   0x0000003c   Code   RO         1681    i.timer_list_insert  app_timer.o
    0x0007d0a8   0x00000048   Code   RO         1682    i.timer_stop_op_schedule  app_timer.o
    0x0007d0f0   0x00000084   Code   RO         1683    i.timer_timeouts_check  app_timer.o
    0x0007d174   0x00000012   Code   RO          798    i.uint32_encode     nrf_ble_dfu.o
    0x0007d186   0x00000002   PAD
    0x0007d188   0x00000060   Code   RO          642    i.update_timeout_handler  ble_conn_params.o
    0x0007d1e8   0x00000030   Code   RO         1684    i.user_op_alloc     app_timer.o
    0x0007d218   0x00000012   Code   RO         1228    i.wait_for_queue    nrf_dfu_settings.o
    0x0007d22a   0x00000001   Data   RO            1    .constdata          dfu-cc.pb.o
    0x0007d22b   0x00000001   PAD
    0x0007d22c   0x00000024   Data   RO            2    .constdata          dfu-cc.pb.o
    0x0007d250   0x00000078   Data   RO            3    .constdata          dfu-cc.pb.o
    0x0007d2c8   0x00000018   Data   RO            4    .constdata          dfu-cc.pb.o
    0x0007d2e0   0x00000030   Data   RO            5    .constdata          dfu-cc.pb.o
    0x0007d310   0x00000030   Data   RO            6    .constdata          dfu-cc.pb.o
    0x0007d340   0x00000024   Data   RO            7    .constdata          dfu-cc.pb.o
    0x0007d364   0x00000040   Data   RO           36    .constdata          dfu_public_key.o
    0x0007d3a4   0x00000008   Data   RO           62    .constdata          dfu_req_handling.o
    0x0007d3ac   0x00000008   Data   RO          428    .constdata          boards.o
    0x0007d3b4   0x00000004   Data   RO          645    .constdata          ble_conn_params.o
    0x0007d3b8   0x00000014   Data   RO          800    .constdata          nrf_ble_dfu.o
    0x0007d3cc   0x00000010   Data   RO         1107    .constdata          nrf_dfu_flash.o
    0x0007d3dc   0x00000040   Data   RO         1175    .constdata          nrf_dfu_mbr.o
    0x0007d41c   0x00000018   Data   RO         1437    .constdata          nrf_drv_rng.o
    0x0007d434   0x00000100   Data   RO         2401    .constdata          sha256.o
    0x0007d534   0x00000024   Data   RO         2671    .constdata          pb_decode.o
    0x0007d558   0x000000b0   Data   RO         2942    .rodata.curve_secp256r1  micro_ecc_lib_nrf52.lib(micro_ecc_lib_uECC.c.o)
    0x0007d608   0x00000020   Data   RO         2998    Region$$Table       anon$$obj.o
    0x0007d628   0x00000008   Data   RO          802    dfu_trans           nrf_ble_dfu.o


    Execution Region RW_IRAM1 (Base: 0x20002c00, Size: 0x00002c20, Max: 0x0000d380, ABSOLUTE)

    Base Addr    Size         Type   Attr      Idx    E Section Name        Object

    0x20002c00   0x00000024   Data   RW           63    .data               dfu_req_handling.o
    0x20002c24   0x00000014   Data   RW          646    .data               ble_conn_params.o
    0x20002c38   0x0000000c   Data   RW          801    .data               nrf_ble_dfu.o
    0x20002c44   0x00000004   Data   RW         1108    .data               nrf_dfu_flash.o
    0x20002c48   0x00000008   Data   RW         1231    .data               nrf_dfu_settings.o
    0x20002c50   0x00000010   Data   RW         1614    .data               app_scheduler.o
    0x20002c60   0x00000020   Data   RW         1685    .data               app_timer.o
    0x20002c80   0x00000002   Data   RW         2044    .data               fstorage.o
    0x20002c82   0x00000002   PAD
    0x20002c84   0x00000014   Data   RW         2462    .data               softdevice_handler.o
    0x20002c98   0x00000004   Data   RW         2825    .data               system_nrf52.o
    0x20002c9c   0x00000010   Data   RW         1109    fs_data             nrf_dfu_flash.o
    0x20002cac   0x0000059c   Zero   RW           61    .bss                dfu_req_handling.o
    0x20003248   0x00000020   Zero   RW          643    .bss                ble_conn_params.o
    0x20003268   0x0000001c   Zero   RW          644    .bss                ble_conn_params.o
    0x20003284   0x00000073   Zero   RW          799    .bss                nrf_ble_dfu.o
    0x200032f7   0x00000001   PAD
    0x200032f8   0x000001c8   Zero   RW         1038    .bss                nrf_dfu.o
    0x200034c0   0x000002b8   Zero   RW         1230    .bss                nrf_dfu_settings.o
    0x20003778   0x00000021   Zero   RW         1435    .bss                nrf_drv_rng.o
    0x20003799   0x00000003   PAD
    0x2000379c   0x0000000c   Zero   RW         1436    .bss                nrf_drv_rng.o
    0x200037a8   0x0000000c   Zero   RW         1850    .bss                app_util_platform.o
    0x200037b4   0x00000068   Zero   RW         2043    .bss                fstorage.o
    0x2000381c   0x00000004   PAD
    0x20003820   0x00002000   Zero   RW         2813    STACK               arm_startup_nrf52.o



  Load Region LR$$.ARM.__AT_0x0007F000 (Base: 0x0007f000, Size: 0x00000000, Max: 0x00001000, ABSOLUTE)

    Execution Region ER$$.ARM.__AT_0x0007F000 (Base: 0x0007f000, Size: 0x00001000, Max: 0x00001000, ABSOLUTE, UNINIT)

    Base Addr    Size         Type   Attr      Idx    E Section Name        Object

    0x0007f000   0x00001000   Zero   RW         1229    .ARM.__AT_0x0007F000  nrf_dfu_settings.o



  Load Region LR$$.ARM.__AT_0x10001014 (Base: 0x10001014, Size: 0x00000004, Max: 0x00000004, ABSOLUTE)

    Execution Region ER$$.ARM.__AT_0x10001014 (Base: 0x10001014, Size: 0x00000004, Max: 0x00000004, ABSOLUTE, UNINIT)

    Base Addr    Size         Type   Attr      Idx    E Section Name        Object

    0x10001014   0x00000004   Data   RW         1014    .ARM.__AT_0x10001014  nrf_bootloader_info.o


==============================================================================

Image component sizes


      Code (inc. data)   RO Data    RW Data    ZI Data      Debug   Object Name

       268         16          0         16          0      20515   app_scheduler.o
      1694        114          0         32          0      47871   app_timer.o
        48          6          0          0          0       2041   app_timer_appsh.o
       124         14          0          0         12       9354   app_util_platform.o
        36          8       1024          0       8192        904   arm_startup_nrf52.o
         0          0          0          0          0      41192   ble_advdata.o
       448         58          4         20         60      10419   ble_conn_params.o
         8          0          0          0          0       1382   ble_srv_common.o
       152         18          8          0          0       8334   boards.o
        60          6          0          0          0       1444   crc32.o
         0          0        313          0          0      13716   dfu-cc.pb.o
         0          0         64          0          0        701   dfu_public_key.o
      1864        154          8         36       1436      88571   dfu_req_handling.o
        86          0          0          0          0       3494   ecc.o
       820         68          0          2        104      11962   fstorage.o
        96         18          0          0          0       9422   main.o
      2232        136         28         12        115      46986   nrf_ble_dfu.o
         8          0          0          0          0        658   nrf_bootloader.o
        94          2          0          0          0       1411   nrf_bootloader_app_start.o
         0          0          0          4          0        346   nrf_bootloader_info.o
       122          0          0          0          0       3134   nrf_crypto.o
       188         16          0          0        456       9004   nrf_dfu.o
       376         34         16         20          0       9017   nrf_dfu_flash.o
       110         14         64          0          0       5212   nrf_dfu_mbr.o
       422         58          0          8       4792       6773   nrf_dfu_settings.o
        88         18          0          0          0       3304   nrf_dfu_transport.o
       704         46          0          0          0       8375   nrf_dfu_utils.o
       120         24         24          0         45      11913   nrf_drv_rng.o
       108         18          0          0          0       2009   nrf_nvmc.o
       244          0          0          0          0       8319   nrf_queue.o
       208          0          0          0          0      10620   pb_common.o
      2320         14         36          0          0      27462   pb_decode.o
       740         40        256          0          0       5064   sha256.o
       562         52          0         20          0      43336   softdevice_handler.o
        34          6          0          0          0       2115   softdevice_handler_appsh.o
       668         58          0          4          0       2663   system_nrf52.o

    ----------------------------------------------------------------------
     15072       1016       1878        176      15220     479043   Object Totals
         0          0         32          0          0          0   (incl. Generated)
        20          0          1          2          8          0   (incl. Padding)

    ----------------------------------------------------------------------

      Code (inc. data)   RO Data    RW Data    ZI Data      Debug   Library Member Name

         0          0          0          0          0          0   entry.o
         0          0          0          0          0          0   entry10a.o
         0          0          0          0          0          0   entry11a.o
         8          4          0          0          0          0   entry2.o
         4          0          0          0          0          0   entry5.o
         0          0          0          0          0          0   entry7b.o
         0          0          0          0          0          0   entry8b.o
         8          4          0          0          0          0   entry9a.o
        30          0          0          0          0          0   handlers.o
        36          8          0          0          0         68   init.o
        30          0          0          0          0         68   llshl.o
        26          0          0          0          0         80   memcmp.o
        36          0          0          0          0         68   memcpya.o
        36          0          0          0          0        108   memseta.o
      4712          8        176          0          0      89161   micro_ecc_lib_uECC.c.o

    ----------------------------------------------------------------------
      4938         24        176          0          0      89553   Library Totals
        12          0          0          0          0          0   (incl. Padding)

    ----------------------------------------------------------------------

      Code (inc. data)   RO Data    RW Data    ZI Data      Debug   Library Name

       214         16          0          0          0        392   mc_w.l
      4712          8        176          0          0      89161   micro_ecc_lib_nrf52.lib

    ----------------------------------------------------------------------
      4938         24        176          0          0      89553   Library Totals

    ----------------------------------------------------------------------

==============================================================================


      Code (inc. data)   RO Data    RW Data    ZI Data      Debug   

     20010       1040       2054        176      15220     550744   Grand Totals
     20010       1040       2054        176      15220     550744   ELF Image Totals
     20010       1040       2054        176          0          0   ROM Totals

==============================================================================

    Total RO  Size (Code + RO Data)                22064 (  21.55kB)
    Total RW  Size (RW Data + ZI Data)             15396 (  15.04kB)
    Total ROM Size (Code + RO Data + RW Data)      22240 (  21.72kB)

==============================================================================

