Component: ARM Compiler 5.06 update 4 (build 422) Tool: armlink [4d35d2]

==============================================================================

Section Cross References

    dfu-cc.pb.o(.constdata) refers to dfu-cc.pb.o(.constdata) for dfu_hash_fields
    dfu-cc.pb.o(.constdata) refers to dfu-cc.pb.o(.constdata) for dfu_init_command_is_debug_default
    dfu-cc.pb.o(.constdata) refers to dfu-cc.pb.o(.constdata) for dfu_init_command_fields
    dfu-cc.pb.o(.constdata) refers to dfu-cc.pb.o(.constdata) for dfu_reset_command_fields
    dfu-cc.pb.o(.constdata) refers to dfu-cc.pb.o(.constdata) for dfu_command_fields
    dfu-cc.pb.o(.constdata) refers to dfu-cc.pb.o(.constdata) for dfu_command_fields
    dfu-cc.pb.o(.constdata) refers to dfu-cc.pb.o(.constdata) for dfu_signed_command_fields
    dfu_req_handling.o(i.dfu_data_write_handler) refers to dfu_req_handling.o(.data) for .data
    dfu_req_handling.o(i.dfu_decode_commmand) refers to pb_decode.o(i.pb_istream_from_buffer) for pb_istream_from_buffer
    dfu_req_handling.o(i.dfu_decode_commmand) refers to pb_decode.o(i.pb_decode) for pb_decode
    dfu_req_handling.o(i.dfu_decode_commmand) refers to nrf_log_frontend.o(i.nrf_log_frontend_std_0) for nrf_log_frontend_std_0
    dfu_req_handling.o(i.dfu_decode_commmand) refers to nrf_dfu_settings.o(.bss) for s_dfu_settings
    dfu_req_handling.o(i.dfu_decode_commmand) refers to dfu_req_handling.o(.bss) for .bss
    dfu_req_handling.o(i.dfu_decode_commmand) refers to dfu_req_handling.o(i.pb_decoding_callback) for pb_decoding_callback
    dfu_req_handling.o(i.dfu_decode_commmand) refers to dfu_req_handling.o(.data) for .data
    dfu_req_handling.o(i.dfu_decode_commmand) refers to dfu-cc.pb.o(.constdata) for dfu_packet_fields
    dfu_req_handling.o(i.dfu_handle_prevalidate) refers to nrf_log_frontend.o(i.nrf_log_frontend_std_2) for nrf_log_frontend_std_2
    dfu_req_handling.o(i.dfu_handle_prevalidate) refers to nrf_log_frontend.o(i.nrf_log_frontend_std_0) for nrf_log_frontend_std_0
    dfu_req_handling.o(i.dfu_handle_prevalidate) refers to nrf_log_frontend.o(i.nrf_log_frontend_hexdump) for nrf_log_frontend_hexdump
    dfu_req_handling.o(i.dfu_handle_prevalidate) refers to nrf_crypto.o(i.nrf_crypto_hash_compute) for nrf_crypto_hash_compute
    dfu_req_handling.o(i.dfu_handle_prevalidate) refers to memcpya.o(.text) for __aeabi_memcpy
    dfu_req_handling.o(i.dfu_handle_prevalidate) refers to nrf_log_frontend.o(i.nrf_log_frontend_std_1) for nrf_log_frontend_std_1
    dfu_req_handling.o(i.dfu_handle_prevalidate) refers to nrf_crypto.o(i.nrf_crypto_verify) for nrf_crypto_verify
    dfu_req_handling.o(i.dfu_handle_prevalidate) refers to nrf_dfu_utils.o(i.nrf_dfu_find_cache) for nrf_dfu_find_cache
    dfu_req_handling.o(i.dfu_handle_prevalidate) refers to nrf_dfu_settings.o(.bss) for s_dfu_settings
    dfu_req_handling.o(i.dfu_handle_prevalidate) refers to dfu_req_handling.o(.bss) for .bss
    dfu_req_handling.o(i.dfu_handle_prevalidate) refers to dfu_req_handling.o(.data) for .data
    dfu_req_handling.o(i.dfu_handle_prevalidate) refers to dfu_req_handling.o(.constdata) for .constdata
    dfu_req_handling.o(i.dfu_handle_signed_command) refers to dfu_req_handling.o(i.dfu_handle_prevalidate) for dfu_handle_prevalidate
    dfu_req_handling.o(i.dfu_handle_signed_command) refers to nrf_log_frontend.o(i.nrf_log_frontend_std_0) for nrf_log_frontend_std_0
    dfu_req_handling.o(i.dfu_handle_signed_command) refers to nrf_dfu_settings.o(i.nrf_dfu_settings_write) for nrf_dfu_settings_write
    dfu_req_handling.o(i.dfu_handle_signed_command) refers to dfu_req_handling.o(.data) for .data
    dfu_req_handling.o(i.nrf_dfu_command_req) refers to nrf_log_frontend.o(i.nrf_log_frontend_std_0) for nrf_log_frontend_std_0
    dfu_req_handling.o(i.nrf_dfu_command_req) refers to memseta.o(.text) for __aeabi_memclr4
    dfu_req_handling.o(i.nrf_dfu_command_req) refers to memcpya.o(.text) for __aeabi_memcpy
    dfu_req_handling.o(i.nrf_dfu_command_req) refers to crc32.o(i.crc32_compute) for crc32_compute
    dfu_req_handling.o(i.nrf_dfu_command_req) refers to nrf_log_frontend.o(i.nrf_log_frontend_hexdump) for nrf_log_frontend_hexdump
    dfu_req_handling.o(i.nrf_dfu_command_req) refers to dfu_req_handling.o(i.dfu_decode_commmand) for dfu_decode_commmand
    dfu_req_handling.o(i.nrf_dfu_command_req) refers to dfu_req_handling.o(i.dfu_handle_signed_command) for dfu_handle_signed_command
    dfu_req_handling.o(i.nrf_dfu_command_req) refers to nrf_dfu_settings.o(.bss) for s_dfu_settings
    dfu_req_handling.o(i.nrf_dfu_command_req) refers to dfu_req_handling.o(.data) for .data
    dfu_req_handling.o(i.nrf_dfu_command_req) refers to dfu_req_handling.o(.bss) for .bss
    dfu_req_handling.o(i.nrf_dfu_data_req) refers to nrf_log_frontend.o(i.nrf_log_frontend_std_0) for nrf_log_frontend_std_0
    dfu_req_handling.o(i.nrf_dfu_data_req) refers to nrf_log_frontend.o(i.nrf_log_frontend_std_3) for nrf_log_frontend_std_3
[...]
    nrf_gpio_pin_set                         0x00078c1d   Thumb Code    14  nrf_ble_dfu.o(i.nrf_gpio_pin_set)
    i.nrf_gpio_pin_write                     0x00078c2a   Section        0  boards.o(i.nrf_gpio_pin_write)
    nrf_gpio_pin_write                       0x00078c2b   Thumb Code    22  boards.o(i.nrf_gpio_pin_write)
    i.nrf_log_backend_hexdump_handler_get    0x00078c40   Section        0  nrf_log_backend_serial.o(i.nrf_log_backend_hexdump_handler_get)
    i.nrf_log_backend_init                   0x00078c48   Section        0  nrf_log_backend_serial.o(i.nrf_log_backend_init)
    i.nrf_log_backend_serial_hexdump_handler 0x00078c6c   Section        0  nrf_log_backend_serial.o(i.nrf_log_backend_serial_hexdump_handler)
    nrf_log_backend_serial_hexdump_handler   0x00078c6d   Thumb Code   284  nrf_log_backend_serial.o(i.nrf_log_backend_serial_hexdump_handler)
    i.nrf_log_backend_serial_std_handler     0x00078d88   Section        0  nrf_log_backend_serial.o(i.nrf_log_backend_serial_std_handler)
    nrf_log_backend_serial_std_handler       0x00078d89   Thumb Code   264  nrf_log_backend_serial.o(i.nrf_log_backend_serial_std_handler)
    i.nrf_log_backend_std_handler_get        0x00078e90   Section        0  nrf_log_backend_serial.o(i.nrf_log_backend_std_handler_get)
    i.nrf_log_direct_feed                    0x00078e98   Section        0  nrf_log_frontend.o(i.nrf_log_direct_feed)
    nrf_log_direct_feed                      0x00078e99   Thumb Code    20  nrf_log_frontend.o(i.nrf_log_direct_feed)
    i.nrf_log_frontend_hexdump               0x00078eb0   Section        0  nrf_log_frontend.o(i.nrf_log_frontend_hexdump)
    i.nrf_log_frontend_std_0                 0x00078ee4   Section        0  nrf_log_frontend.o(i.nrf_log_frontend_std_0)
    i.nrf_log_frontend_std_1                 0x00078eec   Section        0  nrf_log_frontend.o(i.nrf_log_frontend_std_1)
    i.nrf_log_frontend_std_2                 0x00078efa   Section        0  nrf_log_frontend.o(i.nrf_log_frontend_std_2)
    i.nrf_log_frontend_std_3                 0x00078f0a   Section        0  nrf_log_frontend.o(i.nrf_log_frontend_std_3)
    i.nrf_log_frontend_std_5                 0x00078f1c   Section        0  nrf_log_frontend.o(i.nrf_log_frontend_std_5)
    i.nrf_log_handlers_set                   0x00078f38   Section        0  nrf_log_frontend.o(i.nrf_log_handlers_set)
    i.nrf_log_init                           0x00078f44   Section        0  nrf_log_frontend.o(i.nrf_log_init)
    i.nrf_nvmc_page_erase                    0x00078f68   Section        0  nrf_nvmc.o(i.nrf_nvmc_page_erase)
    i.nrf_nvmc_write_words                   0x00078f98   Section        0  nrf_nvmc.o(i.nrf_nvmc_write_words)
    i.nrf_queue_is_full                      0x00078fd4   Section        0  nrf_queue.o(i.nrf_queue_is_full)
    i.nrf_queue_next_idx                     0x00078ff2   Section        0  nrf_queue.o(i.nrf_queue_next_idx)
    nrf_queue_next_idx                       0x00078ff3   Thumb Code    14  nrf_queue.o(i.nrf_queue_next_idx)
    i.nrf_queue_push                         0x00079000   Section        0  nrf_queue.o(i.nrf_queue_push)
    i.on_ble_evt                             0x000790b4   Section        0  nrf_ble_dfu.o(i.on_ble_evt)
    on_ble_evt                               0x000790b5   Thumb Code   234  nrf_ble_dfu.o(i.on_ble_evt)
    i.on_ctrl_pt_write                       0x000791e8   Section        0  nrf_ble_dfu.o(i.on_ctrl_pt_write)
    on_ctrl_pt_write                         0x000791e9   Thumb Code   294  nrf_ble_dfu.o(i.on_ctrl_pt_write)
    i.on_dfu_complete                        0x000793d8   Section        0  dfu_req_handling.o(i.on_dfu_complete)
    on_dfu_complete                          0x000793d9   Thumb Code    38  dfu_req_handling.o(i.on_dfu_complete)
    i.on_operation_success                   0x00079424   Section        0  fstorage.o(i.on_operation_success)
    on_operation_success                     0x00079425   Thumb Code    80  fstorage.o(i.on_operation_success)
    i.on_rw_authorize_req                    0x00079478   Section        0  nrf_ble_dfu.o(i.on_rw_authorize_req)
    on_rw_authorize_req                      0x00079479   Thumb Code   142  nrf_ble_dfu.o(i.on_rw_authorize_req)
    i.on_write                               0x0007950c   Section        0  nrf_ble_dfu.o(i.on_write)
    on_write                                 0x0007950d   Thumb Code   102  nrf_ble_dfu.o(i.on_write)
    i.pb_dec_bytes                           0x0007959c   Section        0  pb_decode.o(i.pb_dec_bytes)
    pb_dec_bytes                             0x0007959d   Thumb Code    64  pb_decode.o(i.pb_dec_bytes)
    i.pb_dec_fixed32                         0x000795dc   Section        0  pb_decode.o(i.pb_dec_fixed32)
    pb_dec_fixed32                           0x000795dd   Thumb Code     6  pb_decode.o(i.pb_dec_fixed32)
    i.pb_dec_fixed64                         0x000795e2   Section        0  pb_decode.o(i.pb_dec_fixed64)
    pb_dec_fixed64                           0x000795e3   Thumb Code     6  pb_decode.o(i.pb_dec_fixed64)
    i.pb_dec_string                          0x000795e8   Section        0  pb_decode.o(i.pb_dec_string)
    pb_dec_string                            0x000795e9   Thumb Code    62  pb_decode.o(i.pb_dec_string)
    i.pb_dec_submessage                      0x00079626   Section        0  pb_decode.o(i.pb_dec_submessage)
    pb_dec_submessage                        0x00079627   Thumb Code    64  pb_decode.o(i.pb_dec_submessage)
    i.pb_dec_svarint                         0x00079666   Section        0  pb_decode.o(i.pb_dec_svarint)
    pb_dec_svarint                           0x00079667   Thumb Code    88  pb_decode.o(i.pb_dec_svarint)
    i.pb_dec_uvarint                         0x000796be   Section        0  pb_decode.o(i.pb_dec_uvarint)
    pb_dec_uvarint                           0x000796bf   Thumb Code    88  pb_decode.o(i.pb_dec_uvarint)
    i.pb_dec_varint                          0x00079716   Section        0  pb_decode.o(i.pb_dec_varint)
    pb_dec_varint                            0x00079717   Thumb Code    90  pb_decode.o(i.pb_dec_varint)
    i.pb_decode                              0x00079770   Section        0  pb_decode.o(i.pb_decode)
    i.pb_decode_fixed32                      0x0007978e   Section        0  pb_decode.o(i.pb_decode_fixed32)
    i.pb_decode_fixed64                      0x000797ae   Section        0  pb_decode.o(i.pb_decode_fixed64)
    i.pb_decode_noinit                       0x0007980c   Section        0  pb_decode.o(i.pb_decode_noinit)
    i.pb_decode_svarint                      0x00079992   Section        0  pb_decode.o(i.pb_decode_svarint)
    i.pb_decode_tag                          0x000799cc   Section        0  pb_decode.o(i.pb_decode_tag)
    i.pb_decode_varint                       0x00079a0e   Section        0  pb_decode.o(i.pb_decode_varint)
    i.pb_decode_varint32                     0x00079a58   Section        0  pb_decode.o(i.pb_decode_varint32)
    pb_decode_varint32                       0x00079a59   Thumb Code    76  pb_decode.o(i.pb_decode_varint32)
    i.pb_decoding_callback                   0x00079aa4   Section        0  dfu_req_handling.o(i.pb_decoding_callback)
    pb_decoding_callback                     0x00079aa5   Thumb Code    34  dfu_req_handling.o(i.pb_decoding_callback)
    i.pb_field_iter_begin                    0x00079af0   Section        0  pb_common.o(i.pb_field_iter_begin)
    i.pb_field_iter_find                     0x00079b12   Section        0  pb_common.o(i.pb_field_iter_find)
    i.pb_field_iter_next                     0x00079b40   Section        0  pb_common.o(i.pb_field_iter_next)
    i.pb_field_set_to_default                0x00079bc0   Section        0  pb_decode.o(i.pb_field_set_to_default)
    pb_field_set_to_default                  0x00079bc1   Thumb Code   164  pb_decode.o(i.pb_field_set_to_default)
    i.pb_istream_from_buffer                 0x00079c64   Section        0  pb_decode.o(i.pb_istream_from_buffer)
    i.pb_make_string_substream               0x00079c78   Section        0  pb_decode.o(i.pb_make_string_substream)
    i.pb_message_set_to_defaults             0x00079cae   Section        0  pb_decode.o(i.pb_message_set_to_defaults)
    pb_message_set_to_defaults               0x00079caf   Thumb Code    38  pb_decode.o(i.pb_message_set_to_defaults)
    i.pb_read                                0x00079cd4   Section        0  pb_decode.o(i.pb_read)
    i.pb_readbyte                            0x00079d2c   Section        0  pb_decode.o(i.pb_readbyte)
    pb_readbyte                              0x00079d2d   Thumb Code    32  pb_decode.o(i.pb_readbyte)
    i.pb_skip_field                          0x00079d4c   Section        0  pb_decode.o(i.pb_skip_field)
    i.queue_advance                          0x00079da8   Section        0  fstorage.o(i.queue_advance)
    queue_advance                            0x00079da9   Thumb Code    36  fstorage.o(i.queue_advance)
    i.queue_get_next_free                    0x00079dd4   Section        0  fstorage.o(i.queue_get_next_free)
    queue_get_next_free                      0x00079dd5   Thumb Code    52  fstorage.o(i.queue_get_next_free)
    i.queue_process                          0x00079e0c   Section        0  fstorage.o(i.queue_process)
    queue_process                            0x00079e0d   Thumb Code   104  fstorage.o(i.queue_process)
    i.queue_start                            0x00079e7c   Section        0  fstorage.o(i.queue_start)
    queue_start                              0x00079e7d   Thumb Code    22  fstorage.o(i.queue_start)
    i.queue_utilization_get                  0x00079e98   Section        0  nrf_queue.o(i.queue_utilization_get)
    queue_utilization_get                    0x00079e99   Thumb Code    22  nrf_queue.o(i.queue_utilization_get)
    i.ram_end_address_get                    0x00079eae   Section        0  softdevice_handler.o(i.ram_end_address_get)
    ram_end_address_get                      0x00079eaf   Thumb Code    16  softdevice_handler.o(i.ram_end_address_get)
    i.read_raw_value                         0x00079ebe   Section        0  pb_decode.o(i.read_raw_value)
    read_raw_value                           0x00079ebf   Thumb Code    98  pb_decode.o(i.read_raw_value)
    i.response_crc_cmd_send                  0x00079f20   Section        0  nrf_ble_dfu.o(i.response_crc_cmd_send)
    response_crc_cmd_send                    0x00079f21   Thumb Code    98  nrf_ble_dfu.o(i.response_crc_cmd_send)
    i.response_select_object_cmd_send        0x00079fcc   Section        0  nrf_ble_dfu.o(i.response_select_object_cmd_send)
    response_select_object_cmd_send          0x00079fcd   Thumb Code   112  nrf_ble_dfu.o(i.response_select_object_cmd_send)
    i.response_send                          0x0007a048   Section        0  nrf_ble_dfu.o(i.response_send)
    response_send                            0x0007a049   Thumb Code    72  nrf_ble_dfu.o(i.response_send)
    i.rtc1_stop                              0x0007a0c4   Section        0  app_timer.o(i.rtc1_stop)
    rtc1_stop                                0x0007a0c5   Thumb Code    52  app_timer.o(i.rtc1_stop)
    i.sd_nvic_EnableIRQ                      0x0007a100   Section        0  softdevice_handler.o(i.sd_nvic_EnableIRQ)
    sd_nvic_EnableIRQ                        0x0007a101   Thumb Code   106  softdevice_handler.o(i.sd_nvic_EnableIRQ)
    i.send_event                             0x0007a170   Section        0  fstorage.o(i.send_event)
    send_event                               0x0007a171   Thumb Code    76  fstorage.o(i.send_event)
    i.send_hvx                               0x0007a1bc   Section        0  nrf_ble_dfu.o(i.send_hvx)
    send_hvx                                 0x0007a1bd   Thumb Code    36  nrf_ble_dfu.o(i.send_hvx)
    i.serial_tx                              0x0007a1e4   Section        0  nrf_log_backend_serial.o(i.serial_tx)
    serial_tx                                0x0007a1e5   Thumb Code    46  nrf_log_backend_serial.o(i.serial_tx)
    i.sha256_final                           0x0007a212   Section        0  sha256.o(i.sha256_final)
    i.sha256_init                            0x0007a324   Section        0  sha256.o(i.sha256_init)
    i.sha256_transform                       0x0007a378   Section        0  sha256.o(i.sha256_transform)
    i.sha256_update                          0x0007a4a4   Section        0  sha256.o(i.sha256_update)
    i.softdevice_ble_evt_handler_set         0x0007a4f8   Section        0  softdevice_handler.o(i.softdevice_ble_evt_handler_set)
    i.softdevice_enable                      0x0007a50c   Section        0  softdevice_handler.o(i.softdevice_enable)
    i.softdevice_enable_get_default_config   0x0007a5ac   Section        0  softdevice_handler.o(i.softdevice_enable_get_default_config)
    i.softdevice_evt_get                     0x0007a5d2   Section        0  softdevice_handler_appsh.o(i.softdevice_evt_get)
    i.softdevice_evt_schedule                0x0007a5e4   Section        0  softdevice_handler_appsh.o(i.softdevice_evt_schedule)
    i.softdevice_fault_handler               0x0007a5f4   Section        0  softdevice_handler.o(i.softdevice_fault_handler)
    i.softdevice_handler_init                0x0007a5f8   Section        0  softdevice_handler.o(i.softdevice_handler_init)
    i.softdevice_handler_is_enabled          0x0007a658   Section        0  softdevice_handler.o(i.softdevice_handler_is_enabled)
    i.softdevice_sys_evt_handler_set         0x0007a664   Section        0  softdevice_handler.o(i.softdevice_sys_evt_handler_set)
    i.timer_list_handler                     0x0007a678   Section        0  app_timer.o(i.timer_list_handler)
    timer_list_handler                       0x0007a679   Thumb Code   134  app_timer.o(i.timer_list_handler)
    i.timer_list_insert                      0x0007a704   Section        0  app_timer.o(i.timer_list_insert)
    timer_list_insert                        0x0007a705   Thumb Code    56  app_timer.o(i.timer_list_insert)
    i.timer_stop_op_schedule                 0x0007a740   Section        0  app_timer.o(i.timer_stop_op_schedule)
    timer_stop_op_schedule                   0x0007a741   Thumb Code    68  app_timer.o(i.timer_stop_op_schedule)
    i.timer_timeouts_check                   0x0007a788   Section        0  app_timer.o(i.timer_timeouts_check)
    timer_timeouts_check                     0x0007a789   Thumb Code   124  app_timer.o(i.timer_timeouts_check)
    i.timestamp_process                      0x0007a80c   Section        0  nrf_log_backend_serial.o(i.timestamp_process)
    timestamp_process                        0x0007a80d   Thumb Code    44  nrf_log_backend_serial.o(i.timestamp_process)
    i.uint32_encode                          0x0007a840   Section        0  nrf_ble_dfu.o(i.uint32_encode)
    uint32_encode                            0x0007a841   Thumb Code    18  nrf_ble_dfu.o(i.uint32_encode)
    i.update_timeout_handler                 0x0007a854   Section        0  ble_conn_params.o(i.update_timeout_handler)
    update_timeout_handler                   0x0007a855   Thumb Code    88  ble_conn_params.o(i.update_timeout_handler)
    i.user_op_alloc                          0x0007a8b4   Section        0  app_timer.o(i.user_op_alloc)
    user_op_alloc                            0x0007a8b5   Thumb Code    42  app_timer.o(i.user_op_alloc)
    i.wait_for_queue                         0x0007a8e4   Section        0  nrf_dfu_settings.o(i.wait_for_queue)
    wait_for_queue                           0x0007a8e5   Thumb Code    26  nrf_dfu_settings.o(i.wait_for_queue)
    .constdata                               0x0007a934   Section        1  dfu-cc.pb.o(.constdata)
    .constdata                               0x0007a938   Section       36  dfu-cc.pb.o(.constdata)
    .constdata                               0x0007a95c   Section      120  dfu-cc.pb.o(.constdata)
    .constdata                               0x0007a9d4   Section       24  dfu-cc.pb.o(.constdata)
    .constdata                               0x0007a9ec   Section       48  dfu-cc.pb.o(.constdata)
    .constdata                               0x0007aa1c   Section       48  dfu-cc.pb.o(.constdata)
    .constdata                               0x0007aa4c   Section       36  dfu-cc.pb.o(.constdata)
    .constdata                               0x0007aa70   Section       64  dfu_public_key.o(.constdata)
    .constdata                               0x0007aab0   Section        8  dfu_req_handling.o(.constdata)
    crypto_key_pk                            0x0007aab0   Data           8  dfu_req_handling.o(.constdata)
    .constdata                               0x0007aab8   Section        8  boards.o(.constdata)
    m_board_led_list                         0x0007aab8   Data           4  boards.o(.constdata)
    m_board_btn_list                         0x0007aabc   Data           4  boards.o(.constdata)
    .constdata                               0x0007aac0   Section        4  ble_conn_params.o(.constdata)
    m_conn_params_timer_id                   0x0007aac0   Data           4  ble_conn_params.o(.constdata)
    .constdata                               0x0007aac4   Section       20  nrf_ble_dfu.o(.constdata)
    .constdata                               0x0007aad8   Section       16  nrf_dfu_flash.o(.constdata)
    .constdata                               0x0007aae8   Section       64  nrf_dfu_mbr.o(.constdata)
    .constdata                               0x0007ab28   Section       24  nrf_drv_rng.o(.constdata)
    m_default_config                         0x0007ab28   Data           2  nrf_drv_rng.o(.constdata)
    m_rand_pool                              0x0007ab2c   Data          20  nrf_drv_rng.o(.constdata)
    .constdata                               0x0007ab40   Section      256  sha256.o(.constdata)
    k                                        0x0007ab40   Data         256  sha256.o(.constdata)
    .constdata                               0x0007ac40   Section       36  pb_decode.o(.constdata)
    PB_DECODERS                              0x0007ac40   Data          36  pb_decode.o(.constdata)
    .constdata                               0x0007ac64   Section      129  ctype_o.o(.constdata)
    .constdata                               0x0007ace8   Section        4  ctype_o.o(.constdata)
    table                                    0x0007ace8   Data           4  ctype_o.o(.constdata)
    .conststring                             0x0007acec   Section      317  dfu_req_handling.o(.conststring)
    .conststring                             0x0007ae2c   Section       81  nrf_ble_dfu.o(.conststring)
    .conststring                             0x0007ae80   Section       66  nrf_dfu_settings.o(.conststring)
    .conststring                             0x0007aec4   Section      431  nrf_dfu_utils.o(.conststring)
    .conststring                             0x0007b074   Section       66  softdevice_handler.o(.conststring)
    [Anonymous Symbol]                       0x0007b0b8   Section        0  micro_ecc_lib_uECC.c.o(.rodata.curve_secp256r1)
    curve_secp256r1                          0x0007b0b8   Data         176  micro_ecc_lib_uECC.c.o(.rodata.curve_secp256r1)
    dfu_trans                                0x0007b188   Section        8  nrf_ble_dfu.o(dfu_trans)
    __tagsym$$used                           0x0007b188   Number         0  nrf_ble_dfu.o(dfu_trans)
    dfu_trans                                0x0007b188   Data           8  nrf_ble_dfu.o(dfu_trans)
    .ARM.__AT_0x0007E000                     0x0007e000   Section     4096  nrf_dfu_settings.o(.ARM.__AT_0x0007E000)
    __tagsym$$used                           0x0007e000   Number         0  nrf_dfu_settings.o(.ARM.__AT_0x0007E000)
    .ARM.__AT_0x0007F000                     0x0007f000   Section     4096  nrf_dfu_settings.o(.ARM.__AT_0x0007F000)
    __tagsym$$used                           0x0007f000   Number         0  nrf_dfu_settings.o(.ARM.__AT_0x0007F000)
    .ARM.__AT_0x10001014                     0x10001014   Section        4  nrf_bootloader_info.o(.ARM.__AT_0x10001014)
    .ARM.__AT_0x10001018                     0x10001018   Section        4  nrf_dfu_settings.o(.ARM.__AT_0x10001018)
    .data                                    0x20002c00   Section       36  dfu_req_handling.o(.data)
    cur_obj_type                             0x20002c00   Data           1  dfu_req_handling.o(.data)
    m_current_data_buffer                    0x20002c01   Data           1  dfu_req_handling.o(.data)
    m_valid_init_packet_present              0x20002c02   Data           1  dfu_req_handling.o(.data)
    m_data_buf_pos                           0x20002c04   Data           2  dfu_req_handling.o(.data)
    m_flash_operations_pending               0x20002c08   Data           4  dfu_req_handling.o(.data)
    m_firmware_start_addr                    0x20002c0c   Data           4  dfu_req_handling.o(.data)
    m_firmware_size_req                      0x20002c10   Data           4  dfu_req_handling.o(.data)
    crypto_sig                               0x20002c14   Data           8  dfu_req_handling.o(.data)
    hash_data                                0x20002c1c   Data           8  dfu_req_handling.o(.data)
    .data                                    0x20002c24   Section       20  ble_conn_params.o(.data)
    m_change_param                           0x20002c24   Data           1  ble_conn_params.o(.data)
    m_update_count                           0x20002c25   Data           1  ble_conn_params.o(.data)
    m_conn_handle                            0x20002c26   Data           2  ble_conn_params.o(.data)
    m_preferred_conn_params                  0x20002c28   Data           8  ble_conn_params.o(.data)
    m_current_conn_params                    0x20002c30   Data           8  ble_conn_params.o(.data)
    .data                                    0x20002c38   Section       12  nrf_ble_dfu.o(.data)
    m_conn_handle                            0x20002c38   Data           2  nrf_ble_dfu.o(.data)
    m_pkt_notif_target                       0x20002c3a   Data           2  nrf_ble_dfu.o(.data)
    m_pkt_notif_target_cnt                   0x20002c3c   Data           2  nrf_ble_dfu.o(.data)
    m_flags                                  0x20002c40   Data           4  nrf_ble_dfu.o(.data)
    .data                                    0x20002c44   Section        4  nrf_dfu_flash.o(.data)
    m_flags                                  0x20002c44   Data           4  nrf_dfu_flash.o(.data)
    .data                                    0x20002c48   Section        8  nrf_dfu_settings.o(.data)
    flash_operation_pending                  0x20002c48   Data           1  nrf_dfu_settings.o(.data)
    m_callback                               0x20002c4c   Data           4  nrf_dfu_settings.o(.data)
    .data                                    0x20002c50   Section       16  app_scheduler.o(.data)
    m_queue_start_index                      0x20002c50   Data           1  app_scheduler.o(.data)
    m_queue_end_index                        0x20002c51   Data           1  app_scheduler.o(.data)
    m_queue_event_size                       0x20002c52   Data           2  app_scheduler.o(.data)
    m_queue_size                             0x20002c54   Data           2  app_scheduler.o(.data)
    m_queue_event_headers                    0x20002c58   Data           4  app_scheduler.o(.data)
    m_queue_event_data                       0x20002c5c   Data           4  app_scheduler.o(.data)
    .data                                    0x20002c60   Section       32  app_timer.o(.data)
    m_ticks_elapsed_q_read_ind               0x20002c60   Data           1  app_timer.o(.data)
    m_ticks_elapsed_q_write_ind              0x20002c61   Data           1  app_timer.o(.data)
    m_rtc1_running                           0x20002c62   Data           1  app_timer.o(.data)
    m_rtc1_reset                             0x20002c63   Data           1  app_timer.o(.data)
    mp_timer_id_head                         0x20002c64   Data           4  app_timer.o(.data)
    m_ticks_latest                           0x20002c68   Data           4  app_timer.o(.data)
    m_evt_schedule_func                      0x20002c6c   Data           4  app_timer.o(.data)
    m_op_queue                               0x20002c70   Data           8  app_timer.o(.data)
    m_ticks_elapsed                          0x20002c78   Data           8  app_timer.o(.data)
    .data                                    0x20002c80   Section        2  fstorage.o(.data)
    m_flags                                  0x20002c80   Data           1  fstorage.o(.data)
    m_retry_count                            0x20002c81   Data           1  fstorage.o(.data)
    .data                                    0x20002c82   Section        2  nrf_log_backend_serial.o(.data)
    m_initialized                            0x20002c82   Data           1  nrf_log_backend_serial.o(.data)
    m_blocking_mode                          0x20002c83   Data           1  nrf_log_backend_serial.o(.data)
    .data                                    0x20002c84   Section       20  softdevice_handler.o(.data)
    m_softdevice_enabled                     0x20002c84   Data           1  softdevice_handler.o(.data)
    m_suspended                              0x20002c85   Data           1  softdevice_handler.o(.data)
    m_ble_evt_buffer_size                    0x20002c86   Data           2  softdevice_handler.o(.data)
    m_evt_schedule_func                      0x20002c88   Data           4  softdevice_handler.o(.data)
    mp_ble_evt_buffer                        0x20002c8c   Data           4  softdevice_handler.o(.data)
    m_ble_evt_handler                        0x20002c90   Data           4  softdevice_handler.o(.data)
    m_sys_evt_handler                        0x20002c94   Data           4  softdevice_handler.o(.data)
    .data                                    0x20002c98   Section        4  system_nrf52.o(.data)
    __tagsym$$used                           0x20002c98   Number         0  system_nrf52.o(.data)
    fs_data                                  0x20002c9c   Section       16  nrf_dfu_flash.o(fs_data)
    __tagsym$$used                           0x20002c9c   Number         0  nrf_dfu_flash.o(fs_data)
    fs_dfu_config                            0x20002c9c   Data          16  nrf_dfu_flash.o(fs_data)
    .bss                                     0x20002cac   Section     1436  dfu_req_handling.o(.bss)
    packet                                   0x20002cac   Data         300  dfu_req_handling.o(.bss)
    m_data_buf                               0x20002dd8   Data        1024  dfu_req_handling.o(.bss)
    hash                                     0x200031d8   Data          32  dfu_req_handling.o(.bss)
    sig                                      0x200031f8   Data          64  dfu_req_handling.o(.bss)
    stream                                   0x20003238   Data          16  dfu_req_handling.o(.bss)
    .bss                                     0x20003248   Section       32  ble_conn_params.o(.bss)
    m_conn_params_timer_id_data              0x20003248   Data          32  ble_conn_params.o(.bss)
    .bss                                     0x20003268   Section       28  ble_conn_params.o(.bss)
    m_conn_params_config                     0x20003268   Data          28  ble_conn_params.o(.bss)
    .bss                                     0x20003284   Section      115  nrf_ble_dfu.o(.bss)
    BLE_EVT_BUFFER                           0x20003284   Data          80  nrf_ble_dfu.o(.bss)
    m_dfu                                    0x200032d4   Data          20  nrf_ble_dfu.o(.bss)
    m_notif_buffer                           0x200032e8   Data          15  nrf_ble_dfu.o(.bss)
    .bss                                     0x200032f8   Section      456  nrf_dfu.o(.bss)
    APP_TIMER_BUF                            0x200032f8   Data         120  nrf_dfu.o(.bss)
    APP_SCHED_BUF                            0x20003370   Data         336  nrf_dfu.o(.bss)
    .bss                                     0x200034c0   Section      696  nrf_dfu_settings.o(.bss)
    temp_dfu_settings                        0x200034c0   Data         348  nrf_dfu_settings.o(.bss)
    .bss                                     0x20003778   Section       33  nrf_drv_rng.o(.bss)
    m_rand_pool_nrf_queue_buffer             0x20003778   Data          33  nrf_drv_rng.o(.bss)
    .bss                                     0x2000379c   Section       12  nrf_drv_rng.o(.bss)
    m_rand_pool_nrf_queue_cb                 0x2000379c   Data          12  nrf_drv_rng.o(.bss)
    .bss                                     0x200037a8   Section       12  app_util_platform.o(.bss)
    .bss                                     0x200037b4   Section      104  fstorage.o(.bss)
    m_queue                                  0x200037b4   Data         104  fstorage.o(.bss)
    .bss                                     0x2000381c   Section       28  nrf_log_frontend.o(.bss)
    m_log_data                               0x2000381c   Data          28  nrf_log_frontend.o(.bss)
    .bss                                     0x20003838   Section     1208  segger_rtt.o(.bss)
    _acUpBuffer                              0x200038e0   Data        1024  segger_rtt.o(.bss)
    _acDownBuffer                            0x20003ce0   Data          16  segger_rtt.o(.bss)
    STACK                                    0x20003cf0   Section     8192  arm_startup_nrf52.o(STACK)

    Global Symbols

    Symbol Name                              Value     Ov Type        Size  Object(Section)

    BuildAttributes$$THM_ISAv4$E$P$D$K$B$S$7EM$VFPi3$EXTD16$VFPS$VFMA$PE$A:L22UL41UL21$X:L11$S22US41US21$IEEE1$IW$USESV6$~STKCKD$USESV7$~SHL$OSPACE$ROPI$IEEEX$EBA8$MICROLIB$REQ8$PRES8$EABIv2 0x00000000   Number         0  anon$$obj.o ABSOLUTE
    __ARM_use_no_argv                        0x00000000   Number         0  main.o ABSOLUTE
    __use_no_errno                           0x00000000   Number         0  useno.o ABSOLUTE
    __use_no_exception_handling              0x00000000   Number         0  useno.o ABSOLUTE
    __use_no_fp                              0x00000000   Number         0  useno.o ABSOLUTE
    __use_no_heap                            0x00000000   Number         0  useno.o ABSOLUTE
    __use_no_heap_region                     0x00000000   Number         0  useno.o ABSOLUTE
    __use_no_semihosting                     0x00000000   Number         0  useno.o ABSOLUTE
    __use_no_semihosting_swi                 0x00000000   Number         0  useno.o ABSOLUTE
    __use_no_signal_handling                 0x00000000   Number         0  useno.o ABSOLUTE
    _printf_a                                0x00000000   Number         0  stubs.o ABSOLUTE
    _printf_c                                0x00000000   Number         0  stubs.o ABSOLUTE
    _printf_charcount                        0x00000000   Number         0  stubs.o ABSOLUTE
    _printf_d                                0x00000000   Number         0  stubs.o ABSOLUTE
    _printf_e                                0x00000000   Number         0  stubs.o ABSOLUTE
    _printf_f                                0x00000000   Number         0  stubs.o ABSOLUTE
    _printf_flags                            0x00000000   Number         0  stubs.o ABSOLUTE
    _printf_fp_dec                           0x00000000   Number         0  stubs.o ABSOLUTE
    _printf_fp_hex                           0x00000000   Number         0  stubs.o ABSOLUTE
    _printf_g                                0x00000000   Number         0  stubs.o ABSOLUTE
    _printf_i                                0x00000000   Number         0  stubs.o ABSOLUTE
    _printf_int_dec                          0x00000000   Number         0  stubs.o ABSOLUTE
    _printf_l                                0x00000000   Number         0  stubs.o ABSOLUTE
    _printf_lc                               0x00000000   Number         0  stubs.o ABSOLUTE
    _printf_ll                               0x00000000   Number         0  stubs.o ABSOLUTE
    _printf_lld                              0x00000000   Number         0  stubs.o ABSOLUTE
    _printf_lli                              0x00000000   Number         0  stubs.o ABSOLUTE
    _printf_llo                              0x00000000   Number         0  stubs.o ABSOLUTE
    _printf_llu                              0x00000000   Number         0  stubs.o ABSOLUTE
    _printf_llx                              0x00000000   Number         0  stubs.o ABSOLUTE
    _printf_longlong_dec                     0x00000000   Number         0  stubs.o ABSOLUTE
    _printf_longlong_hex                     0x00000000   Number         0  stubs.o ABSOLUTE
    _printf_longlong_oct                     0x00000000   Number         0  stubs.o ABSOLUTE
    _printf_ls                               0x00000000   Number         0  stubs.o ABSOLUTE
    _printf_mbtowc                           0x00000000   Number         0  stubs.o ABSOLUTE
    _printf_n                                0x00000000   Number         0  stubs.o ABSOLUTE
    _printf_o                                0x00000000   Number         0  stubs.o ABSOLUTE
    _printf_p                                0x00000000   Number         0  stubs.o ABSOLUTE
    _printf_percent                          0x00000000   Number         0  stubs.o ABSOLUTE
    _printf_pre_padding                      0x00000000   Number         0  stubs.o ABSOLUTE
    _printf_return_value                     0x00000000   Number         0  stubs.o ABSOLUTE
    _printf_s                                0x00000000   Number         0  stubs.o ABSOLUTE
    _printf_sizespec                         0x00000000   Number         0  stubs.o ABSOLUTE
    _printf_str                              0x00000000   Number         0  stubs.o ABSOLUTE
    _printf_truncate_signed                  0x00000000   Number         0  stubs.o ABSOLUTE
    _printf_truncate_unsigned                0x00000000   Number         0  stubs.o ABSOLUTE
    _printf_u                                0x00000000   Number         0  stubs.o ABSOLUTE
    _printf_wc                               0x00000000   Number         0  stubs.o ABSOLUTE
    _printf_wctomb                           0x00000000   Number         0  stubs.o ABSOLUTE
    _printf_widthprec                        0x00000000   Number         0  stubs.o ABSOLUTE
    _printf_x                                0x00000000   Number         0  stubs.o ABSOLUTE
    __cpp_initialize__aeabi_                  - Undefined Weak Reference
    __cxa_finalize                            - Undefined Weak Reference
    __decompress                              - Undefined Weak Reference
    _clock_init                               - Undefined Weak Reference
    _microlib_exit                            - Undefined Weak Reference
    __Vectors_Size                           0x00000400   Number         0  arm_startup_nrf52.o ABSOLUTE
    Image$$ER_IROM1$$Base                    0x00073000   Number         0  anon$$obj.o ABSOLUTE
    __Vectors                                0x00073000   Data           4  arm_startup_nrf52.o(RESET)
    __Vectors_End                            0x00073400   Data           0  arm_startup_nrf52.o(RESET)
    __main                                   0x00073401   Thumb Code     0  entry.o(.ARM.Collect$$$$00000000)
    _main_stk                                0x00073401   Thumb Code     0  entry2.o(.ARM.Collect$$$$00000001)
    _main_scatterload                        0x00073405   Thumb Code     0  entry5.o(.ARM.Collect$$$$00000004)
    __main_after_scatterload                 0x00073409   Thumb Code     0  entry5.o(.ARM.Collect$$$$00000004)
    _main_clock                              0x00073409   Thumb Code     0  entry7b.o(.ARM.Collect$$$$00000008)
    _main_cpp_init                           0x00073409   Thumb Code     0  entry8b.o(.ARM.Collect$$$$0000000A)
    _main_init                               0x00073409   Thumb Code     0  entry9a.o(.ARM.Collect$$$$0000000B)
    __rt_final_cpp                           0x00073411   Thumb Code     0  entry10a.o(.ARM.Collect$$$$0000000D)
    __rt_final_exit                          0x00073411   Thumb Code     0  entry11a.o(.ARM.Collect$$$$0000000F)
    __asm___26_nrf_bootloader_app_start_c_5c9f33f9__nrf_bootloader_app_start_impl 0x00073415   Thumb Code    52  nrf_bootloader_app_start.o(.emb_text)
    Reset_Handler                            0x00073449   Thumb Code     8  arm_startup_nrf52.o(.text)
    NMI_Handler                              0x00073451   Thumb Code     2  arm_startup_nrf52.o(.text)
    HardFault_Handler                        0x00073453   Thumb Code     2  arm_startup_nrf52.o(.text)
    MemoryManagement_Handler                 0x00073455   Thumb Code     2  arm_startup_nrf52.o(.text)
    BusFault_Handler                         0x00073457   Thumb Code     2  arm_startup_nrf52.o(.text)
    UsageFault_Handler                       0x00073459   Thumb Code     2  arm_startup_nrf52.o(.text)
    SVC_Handler                              0x0007345b   Thumb Code     2  arm_startup_nrf52.o(.text)
    DebugMon_Handler                         0x0007345d   Thumb Code     2  arm_startup_nrf52.o(.text)
    PendSV_Handler                           0x0007345f   Thumb Code     2  arm_startup_nrf52.o(.text)
    SysTick_Handler                          0x00073461   Thumb Code     2  arm_startup_nrf52.o(.text)
    CCM_AAR_IRQHandler                       0x00073463   Thumb Code     0  arm_startup_nrf52.o(.text)
    COMP_LPCOMP_IRQHandler                   0x00073463   Thumb Code     0  arm_startup_nrf52.o(.text)
    ECB_IRQHandler                           0x00073463   Thumb Code     0  arm_startup_nrf52.o(.text)
    FPU_IRQHandler                           0x00073463   Thumb Code     0  arm_startup_nrf52.o(.text)
    GPIOTE_IRQHandler                        0x00073463   Thumb Code     0  arm_startup_nrf52.o(.text)
    I2S_IRQHandler                           0x00073463   Thumb Code     0  arm_startup_nrf52.o(.text)
    MWU_IRQHandler                           0x00073463   Thumb Code     0  arm_startup_nrf52.o(.text)
    NFCT_IRQHandler                          0x00073463   Thumb Code     0  arm_startup_nrf52.o(.text)
    PDM_IRQHandler                           0x00073463   Thumb Code     0  arm_startup_nrf52.o(.text)
    POWER_CLOCK_IRQHandler                   0x00073463   Thumb Code     0  arm_startup_nrf52.o(.text)
    PWM0_IRQHandler                          0x00073463   Thumb Code     0  arm_startup_nrf52.o(.text)
    PWM1_IRQHandler                          0x00073463   Thumb Code     0  arm_startup_nrf52.o(.text)
    PWM2_IRQHandler                          0x00073463   Thumb Code     0  arm_startup_nrf52.o(.text)
    QDEC_IRQHandler                          0x00073463   Thumb Code     0  arm_startup_nrf52.o(.text)
    RADIO_IRQHandler                         0x00073463   Thumb Code     0  arm_startup_nrf52.o(.text)
    RTC0_IRQHandler                          0x00073463   Thumb Code     0  arm_startup_nrf52.o(.text)
    RTC2_IRQHandler                          0x00073463   Thumb Code     0  arm_startup_nrf52.o(.text)
    SAADC_IRQHandler                         0x00073463   Thumb Code     0  arm_startup_nrf52.o(.text)
    SPIM0_SPIS0_TWIM0_TWIS0_SPI0_TWI0_IRQHandler 0x00073463   Thumb Code     0  arm_startup_nrf52.o(.text)
    SPIM1_SPIS1_TWIM1_TWIS1_SPI1_TWI1_IRQHandler 0x00073463   Thumb Code     0  arm_startup_nrf52.o(.text)
    SPIM2_SPIS2_SPI2_IRQHandler              0x00073463   Thumb Code     0  arm_startup_nrf52.o(.text)
    SWI1_EGU1_IRQHandler                     0x00073463   Thumb Code     0  arm_startup_nrf52.o(.text)
    SWI3_EGU3_IRQHandler                     0x00073463   Thumb Code     0  arm_startup_nrf52.o(.text)
    SWI4_EGU4_IRQHandler                     0x00073463   Thumb Code     0  arm_startup_nrf52.o(.text)
    SWI5_EGU5_IRQHandler                     0x00073463   Thumb Code     0  arm_startup_nrf52.o(.text)
    TEMP_IRQHandler                          0x00073463   Thumb Code     0  arm_startup_nrf52.o(.text)
    TIMER0_IRQHandler                        0x00073463   Thumb Code     0  arm_startup_nrf52.o(.text)
    TIMER1_IRQHandler                        0x00073463   Thumb Code     0  arm_startup_nrf52.o(.text)
    TIMER2_IRQHandler                        0x00073463   Thumb Code     0  arm_startup_nrf52.o(.text)
    TIMER3_IRQHandler                        0x00073463   Thumb Code     0  arm_startup_nrf52.o(.text)
    TIMER4_IRQHandler                        0x00073463   Thumb Code     0  arm_startup_nrf52.o(.text)
    UARTE0_UART0_IRQHandler                  0x00073463   Thumb Code     0  arm_startup_nrf52.o(.text)
    WDT_IRQHandler                           0x00073463   Thumb Code     0  arm_startup_nrf52.o(.text)
    __aeabi_llsl                             0x0007346d   Thumb Code    30  llshl.o(.text)
    _ll_shift_l                              0x0007346d   Thumb Code     0  llshl.o(.text)
    __rt_ctype_table                         0x0007348d   Thumb Code     4  ctype_o.o(.text)
    __aeabi_memcpy                           0x00073495   Thumb Code    36  memcpya.o(.text)
    __aeabi_memcpy4                          0x00073495   Thumb Code     0  memcpya.o(.text)
    __aeabi_memcpy8                          0x00073495   Thumb Code     0  memcpya.o(.text)
    __aeabi_memset                           0x000734b9   Thumb Code    14  memseta.o(.text)
    __aeabi_memset4                          0x000734b9   Thumb Code     0  memseta.o(.text)
    __aeabi_memset8                          0x000734b9   Thumb Code     0  memseta.o(.text)
    __aeabi_memclr                           0x000734c7   Thumb Code     4  memseta.o(.text)
    __aeabi_memclr4                          0x000734c7   Thumb Code     0  memseta.o(.text)
    __aeabi_memclr8                          0x000734c7   Thumb Code     0  memseta.o(.text)
    memset                                   0x000734cb   Thumb Code    18  memseta.o(.text)
    strlen                                   0x000734dd   Thumb Code    14  strlen.o(.text)
    memcmp                                   0x000734eb   Thumb Code    26  memcmp.o(.text)
    strcpy                                   0x00073505   Thumb Code    18  strcpy.o(.text)
    __aeabi_uldivmod                         0x00073517   Thumb Code    98  uldiv.o(.text)
    __scatterload                            0x00073579   Thumb Code    28  init.o(.text)
    __scatterload_rt2                        0x00073579   Thumb Code     0  init.o(.text)
    __aeabi_llsr                             0x0007359d   Thumb Code    32  llushr.o(.text)
    _ll_ushift_r                             0x0007359d   Thumb Code     0  llushr.o(.text)
    uECC_secp256r1                           0x000738b9   Thumb Code     8  micro_ecc_lib_uECC.c.o(.text.uECC_secp256r1)
    uECC_verify                              0x000738c1   Thumb Code   708  micro_ecc_lib_uECC.c.o(.text.uECC_verify)
    uECC_vli_add                             0x00073b91   Thumb Code    90  micro_ecc_lib_uECC.c.o(.text.uECC_vli_add)
    uECC_vli_clear                           0x00073bed   Thumb Code    22  micro_ecc_lib_uECC.c.o(.text.uECC_vli_clear)
    uECC_vli_equal                           0x00073c2b   Thumb Code    40  micro_ecc_lib_uECC.c.o(.text.uECC_vli_equal)
    uECC_vli_isZero                          0x00073c53   Thumb Code    30  micro_ecc_lib_uECC.c.o(.text.uECC_vli_isZero)
    uECC_vli_mmod                            0x00073c71   Thumb Code   316  micro_ecc_lib_uECC.c.o(.text.uECC_vli_mmod)
    uECC_vli_modAdd                          0x00073dad   Thumb Code    50  micro_ecc_lib_uECC.c.o(.text.uECC_vli_modAdd)
    uECC_vli_modInv                          0x00073ddf   Thumb Code   268  micro_ecc_lib_uECC.c.o(.text.uECC_vli_modInv)
    uECC_vli_modMult                         0x00073eeb   Thumb Code    36  micro_ecc_lib_uECC.c.o(.text.uECC_vli_modMult)
    uECC_vli_modMult_fast                    0x00073f0f   Thumb Code    32  micro_ecc_lib_uECC.c.o(.text.uECC_vli_modMult_fast)
    uECC_vli_modSquare_fast                  0x00073f2f   Thumb Code    32  micro_ecc_lib_uECC.c.o(.text.uECC_vli_modSquare_fast)
    uECC_vli_modSub                          0x00073f4f   Thumb Code    36  micro_ecc_lib_uECC.c.o(.text.uECC_vli_modSub)
    uECC_vli_mult                            0x00073f73   Thumb Code   786  micro_ecc_lib_uECC.c.o(.text.uECC_vli_mult)
    uECC_vli_numBits                         0x00074285   Thumb Code    58  micro_ecc_lib_uECC.c.o(.text.uECC_vli_numBits)
    uECC_vli_rshift1                         0x000742bf   Thumb Code    28  micro_ecc_lib_uECC.c.o(.text.uECC_vli_rshift1)
    uECC_vli_set                             0x000742db   Thumb Code    24  micro_ecc_lib_uECC.c.o(.text.uECC_vli_set)
    uECC_vli_square                          0x000742f3   Thumb Code   652  micro_ecc_lib_uECC.c.o(.text.uECC_vli_square)
    uECC_vli_sub                             0x00074581   Thumb Code    94  micro_ecc_lib_uECC.c.o(.text.uECC_vli_sub)
    uECC_vli_testBit                         0x000745e1   Thumb Code    20  micro_ecc_lib_uECC.c.o(.text.uECC_vli_testBit)
    RNG_IRQHandler                           0x000748e5   Thumb Code    82  nrf_drv_rng.o(i.RNG_IRQHandler)
    RTC1_IRQHandler                          0x00074949   Thumb Code    32  app_timer.o(i.RTC1_IRQHandler)
    SEGGER_RTT_Init                          0x0007496d   Thumb Code     4  segger_rtt.o(i.SEGGER_RTT_Init)
    SEGGER_RTT_WriteNoLock                   0x00074971   Thumb Code    86  segger_rtt.o(i.SEGGER_RTT_WriteNoLock)
    SWI0_EGU0_IRQHandler                     0x000749cd   Thumb Code     4  app_timer.o(i.SWI0_EGU0_IRQHandler)
    SWI2_EGU2_IRQHandler                     0x000749d1   Thumb Code    32  softdevice_handler.o(i.SWI2_EGU2_IRQHandler)
    SystemInit                               0x000749f5   Thumb Code   610  system_nrf52.o(i.SystemInit)
    __0snprintf$8                            0x00074dad   Thumb Code    44  printf8.o(i.__0snprintf$8)
    __1snprintf$8                            0x00074dad   Thumb Code     0  printf8.o(i.__0snprintf$8)
    __2snprintf                              0x00074dad   Thumb Code     0  printf8.o(i.__0snprintf$8)
    __scatterload_copy                       0x00074ddd   Thumb Code    14  handlers.o(i.__scatterload_copy)
    __scatterload_null                       0x00074deb   Thumb Code     2  handlers.o(i.__scatterload_null)
    __scatterload_zeroinit                   0x00074ded   Thumb Code    14  handlers.o(i.__scatterload_zeroinit)
    app_error_fault_handler                  0x00075369   Thumb Code    16  main.o(i.app_error_fault_handler)
    app_error_handler_bare                   0x000753ad   Thumb Code    14  main.o(i.app_error_handler_bare)
    app_sched_event_put                      0x000753e1   Thumb Code   154  app_scheduler.o(i.app_sched_event_put)
    app_sched_execute                        0x00075481   Thumb Code    58  app_scheduler.o(i.app_sched_execute)
    app_sched_init                           0x000754c1   Thumb Code    40  app_scheduler.o(i.app_sched_init)
    app_timer_create                         0x000754ed   Thumb Code    32  app_timer.o(i.app_timer_create)
    app_timer_evt_schedule                   0x00075529   Thumb Code    18  app_timer_appsh.o(i.app_timer_evt_schedule)
    app_timer_init                           0x00075541   Thumb Code   102  app_timer.o(i.app_timer_init)
    app_timer_start                          0x000755b1   Thumb Code   128  app_timer.o(i.app_timer_start)
    app_timer_stop                           0x00075639   Thumb Code    26  app_timer.o(i.app_timer_stop)
    app_util_critical_region_enter           0x00075659   Thumb Code    64  app_util_platform.o(i.app_util_critical_region_enter)
    app_util_critical_region_exit            0x000756a1   Thumb Code    46  app_util_platform.o(i.app_util_critical_region_exit)
    ble_conn_params_init                     0x000756d5   Thumb Code    72  ble_conn_params.o(i.ble_conn_params_init)
    ble_conn_params_on_ble_evt               0x0007572d   Thumb Code   120  ble_conn_params.o(i.ble_conn_params_on_ble_evt)
    ble_conn_params_stop                     0x000757b1   Thumb Code     8  ble_conn_params.o(i.ble_conn_params_stop)
    ble_dfu_init                             0x000757bd   Thumb Code    98  nrf_ble_dfu.o(i.ble_dfu_init)
    ble_dfu_transport_close                  0x00075829   Thumb Code    98  nrf_ble_dfu.o(i.ble_dfu_transport_close)
    ble_dfu_transport_init                   0x000758e9   Thumb Code   130  nrf_ble_dfu.o(i.ble_dfu_transport_init)
    ble_srv_is_notification_enabled          0x0007598b   Thumb Code     8  ble_srv_common.o(i.ble_srv_is_notification_enabled)
    bsp_board_led_off                        0x00075a1d   Thumb Code    10  boards.o(i.bsp_board_led_off)
    bsp_board_led_on                         0x00075a2d   Thumb Code    10  boards.o(i.bsp_board_led_on)
    bsp_board_leds_init                      0x00075a3d   Thumb Code    38  boards.o(i.bsp_board_leds_init)
    bsp_board_leds_off                       0x00075a69   Thumb Code    18  boards.o(i.bsp_board_leds_off)
    crc32_compute                            0x00075bd5   Thumb Code    54  crc32.o(i.crc32_compute)
    ecc_p256_verify                          0x00076339   Thumb Code    74  ecc.o(i.ecc_p256_verify)
    fs_erase                                 0x000763c5   Thumb Code   110  fstorage.o(i.fs_erase)
    fs_fake_init                             0x00076495   Thumb Code    14  fstorage.o(i.fs_fake_init)
    fs_queue_is_full                         0x000764a9   Thumb Code    16  fstorage.o(i.fs_queue_is_full)
    fs_store                                 0x000764bd   Thumb Code   124  fstorage.o(i.fs_store)
    fs_sys_event_handler                     0x0007653d   Thumb Code    96  fstorage.o(i.fs_sys_event_handler)
    intern_softdevice_events_execute         0x00076611   Thumb Code   118  softdevice_handler.o(i.intern_softdevice_events_execute)
    main                                     0x00076845   Thumb Code    66  main.o(i.main)
    nrf_bootloader_app_start                 0x000768b9   Thumb Code    82  nrf_bootloader_app_start.o(i.nrf_bootloader_app_start)
    nrf_bootloader_init                      0x00076a05   Thumb Code    30  nrf_bootloader.o(i.nrf_bootloader_init)
    nrf_crypto_hash_compute                  0x00076a69   Thumb Code    76  nrf_crypto.o(i.nrf_crypto_hash_compute)
    nrf_crypto_verify                        0x00076ab5   Thumb Code    46  nrf_crypto.o(i.nrf_crypto_verify)
    nrf_dfu_app_is_valid                     0x00076e05   Thumb Code    70  nrf_dfu_utils.o(i.nrf_dfu_app_is_valid)
    nrf_dfu_continue                         0x00077379   Thumb Code    60  nrf_dfu_utils.o(i.nrf_dfu_continue)
    nrf_dfu_enter_check                      0x00077a79   Thumb Code    50  nrf_dfu.o(i.nrf_dfu_enter_check)
    nrf_dfu_find_cache                       0x00077ab1   Thumb Code   244  nrf_dfu_utils.o(i.nrf_dfu_find_cache)
    nrf_dfu_flash_erase                      0x00077d59   Thumb Code   178  nrf_dfu_flash.o(i.nrf_dfu_flash_erase)
    nrf_dfu_flash_init                       0x00077e95   Thumb Code    56  nrf_dfu_flash.o(i.nrf_dfu_flash_init)
    nrf_dfu_flash_store                      0x00077f4d   Thumb Code   160  nrf_dfu_flash.o(i.nrf_dfu_flash_store)
    nrf_dfu_init                             0x0007805d   Thumb Code   178  nrf_dfu.o(i.nrf_dfu_init)
    nrf_dfu_mbr_compare                      0x0007823d   Thumb Code    24  nrf_dfu_mbr.o(i.nrf_dfu_mbr_compare)
    nrf_dfu_mbr_copy_bl                      0x00078259   Thumb Code    22  nrf_dfu_mbr.o(i.nrf_dfu_mbr_copy_bl)
    nrf_dfu_mbr_copy_sd                      0x00078271   Thumb Code    32  nrf_dfu_mbr.o(i.nrf_dfu_mbr_copy_sd)
    nrf_dfu_mbr_init_sd                      0x00078295   Thumb Code    18  nrf_dfu_mbr.o(i.nrf_dfu_mbr_init_sd)
    nrf_dfu_req_handler_init                 0x000784a1   Thumb Code    70  dfu_req_handling.o(i.nrf_dfu_req_handler_init)
    nrf_dfu_req_handler_on_req               0x000784f1   Thumb Code    68  dfu_req_handling.o(i.nrf_dfu_req_handler_on_req)
    nrf_dfu_settings_calculate_crc           0x00078829   Thumb Code    10  nrf_dfu_settings.o(i.nrf_dfu_settings_calculate_crc)
    nrf_dfu_settings_init                    0x00078839   Thumb Code    88  nrf_dfu_settings.o(i.nrf_dfu_settings_init)
    nrf_dfu_settings_write                   0x000788c9   Thumb Code   152  nrf_dfu_settings.o(i.nrf_dfu_settings_write)
    nrf_dfu_transports_close                 0x00078a69   Thumb Code    68  nrf_dfu_transport.o(i.nrf_dfu_transports_close)
    nrf_dfu_transports_init                  0x00078b1d   Thumb Code    66  nrf_dfu_transport.o(i.nrf_dfu_transports_init)
    nrf_dfu_wait                             0x00078bd1   Thumb Code     4  nrf_dfu.o(i.nrf_dfu_wait)
    nrf_log_backend_hexdump_handler_get      0x00078c41   Thumb Code     4  nrf_log_backend_serial.o(i.nrf_log_backend_hexdump_handler_get)
    nrf_log_backend_init                     0x00078c49   Thumb Code    30  nrf_log_backend_serial.o(i.nrf_log_backend_init)
    nrf_log_backend_std_handler_get          0x00078e91   Thumb Code     4  nrf_log_backend_serial.o(i.nrf_log_backend_std_handler_get)
    nrf_log_frontend_hexdump                 0x00078eb1   Thumb Code    48  nrf_log_frontend.o(i.nrf_log_frontend_hexdump)
    nrf_log_frontend_std_0                   0x00078ee5   Thumb Code     8  nrf_log_frontend.o(i.nrf_log_frontend_std_0)
    nrf_log_frontend_std_1                   0x00078eed   Thumb Code    14  nrf_log_frontend.o(i.nrf_log_frontend_std_1)
    nrf_log_frontend_std_2                   0x00078efb   Thumb Code    16  nrf_log_frontend.o(i.nrf_log_frontend_std_2)
    nrf_log_frontend_std_3                   0x00078f0b   Thumb Code    18  nrf_log_frontend.o(i.nrf_log_frontend_std_3)
    nrf_log_frontend_std_5                   0x00078f1d   Thumb Code    28  nrf_log_frontend.o(i.nrf_log_frontend_std_5)
    nrf_log_handlers_set                     0x00078f39   Thumb Code     8  nrf_log_frontend.o(i.nrf_log_handlers_set)
    nrf_log_init                             0x00078f45   Thumb Code    34  nrf_log_frontend.o(i.nrf_log_init)
    nrf_nvmc_page_erase                      0x00078f69   Thumb Code    38  nrf_nvmc.o(i.nrf_nvmc_page_erase)
    nrf_nvmc_write_words                     0x00078f99   Thumb Code    52  nrf_nvmc.o(i.nrf_nvmc_write_words)
    nrf_queue_is_full                        0x00078fd5   Thumb Code    30  nrf_queue.o(i.nrf_queue_is_full)
    nrf_queue_push                           0x00079001   Thumb Code   178  nrf_queue.o(i.nrf_queue_push)
    pb_decode                                0x00079771   Thumb Code    30  pb_decode.o(i.pb_decode)
    pb_decode_fixed32                        0x0007978f   Thumb Code    32  pb_decode.o(i.pb_decode_fixed32)
    pb_decode_fixed64                        0x000797af   Thumb Code    92  pb_decode.o(i.pb_decode_fixed64)
    pb_decode_noinit                         0x0007980d   Thumb Code   390  pb_decode.o(i.pb_decode_noinit)
    pb_decode_svarint                        0x00079993   Thumb Code    58  pb_decode.o(i.pb_decode_svarint)
    pb_decode_tag                            0x000799cd   Thumb Code    66  pb_decode.o(i.pb_decode_tag)
    pb_decode_varint                         0x00079a0f   Thumb Code    74  pb_decode.o(i.pb_decode_varint)
    pb_field_iter_begin                      0x00079af1   Thumb Code    34  pb_common.o(i.pb_field_iter_begin)
    pb_field_iter_find                       0x00079b13   Thumb Code    46  pb_common.o(i.pb_field_iter_find)
    pb_field_iter_next                       0x00079b41   Thumb Code   128  pb_common.o(i.pb_field_iter_next)
    pb_istream_from_buffer                   0x00079c65   Thumb Code    14  pb_decode.o(i.pb_istream_from_buffer)
    pb_make_string_substream                 0x00079c79   Thumb Code    54  pb_decode.o(i.pb_make_string_substream)
    pb_read                                  0x00079cd5   Thumb Code    84  pb_decode.o(i.pb_read)
    pb_skip_field                            0x00079d4d   Thumb Code    90  pb_decode.o(i.pb_skip_field)
    sha256_final                             0x0007a213   Thumb Code   272  sha256.o(i.sha256_final)
    sha256_init                              0x0007a325   Thumb Code    50  sha256.o(i.sha256_init)
    sha256_transform                         0x0007a379   Thumb Code   294  sha256.o(i.sha256_transform)
    sha256_update                            0x0007a4a5   Thumb Code    84  sha256.o(i.sha256_update)
    softdevice_ble_evt_handler_set           0x0007a4f9   Thumb Code    14  softdevice_handler.o(i.softdevice_ble_evt_handler_set)
    softdevice_enable                        0x0007a50d   Thumb Code    60  softdevice_handler.o(i.softdevice_enable)
    softdevice_enable_get_default_config     0x0007a5ad   Thumb Code    38  softdevice_handler.o(i.softdevice_enable_get_default_config)
    softdevice_evt_get                       0x0007a5d3   Thumb Code    18  softdevice_handler_appsh.o(i.softdevice_evt_get)
    softdevice_evt_schedule                  0x0007a5e5   Thumb Code    10  softdevice_handler_appsh.o(i.softdevice_evt_schedule)
    softdevice_fault_handler                 0x0007a5f5   Thumb Code     4  softdevice_handler.o(i.softdevice_fault_handler)
    softdevice_handler_init                  0x0007a5f9   Thumb Code    88  softdevice_handler.o(i.softdevice_handler_init)
    softdevice_handler_is_enabled            0x0007a659   Thumb Code     6  softdevice_handler.o(i.softdevice_handler_is_enabled)
    softdevice_sys_evt_handler_set           0x0007a665   Thumb Code    14  softdevice_handler.o(i.softdevice_sys_evt_handler_set)
    dfu_init_command_is_debug_default        0x0007a934   Data           1  dfu-cc.pb.o(.constdata)
    dfu_hash_fields                          0x0007a938   Data          36  dfu-cc.pb.o(.constdata)
    dfu_init_command_fields                  0x0007a95c   Data         120  dfu-cc.pb.o(.constdata)
    dfu_reset_command_fields                 0x0007a9d4   Data          24  dfu-cc.pb.o(.constdata)
    dfu_command_fields                       0x0007a9ec   Data          48  dfu-cc.pb.o(.constdata)
    dfu_signed_command_fields                0x0007aa1c   Data          48  dfu-cc.pb.o(.constdata)
    dfu_packet_fields                        0x0007aa4c   Data          36  dfu-cc.pb.o(.constdata)
    pk                                       0x0007aa70   Data          64  dfu_public_key.o(.constdata)
    __ctype_table                            0x0007ac64   Data         129  ctype_o.o(.constdata)
    Region$$Table$$Base                      0x0007b168   Number         0  anon$$obj.o(Region$$Table)
    Region$$Table$$Limit                     0x0007b188   Number         0  anon$$obj.o(Region$$Table)
    dfu_trans$$Base                          0x0007b188   Number         0  nrf_ble_dfu.o(dfu_trans)
    dfu_trans$$Limit                         0x0007b190   Number         0  nrf_ble_dfu.o(dfu_trans)
    m_mbr_params_page                        0x0007e000   Data        4096  nrf_dfu_settings.o(.ARM.__AT_0x0007E000)
    m_dfu_settings_buffer                    0x0007f000   Data        4096  nrf_dfu_settings.o(.ARM.__AT_0x0007F000)
    m_uicr_bootloader_start_address          0x10001014   Data           4  nrf_bootloader_info.o(.ARM.__AT_0x10001014)
    m_uicr_mbr_params_page_address           0x10001018   Data           4  nrf_dfu_settings.o(.ARM.__AT_0x10001018)
    Image$$RW_IRAM1$$Base                    0x20002c00   Number         0  anon$$obj.o ABSOLUTE
    SystemCoreClock                          0x20002c98   Data           4  system_nrf52.o(.data)
    fs_data$$Base                            0x20002c9c   Number         0  nrf_dfu_flash.o(fs_data)
    fs_data$$Limit                           0x20002cac   Number         0  nrf_dfu_flash.o(fs_data)
    s_dfu_settings                           0x2000361c   Data         348  nrf_dfu_settings.o(.bss)
    nrf_nvic_state                           0x200037a8   Data          12  app_util_platform.o(.bss)
    _SEGGER_RTT                              0x20003838   Data         168  segger_rtt.o(.bss)
    __initial_sp                             0x20005cf0   Data           0  arm_startup_nrf52.o(STACK)



==============================================================================

Memory Map of the image

  Image Entry point : 0x00073401

  Load Region LR_IROM1 (Base: 0x00073000, Size: 0x0000823c, Max: 0x0000b000, ABSOLUTE)

    Execution Region ER_IROM1 (Base: 0x00073000, Size: 0x00008190, Max: 0x0000b000, ABSOLUTE)

    Base Addr    Size         Type   Attr      Idx    E Section Name        Object

    0x00073000   0x00000400   Data   RO         3321    RESET               arm_startup_nrf52.o
    0x00073400   0x00000000   Code   RO         3471  * .ARM.Collect$$$$00000000  mc_w.l(entry.o)
    0x00073400   0x00000004   Code   RO         3786    .ARM.Collect$$$$00000001  mc_w.l(entry2.o)
    0x00073404   0x00000004   Code   RO         3789    .ARM.Collect$$$$00000004  mc_w.l(entry5.o)
    0x00073408   0x00000000   Code   RO         3791    .ARM.Collect$$$$00000008  mc_w.l(entry7b.o)
    0x00073408   0x00000000   Code   RO         3793    .ARM.Collect$$$$0000000A  mc_w.l(entry8b.o)
    0x00073408   0x00000008   Code   RO         3794    .ARM.Collect$$$$0000000B  mc_w.l(entry9a.o)
    0x00073410   0x00000000   Code   RO         3796    .ARM.Collect$$$$0000000D  mc_w.l(entry10a.o)
    0x00073410   0x00000000   Code   RO         3798    .ARM.Collect$$$$0000000F  mc_w.l(entry11a.o)
    0x00073410   0x00000004   Code   RO         3787    .ARM.Collect$$$$00002712  mc_w.l(entry2.o)
    0x00073414   0x00000034   Code   RO         1003    .emb_text           nrf_bootloader_app_start.o
    0x00073448   0x00000024   Code   RO         3322    .text               arm_startup_nrf52.o
    0x0007346c   0x0000001e   Code   RO         3479    .text               mc_w.l(llshl.o)
    0x0007348a   0x00000002   PAD
    0x0007348c   0x00000008   Code   RO         3481    .text               mc_w.l(ctype_o.o)
    0x00073494   0x00000024   Code   RO         3509    .text               mc_w.l(memcpya.o)
    0x000734b8   0x00000024   Code   RO         3513    .text               mc_w.l(memseta.o)
    0x000734dc   0x0000000e   Code   RO         3515    .text               mc_w.l(strlen.o)
    0x000734ea   0x0000001a   Code   RO         3519    .text               mc_w.l(memcmp.o)
    0x00073504   0x00000012   Code   RO         3521    .text               mc_w.l(strcpy.o)
    0x00073516   0x00000062   Code   RO         3803    .text               mc_w.l(uldiv.o)
    0x00073578   0x00000024   Code   RO         3817    .text               mc_w.l(init.o)
    0x0007359c   0x00000020   Code   RO         3819    .text               mc_w.l(llushr.o)
    0x000735bc   0x000000ca   Code   RO         3409    .text.XYcZ_add      micro_ecc_lib_nrf52.lib(micro_ecc_lib_uECC.c.o)
    0x00073686   0x0000003e   Code   RO         3410    .text.apply_z       micro_ecc_lib_nrf52.lib(micro_ecc_lib_uECC.c.o)
    0x000736c4   0x00000014   Code   RO         3365    .text.bcopy         micro_ecc_lib_nrf52.lib(micro_ecc_lib_uECC.c.o)
    0x000736d8   0x0000008a   Code   RO         3382    .text.bits2int      micro_ecc_lib_nrf52.lib(micro_ecc_lib_uECC.c.o)
    0x00073762   0x00000156   Code   RO         3405    .text.double_jacobian_default  micro_ecc_lib_nrf52.lib(micro_ecc_lib_uECC.c.o)
    0x000738b8   0x00000008   Code   RO         3417    .text.uECC_secp256r1  micro_ecc_lib_nrf52.lib(micro_ecc_lib_uECC.c.o)
    0x000738c0   0x000002c4   Code   RO         3430    .text.uECC_verify   micro_ecc_lib_nrf52.lib(micro_ecc_lib_uECC.c.o)
    0x00073b84   0x0000000c   PAD
    0x00073b90   0x0000005c   Code   RO         3371    .text.uECC_vli_add  micro_ecc_lib_nrf52.lib(micro_ecc_lib_uECC.c.o)
    0x00073bec   0x00000016   Code   RO         3380    .text.uECC_vli_clear  micro_ecc_lib_nrf52.lib(micro_ecc_lib_uECC.c.o)
    0x00073c02   0x00000028   Code   RO         3366    .text.uECC_vli_cmp_unsafe  micro_ecc_lib_nrf52.lib(micro_ecc_lib_uECC.c.o)
    0x00073c2a   0x00000028   Code   RO         3391    .text.uECC_vli_equal  micro_ecc_lib_nrf52.lib(micro_ecc_lib_uECC.c.o)
    0x00073c52   0x0000001e   Code   RO         3383    .text.uECC_vli_isZero  micro_ecc_lib_nrf52.lib(micro_ecc_lib_uECC.c.o)
    0x00073c70   0x0000013c   Code   RO         3399    .text.uECC_vli_mmod  micro_ecc_lib_nrf52.lib(micro_ecc_lib_uECC.c.o)
    0x00073dac   0x00000032   Code   RO         3397    .text.uECC_vli_modAdd  micro_ecc_lib_nrf52.lib(micro_ecc_lib_uECC.c.o)
    0x00073dde   0x0000010c   Code   RO         3411    .text.uECC_vli_modInv  micro_ecc_lib_nrf52.lib(micro_ecc_lib_uECC.c.o)
    0x00073eea   0x00000024   Code   RO         3400    .text.uECC_vli_modMult  micro_ecc_lib_nrf52.lib(micro_ecc_lib_uECC.c.o)
    0x00073f0e   0x00000020   Code   RO         3401    .text.uECC_vli_modMult_fast  micro_ecc_lib_nrf52.lib(micro_ecc_lib_uECC.c.o)
    0x00073f2e   0x00000020   Code   RO         3403    .text.uECC_vli_modSquare_fast  micro_ecc_lib_nrf52.lib(micro_ecc_lib_uECC.c.o)
    0x00073f4e   0x00000024   Code   RO         3398    .text.uECC_vli_modSub  micro_ecc_lib_nrf52.lib(micro_ecc_lib_uECC.c.o)
    0x00073f72   0x00000312   Code   RO         3374    .text.uECC_vli_mult  micro_ecc_lib_nrf52.lib(micro_ecc_lib_uECC.c.o)
    0x00074284   0x0000003a   Code   RO         3386    .text.uECC_vli_numBits  micro_ecc_lib_nrf52.lib(micro_ecc_lib_uECC.c.o)
    0x000742be   0x0000001c   Code   RO         3393    .text.uECC_vli_rshift1  micro_ecc_lib_nrf52.lib(micro_ecc_lib_uECC.c.o)
    0x000742da   0x00000018   Code   RO         3387    .text.uECC_vli_set  micro_ecc_lib_nrf52.lib(micro_ecc_lib_uECC.c.o)
    0x000742f2   0x0000028c   Code   RO         3375    .text.uECC_vli_square  micro_ecc_lib_nrf52.lib(micro_ecc_lib_uECC.c.o)
    0x0007457e   0x00000002   PAD
    0x00074580   0x00000060   Code   RO         3373    .text.uECC_vli_sub  micro_ecc_lib_nrf52.lib(micro_ecc_lib_uECC.c.o)
    0x000745e0   0x00000014   Code   RO         3384    .text.uECC_vli_testBit  micro_ecc_lib_nrf52.lib(micro_ecc_lib_uECC.c.o)
    0x000745f4   0x000001ac   Code   RO         3390    .text.vli_mmod_fast_secp256r1  micro_ecc_lib_nrf52.lib(micro_ecc_lib_uECC.c.o)
    0x000747a0   0x00000038   Code   RO         3394    .text.vli_modInv_update  micro_ecc_lib_nrf52.lib(micro_ecc_lib_uECC.c.o)
    0x000747d8   0x0000005a   Code   RO         3404    .text.x_side_default  micro_ecc_lib_nrf52.lib(micro_ecc_lib_uECC.c.o)
    0x00074832   0x00000016   Code   RO         1680    i.NVIC_ClearPendingIRQ  app_timer.o
    0x00074848   0x00000016   Code   RO         2947    i.NVIC_DisableIRQ   softdevice_handler.o
    0x0007485e   0x00000016   Code   RO         1681    i.NVIC_EnableIRQ    app_timer.o
    0x00074874   0x00000016   Code   RO         2948    i.NVIC_EnableIRQ    softdevice_handler.o
    0x0007488a   0x00000016   Code   RO         1682    i.NVIC_SetPendingIRQ  app_timer.o
    0x000748a0   0x00000020   Code   RO         1683    i.NVIC_SetPriority  app_timer.o
    0x000748c0   0x00000024   Code   RO          330    i.NVIC_SystemReset  main.o
    0x000748e4   0x00000064   Code   RO         1447    i.RNG_IRQHandler    nrf_drv_rng.o
    0x00074948   0x00000024   Code   RO         1684    i.RTC1_IRQHandler   app_timer.o
    0x0007496c   0x00000004   Code   RO         2654    i.SEGGER_RTT_Init   segger_rtt.o
    0x00074970   0x0000005c   Code   RO         2665    i.SEGGER_RTT_WriteNoLock  segger_rtt.o
    0x000749cc   0x00000004   Code   RO         1685    i.SWI0_EGU0_IRQHandler  app_timer.o
    0x000749d0   0x00000024   Code   RO         2949    i.SWI2_EGU2_IRQHandler  softdevice_handler.o
    0x000749f4   0x0000029c   Code   RO         3330    i.SystemInit        system_nrf52.o
    0x00074c90   0x00000068   Code   RO         2669    i._DoInit           segger_rtt.o
    0x00074cf8   0x00000016   Code   RO         2670    i._GetAvailWriteSpace  segger_rtt.o
    0x00074d0e   0x0000005a   Code   RO         2672    i._WriteBlocking    segger_rtt.o
    0x00074d68   0x00000042   Code   RO         2673    i._WriteNoCheck     segger_rtt.o
    0x00074daa   0x00000002   PAD
    0x00074dac   0x00000030   Code   RO         3733    i.__0snprintf$8     mc_w.l(printf8.o)
    0x00074ddc   0x0000000e   Code   RO         3827    i.__scatterload_copy  mc_w.l(handlers.o)
    0x00074dea   0x00000002   Code   RO         3828    i.__scatterload_null  mc_w.l(handlers.o)
    0x00074dec   0x0000000e   Code   RO         3829    i.__scatterload_zeroinit  mc_w.l(handlers.o)
    0x00074dfa   0x00000002   PAD
    0x00074dfc   0x00000024   Code   RO         2950    i.__sd_nvic_app_accessible_irq  softdevice_handler.o
    0x00074e20   0x00000410   Code   RO         3739    i._printf_core      mc_w.l(printf8.o)
    0x00075230   0x00000024   Code   RO         3740    i._printf_post_padding  mc_w.l(printf8.o)
    0x00075254   0x0000002e   Code   RO         3741    i._printf_pre_padding  mc_w.l(printf8.o)
    0x00075282   0x00000016   Code   RO         3742    i._snputc           mc_w.l(printf8.o)
    0x00075298   0x00000070   Code   RO          788    i.advertising_init  nrf_ble_dfu.o
    0x00075308   0x00000060   Code   RO          789    i.advertising_start  nrf_ble_dfu.o
    0x00075368   0x00000044   Code   RO          331    i.app_error_fault_handler  main.o
    0x000753ac   0x00000034   Code   RO          332    i.app_error_handler_bare  main.o
    0x000753e0   0x000000a0   Code   RO         1629    i.app_sched_event_put  app_scheduler.o
    0x00075480   0x00000040   Code   RO         1630    i.app_sched_execute  app_scheduler.o
    0x000754c0   0x0000002c   Code   RO         1631    i.app_sched_init    app_scheduler.o
    0x000754ec   0x00000024   Code   RO         1688    i.app_timer_create  app_timer.o
    0x00075510   0x00000018   Code   RO         1836    i.app_timer_evt_get  app_timer_appsh.o
    0x00075528   0x00000018   Code   RO         1837    i.app_timer_evt_schedule  app_timer_appsh.o
    0x00075540   0x00000070   Code   RO         1689    i.app_timer_init    app_timer.o
    0x000755b0   0x00000088   Code   RO         1690    i.app_timer_start   app_timer.o
    0x00075638   0x00000020   Code   RO         1691    i.app_timer_stop    app_timer.o
    0x00075658   0x00000048   Code   RO         1865    i.app_util_critical_region_enter  app_util_platform.o
    0x000756a0   0x00000034   Code   RO         1866    i.app_util_critical_region_exit  app_util_platform.o
    0x000756d4   0x00000058   Code   RO          648    i.ble_conn_params_init  ble_conn_params.o
    0x0007572c   0x00000084   Code   RO          649    i.ble_conn_params_on_ble_evt  ble_conn_params.o
    0x000757b0   0x0000000c   Code   RO          650    i.ble_conn_params_stop  ble_conn_params.o
    0x000757bc   0x0000006c   Code   RO          790    i.ble_dfu_init      nrf_ble_dfu.o
    0x00075828   0x000000c0   Code   RO          791    i.ble_dfu_transport_close  nrf_ble_dfu.o
    0x000758e8   0x00000090   Code   RO          792    i.ble_dfu_transport_init  nrf_ble_dfu.o
    0x00075978   0x00000012   Code   RO          793    i.ble_evt_dispatch  nrf_ble_dfu.o
    0x0007598a   0x00000008   Code   RO          727    i.ble_srv_is_notification_enabled  ble_srv_common.o
    0x00075992   0x00000002   PAD
    0x00075994   0x00000088   Code   RO          794    i.ble_stack_init    nrf_ble_dfu.o
    0x00075a1c   0x00000010   Code   RO          429    i.bsp_board_led_off  boards.o
    0x00075a2c   0x00000010   Code   RO          430    i.bsp_board_led_on  boards.o
    0x00075a3c   0x0000002c   Code   RO          432    i.bsp_board_leds_init  boards.o
    0x00075a68   0x00000012   Code   RO          433    i.bsp_board_leds_off  boards.o
    0x00075a7a   0x00000012   Code   RO         2441    i.buf_len_update    nrf_log_backend_serial.o
    0x00075a8c   0x0000001c   Code   RO         3146    i.buf_read          pb_decode.o
    0x00075aa8   0x00000020   Code   RO         2014    i.check_config      fstorage.o
    0x00075ac8   0x000000ac   Code   RO         1693    i.compare_reg_update  app_timer.o
    0x00075b74   0x00000004   Code   RO          795    i.conn_params_error_handler  nrf_ble_dfu.o
    0x00075b78   0x0000005c   Code   RO          651    i.conn_params_negotiation  ble_conn_params.o
    0x00075bd4   0x0000003c   Code   RO         1917    i.crc32_compute     crc32.o
    0x00075c10   0x0000007e   Code   RO         3147    i.decode_callback_field  pb_decode.o
    0x00075c8e   0x0000001a   Code   RO         3148    i.decode_field      pb_decode.o
    0x00075ca8   0x000000e0   Code   RO         3149    i.decode_static_field  pb_decode.o
    0x00075d88   0x00000014   Code   RO         1235    i.delay_operation   nrf_dfu_settings.o
    0x00075d9c   0x00000084   Code   RO          796    i.dfu_ctrl_pt_add   nrf_ble_dfu.o
    0x00075e20   0x00000010   Code   RO           51    i.dfu_data_write_handler  dfu_req_handling.o
    0x00075e30   0x00000090   Code   RO           52    i.dfu_decode_commmand  dfu_req_handling.o
    0x00075ec0   0x00000340   Code   RO           53    i.dfu_handle_prevalidate  dfu_req_handling.o
    0x00076200   0x0000009c   Code   RO           54    i.dfu_handle_signed_command  dfu_req_handling.o
    0x0007629c   0x00000082   Code   RO          797    i.dfu_pkt_char_add  nrf_ble_dfu.o
    0x0007631e   0x00000002   PAD
    0x00076320   0x00000018   Code   RO         1236    i.dfu_settings_write_callback  nrf_dfu_settings.o
    0x00076338   0x0000004a   Code   RO         1946    i.ecc_p256_verify   ecc.o
    0x00076382   0x00000002   PAD
    0x00076384   0x00000040   Code   RO         1694    i.elapsed_ticks_acquire  app_timer.o
    0x000763c4   0x00000074   Code   RO         2015    i.fs_erase          fstorage.o
    0x00076438   0x0000005c   Code   RO         1114    i.fs_evt_handler    nrf_dfu_flash.o
    0x00076494   0x00000014   Code   RO         2016    i.fs_fake_init      fstorage.o
    0x000764a8   0x00000014   Code   RO         2019    i.fs_queue_is_full  fstorage.o
    0x000764bc   0x00000080   Code   RO         2021    i.fs_store          fstorage.o
    0x0007653c   0x00000068   Code   RO         2022    i.fs_sys_event_handler  fstorage.o
    0x000765a4   0x0000006c   Code   RO          798    i.gap_params_init   nrf_ble_dfu.o
    0x00076610   0x0000007c   Code   RO         2951    i.intern_softdevice_events_execute  softdevice_handler.o
    0x0007668c   0x0000001c   Code   RO          652    i.is_conn_params_ok  ble_conn_params.o
    0x000766a8   0x0000000c   Code   RO         1948    i.is_word_aligned   ecc.o
    0x000766b4   0x0000002e   Code   RO         3150    i.iter_from_extension  pb_decode.o
    0x000766e2   0x00000002   PAD
    0x000766e4   0x000000a8   Code   RO         1695    i.list_deletions_handler  app_timer.o
    0x0007678c   0x000000b8   Code   RO         1696    i.list_insertions_handler  app_timer.o
    0x00076844   0x00000074   Code   RO          333    i.main              main.o
    0x000768b8   0x0000014c   Code   RO         1004    i.nrf_bootloader_app_start  nrf_bootloader_app_start.o
    0x00076a04   0x00000064   Code   RO          967    i.nrf_bootloader_init  nrf_bootloader.o
    0x00076a68   0x0000004c   Code   RO         2221    i.nrf_crypto_hash_compute  nrf_crypto.o
    0x00076ab4   0x0000002e   Code   RO         2226    i.nrf_crypto_verify  nrf_crypto.o
    0x00076ae2   0x00000002   PAD
    0x00076ae4   0x0000008c   Code   RO          799    i.nrf_delay_us      nrf_ble_dfu.o
    0x00076b70   0x0000008c   Code   RO         1237    i.nrf_delay_us      nrf_dfu_settings.o
    0x00076bfc   0x0000008c   Code   RO         1697    i.nrf_delay_us      app_timer.o
    0x00076c88   0x0000017c   Code   RO         1342    i.nrf_dfu_app_continue  nrf_dfu_utils.o
    0x00076e04   0x000000d8   Code   RO         1343    i.nrf_dfu_app_is_valid  nrf_dfu_utils.o
    0x00076edc   0x000000f8   Code   RO         1344    i.nrf_dfu_bl_continue  nrf_dfu_utils.o
    0x00076fd4   0x000003a4   Code   RO           55    i.nrf_dfu_command_req  dfu_req_handling.o
    0x00077378   0x00000060   Code   RO         1345    i.nrf_dfu_continue  nrf_dfu_utils.o
    0x000773d8   0x00000144   Code   RO         1346    i.nrf_dfu_continue_bank  nrf_dfu_utils.o
    0x0007751c   0x0000055c   Code   RO           56    i.nrf_dfu_data_req  dfu_req_handling.o
    0x00077a78   0x00000038   Code   RO         1052    i.nrf_dfu_enter_check  nrf_dfu.o
    0x00077ab0   0x000002a8   Code   RO         1347    i.nrf_dfu_find_cache  nrf_dfu_utils.o
    0x00077d58   0x0000013c   Code   RO         1115    i.nrf_dfu_flash_erase  nrf_dfu_flash.o
    0x00077e94   0x000000b8   Code   RO         1117    i.nrf_dfu_flash_init  nrf_dfu_flash.o
    0x00077f4c   0x00000110   Code   RO         1118    i.nrf_dfu_flash_store  nrf_dfu_flash.o
    0x0007805c   0x000001c8   Code   RO         1053    i.nrf_dfu_init      nrf_dfu.o
    0x00078224   0x00000018   Code   RO         1348    i.nrf_dfu_invalidate_bank  nrf_dfu_utils.o
    0x0007823c   0x0000001c   Code   RO         1183    i.nrf_dfu_mbr_compare  nrf_dfu_mbr.o
    0x00078258   0x00000016   Code   RO         1184    i.nrf_dfu_mbr_copy_bl  nrf_dfu_mbr.o
    0x0007826e   0x00000002   PAD
    0x00078270   0x00000024   Code   RO         1185    i.nrf_dfu_mbr_copy_sd  nrf_dfu_mbr.o
    0x00078294   0x00000018   Code   RO         1186    i.nrf_dfu_mbr_init_sd  nrf_dfu_mbr.o
    0x000782ac   0x000001f4   Code   RO           57    i.nrf_dfu_postvalidate  dfu_req_handling.o
    0x000784a0   0x00000050   Code   RO           58    i.nrf_dfu_req_handler_init  dfu_req_handling.o
    0x000784f0   0x00000068   Code   RO           59    i.nrf_dfu_req_handler_on_req  dfu_req_handling.o
    0x00078558   0x000000a0   Code   RO         1349    i.nrf_dfu_sd_bl_continue  nrf_dfu_utils.o
    0x000785f8   0x00000230   Code   RO         1350    i.nrf_dfu_sd_continue_impl  nrf_dfu_utils.o
    0x00078828   0x00000010   Code   RO         1238    i.nrf_dfu_settings_calculate_crc  nrf_dfu_settings.o
    0x00078838   0x00000090   Code   RO         1239    i.nrf_dfu_settings_init  nrf_dfu_settings.o
    0x000788c8   0x000001a0   Code   RO         1240    i.nrf_dfu_settings_write  nrf_dfu_settings.o
    0x00078a68   0x000000b4   Code   RO         1308    i.nrf_dfu_transports_close  nrf_dfu_transport.o
    0x00078b1c   0x000000b4   Code   RO         1309    i.nrf_dfu_transports_init  nrf_dfu_transport.o
    0x00078bd0   0x00000004   Code   RO         1054    i.nrf_dfu_wait      nrf_dfu.o
    0x00078bd4   0x00000014   Code   RO         1455    i.nrf_drv_rng_stop  nrf_drv_rng.o
    0x00078be8   0x00000024   Code   RO          437    i.nrf_gpio_cfg      boards.o
    0x00078c0c   0x00000010   Code   RO          800    i.nrf_gpio_cfg_output  nrf_ble_dfu.o
    0x00078c1c   0x0000000e   Code   RO          801    i.nrf_gpio_pin_set  nrf_ble_dfu.o
    0x00078c2a   0x00000016   Code   RO          438    i.nrf_gpio_pin_write  boards.o
    0x00078c40   0x00000008   Code   RO         2443    i.nrf_log_backend_hexdump_handler_get  nrf_log_backend_serial.o
    0x00078c48   0x00000024   Code   RO         2444    i.nrf_log_backend_init  nrf_log_backend_serial.o
    0x00078c6c   0x0000011c   Code   RO         2445    i.nrf_log_backend_serial_hexdump_handler  nrf_log_backend_serial.o
    0x00078d88   0x00000108   Code   RO         2446    i.nrf_log_backend_serial_std_handler  nrf_log_backend_serial.o
    0x00078e90   0x00000008   Code   RO         2447    i.nrf_log_backend_std_handler_get  nrf_log_backend_serial.o
    0x00078e98   0x00000018   Code   RO         2533    i.nrf_log_direct_feed  nrf_log_frontend.o
    0x00078eb0   0x00000034   Code   RO         2535    i.nrf_log_frontend_hexdump  nrf_log_frontend.o
    0x00078ee4   0x00000008   Code   RO         2537    i.nrf_log_frontend_std_0  nrf_log_frontend.o
    0x00078eec   0x0000000e   Code   RO         2538    i.nrf_log_frontend_std_1  nrf_log_frontend.o
    0x00078efa   0x00000010   Code   RO         2539    i.nrf_log_frontend_std_2  nrf_log_frontend.o
    0x00078f0a   0x00000012   Code   RO         2540    i.nrf_log_frontend_std_3  nrf_log_frontend.o
    0x00078f1c   0x0000001c   Code   RO         2542    i.nrf_log_frontend_std_5  nrf_log_frontend.o
    0x00078f38   0x0000000c   Code   RO         2545    i.nrf_log_handlers_set  nrf_log_frontend.o
    0x00078f44   0x00000022   Code   RO         2546    i.nrf_log_init      nrf_log_frontend.o
    0x00078f66   0x00000002   PAD
    0x00078f68   0x00000030   Code   RO         1554    i.nrf_nvmc_page_erase  nrf_nvmc.o
    0x00078f98   0x0000003c   Code   RO         1558    i.nrf_nvmc_write_words  nrf_nvmc.o
    0x00078fd4   0x0000001e   Code   RO         2281    i.nrf_queue_is_full  nrf_queue.o
    0x00078ff2   0x0000000e   Code   RO         2282    i.nrf_queue_next_idx  nrf_queue.o
    0x00079000   0x000000b2   Code   RO         2284    i.nrf_queue_push    nrf_queue.o
    0x000790b2   0x00000002   PAD
    0x000790b4   0x00000134   Code   RO          802    i.on_ble_evt        nrf_ble_dfu.o
    0x000791e8   0x000001f0   Code   RO          803    i.on_ctrl_pt_write  nrf_ble_dfu.o
    0x000793d8   0x0000004c   Code   RO           60    i.on_dfu_complete   dfu_req_handling.o
    0x00079424   0x00000054   Code   RO         2023    i.on_operation_success  fstorage.o
    0x00079478   0x00000094   Code   RO          804    i.on_rw_authorize_req  nrf_ble_dfu.o
    0x0007950c   0x00000090   Code   RO          805    i.on_write          nrf_ble_dfu.o
    0x0007959c   0x00000040   Code   RO         3152    i.pb_dec_bytes      pb_decode.o
    0x000795dc   0x00000006   Code   RO         3153    i.pb_dec_fixed32    pb_decode.o
    0x000795e2   0x00000006   Code   RO         3154    i.pb_dec_fixed64    pb_decode.o
    0x000795e8   0x0000003e   Code   RO         3155    i.pb_dec_string     pb_decode.o
    0x00079626   0x00000040   Code   RO         3156    i.pb_dec_submessage  pb_decode.o
    0x00079666   0x00000058   Code   RO         3157    i.pb_dec_svarint    pb_decode.o
    0x000796be   0x00000058   Code   RO         3158    i.pb_dec_uvarint    pb_decode.o
    0x00079716   0x0000005a   Code   RO         3159    i.pb_dec_varint     pb_decode.o
    0x00079770   0x0000001e   Code   RO         3160    i.pb_decode         pb_decode.o
    0x0007978e   0x00000020   Code   RO         3162    i.pb_decode_fixed32  pb_decode.o
    0x000797ae   0x0000005c   Code   RO         3163    i.pb_decode_fixed64  pb_decode.o
    0x0007980a   0x00000002   PAD
    0x0007980c   0x00000186   Code   RO         3164    i.pb_decode_noinit  pb_decode.o
    0x00079992   0x0000003a   Code   RO         3165    i.pb_decode_svarint  pb_decode.o
    0x000799cc   0x00000042   Code   RO         3166    i.pb_decode_tag     pb_decode.o
    0x00079a0e   0x0000004a   Code   RO         3167    i.pb_decode_varint  pb_decode.o
    0x00079a58   0x0000004c   Code   RO         3168    i.pb_decode_varint32  pb_decode.o
    0x00079aa4   0x0000004c   Code   RO           61    i.pb_decoding_callback  dfu_req_handling.o
    0x00079af0   0x00000022   Code   RO         3119    i.pb_field_iter_begin  pb_common.o
    0x00079b12   0x0000002e   Code   RO         3120    i.pb_field_iter_find  pb_common.o
    0x00079b40   0x00000080   Code   RO         3121    i.pb_field_iter_next  pb_common.o
    0x00079bc0   0x000000a4   Code   RO         3169    i.pb_field_set_to_default  pb_decode.o
    0x00079c64   0x00000014   Code   RO         3170    i.pb_istream_from_buffer  pb_decode.o
    0x00079c78   0x00000036   Code   RO         3171    i.pb_make_string_substream  pb_decode.o
    0x00079cae   0x00000026   Code   RO         3172    i.pb_message_set_to_defaults  pb_decode.o
    0x00079cd4   0x00000058   Code   RO         3173    i.pb_read           pb_decode.o
    0x00079d2c   0x00000020   Code   RO         3174    i.pb_readbyte       pb_decode.o
    0x00079d4c   0x0000005a   Code   RO         3175    i.pb_skip_field     pb_decode.o
    0x00079da6   0x00000002   PAD
    0x00079da8   0x0000002c   Code   RO         2024    i.queue_advance     fstorage.o
    0x00079dd4   0x00000038   Code   RO         2025    i.queue_get_next_free  fstorage.o
    0x00079e0c   0x00000070   Code   RO         2026    i.queue_process     fstorage.o
    0x00079e7c   0x0000001c   Code   RO         2027    i.queue_start       fstorage.o
    0x00079e98   0x00000016   Code   RO         2290    i.queue_utilization_get  nrf_queue.o
    0x00079eae   0x00000010   Code   RO         2952    i.ram_end_address_get  softdevice_handler.o
    0x00079ebe   0x00000062   Code   RO         3176    i.read_raw_value    pb_decode.o
    0x00079f20   0x000000ac   Code   RO          806    i.response_crc_cmd_send  nrf_ble_dfu.o
    0x00079fcc   0x0000007c   Code   RO          807    i.response_select_object_cmd_send  nrf_ble_dfu.o
    0x0007a048   0x0000007c   Code   RO          808    i.response_send     nrf_ble_dfu.o
    0x0007a0c4   0x0000003c   Code   RO         1698    i.rtc1_stop         app_timer.o
    0x0007a100   0x00000070   Code   RO         2954    i.sd_nvic_EnableIRQ  softdevice_handler.o
    0x0007a170   0x0000004c   Code   RO         2028    i.send_event        fstorage.o
    0x0007a1bc   0x00000028   Code   RO          809    i.send_hvx          nrf_ble_dfu.o
    0x0007a1e4   0x0000002e   Code   RO         2448    i.serial_tx         nrf_log_backend_serial.o
    0x0007a212   0x00000110   Code   RO         2394    i.sha256_final      sha256.o
    0x0007a322   0x00000002   PAD
    0x0007a324   0x00000054   Code   RO         2395    i.sha256_init       sha256.o
    0x0007a378   0x0000012c   Code   RO         2396    i.sha256_transform  sha256.o
    0x0007a4a4   0x00000054   Code   RO         2397    i.sha256_update     sha256.o
    0x0007a4f8   0x00000014   Code   RO         2955    i.softdevice_ble_evt_handler_set  softdevice_handler.o
    0x0007a50c   0x000000a0   Code   RO         2956    i.softdevice_enable  softdevice_handler.o
    0x0007a5ac   0x00000026   Code   RO         2957    i.softdevice_enable_get_default_config  softdevice_handler.o
    0x0007a5d2   0x00000012   Code   RO         3092    i.softdevice_evt_get  softdevice_handler_appsh.o
    0x0007a5e4   0x00000010   Code   RO         3093    i.softdevice_evt_schedule  softdevice_handler_appsh.o
    0x0007a5f4   0x00000004   Code   RO         2958    i.softdevice_fault_handler  softdevice_handler.o
    0x0007a5f8   0x00000060   Code   RO         2959    i.softdevice_handler_init  softdevice_handler.o
    0x0007a658   0x0000000c   Code   RO         2960    i.softdevice_handler_is_enabled  softdevice_handler.o
    0x0007a664   0x00000014   Code   RO         2965    i.softdevice_sys_evt_handler_set  softdevice_handler.o
    0x0007a678   0x0000008c   Code   RO         1699    i.timer_list_handler  app_timer.o
    0x0007a704   0x0000003c   Code   RO         1700    i.timer_list_insert  app_timer.o
    0x0007a740   0x00000048   Code   RO         1701    i.timer_stop_op_schedule  app_timer.o
    0x0007a788   0x00000084   Code   RO         1702    i.timer_timeouts_check  app_timer.o
    0x0007a80c   0x00000034   Code   RO         2449    i.timestamp_process  nrf_log_backend_serial.o
    0x0007a840   0x00000012   Code   RO          810    i.uint32_encode     nrf_ble_dfu.o
    0x0007a852   0x00000002   PAD
    0x0007a854   0x00000060   Code   RO          653    i.update_timeout_handler  ble_conn_params.o
    0x0007a8b4   0x00000030   Code   RO         1703    i.user_op_alloc     app_timer.o
    0x0007a8e4   0x00000050   Code   RO         1241    i.wait_for_queue    nrf_dfu_settings.o
    0x0007a934   0x00000001   Data   RO            1    .constdata          dfu-cc.pb.o
    0x0007a935   0x00000003   PAD
    0x0007a938   0x00000024   Data   RO            2    .constdata          dfu-cc.pb.o
    0x0007a95c   0x00000078   Data   RO            3    .constdata          dfu-cc.pb.o
    0x0007a9d4   0x00000018   Data   RO            4    .constdata          dfu-cc.pb.o
    0x0007a9ec   0x00000030   Data   RO            5    .constdata          dfu-cc.pb.o
    0x0007aa1c   0x00000030   Data   RO            6    .constdata          dfu-cc.pb.o
    0x0007aa4c   0x00000024   Data   RO            7    .constdata          dfu-cc.pb.o
    0x0007aa70   0x00000040   Data   RO           36    .constdata          dfu_public_key.o
    0x0007aab0   0x00000008   Data   RO           63    .constdata          dfu_req_handling.o
    0x0007aab8   0x00000008   Data   RO          439    .constdata          boards.o
    0x0007aac0   0x00000004   Data   RO          656    .constdata          ble_conn_params.o
    0x0007aac4   0x00000014   Data   RO          812    .constdata          nrf_ble_dfu.o
    0x0007aad8   0x00000010   Data   RO         1120    .constdata          nrf_dfu_flash.o
    0x0007aae8   0x00000040   Data   RO         1188    .constdata          nrf_dfu_mbr.o
    0x0007ab28   0x00000018   Data   RO         1459    .constdata          nrf_drv_rng.o
    0x0007ab40   0x00000100   Data   RO         2398    .constdata          sha256.o
    0x0007ac40   0x00000024   Data   RO         3177    .constdata          pb_decode.o
    0x0007ac64   0x00000081   Data   RO         3482    .constdata          mc_w.l(ctype_o.o)
    0x0007ace5   0x00000003   PAD
    0x0007ace8   0x00000004   Data   RO         3483    .constdata          mc_w.l(ctype_o.o)
    0x0007acec   0x0000013d   Data   RO           64    .conststring        dfu_req_handling.o
    0x0007ae29   0x00000003   PAD
    0x0007ae2c   0x00000051   Data   RO          813    .conststring        nrf_ble_dfu.o
    0x0007ae7d   0x00000003   PAD
    0x0007ae80   0x00000042   Data   RO         1246    .conststring        nrf_dfu_settings.o
    0x0007aec2   0x00000002   PAD
    0x0007aec4   0x000001af   Data   RO         1351    .conststring        nrf_dfu_utils.o
    0x0007b073   0x00000001   PAD
    0x0007b074   0x00000042   Data   RO         2966    .conststring        softdevice_handler.o
    0x0007b0b6   0x00000002   PAD
    0x0007b0b8   0x000000b0   Data   RO         3448    .rodata.curve_secp256r1  micro_ecc_lib_nrf52.lib(micro_ecc_lib_uECC.c.o)
    0x0007b168   0x00000020   Data   RO         3825    Region$$Table       anon$$obj.o
    0x0007b188   0x00000008   Data   RO          815    dfu_trans           nrf_ble_dfu.o


    Execution Region RW_IRAM1 (Base: 0x20002c00, Size: 0x000030f0, Max: 0x0000d380, ABSOLUTE)

    Base Addr    Size         Type   Attr      Idx    E Section Name        Object

    0x20002c00   0x00000024   Data   RW           65    .data               dfu_req_handling.o
    0x20002c24   0x00000014   Data   RW          657    .data               ble_conn_params.o
    0x20002c38   0x0000000c   Data   RW          814    .data               nrf_ble_dfu.o
    0x20002c44   0x00000004   Data   RW         1121    .data               nrf_dfu_flash.o
    0x20002c48   0x00000008   Data   RW         1247    .data               nrf_dfu_settings.o
    0x20002c50   0x00000010   Data   RW         1633    .data               app_scheduler.o
    0x20002c60   0x00000020   Data   RW         1704    .data               app_timer.o
    0x20002c80   0x00000002   Data   RW         2030    .data               fstorage.o
    0x20002c82   0x00000002   Data   RW         2451    .data               nrf_log_backend_serial.o
    0x20002c84   0x00000014   Data   RW         2967    .data               softdevice_handler.o
    0x20002c98   0x00000004   Data   RW         3331    .data               system_nrf52.o
    0x20002c9c   0x00000010   Data   RW         1122    fs_data             nrf_dfu_flash.o
    0x20002cac   0x0000059c   Zero   RW           62    .bss                dfu_req_handling.o
    0x20003248   0x00000020   Zero   RW          654    .bss                ble_conn_params.o
    0x20003268   0x0000001c   Zero   RW          655    .bss                ble_conn_params.o
    0x20003284   0x00000073   Zero   RW          811    .bss                nrf_ble_dfu.o
    0x200032f7   0x00000001   PAD
    0x200032f8   0x000001c8   Zero   RW         1055    .bss                nrf_dfu.o
    0x200034c0   0x000002b8   Zero   RW         1245    .bss                nrf_dfu_settings.o
    0x20003778   0x00000021   Zero   RW         1457    .bss                nrf_drv_rng.o
    0x20003799   0x00000003   PAD
    0x2000379c   0x0000000c   Zero   RW         1458    .bss                nrf_drv_rng.o
    0x200037a8   0x0000000c   Zero   RW         1869    .bss                app_util_platform.o
    0x200037b4   0x00000068   Zero   RW         2029    .bss                fstorage.o
    0x2000381c   0x0000001c   Zero   RW         2548    .bss                nrf_log_frontend.o
    0x20003838   0x000004b8   Zero   RW         2674    .bss                segger_rtt.o
    0x20003cf0   0x00002000   Zero   RW         3319    STACK               arm_startup_nrf52.o



  Load Region LR$$.ARM.__AT_0x0007E000 (Base: 0x0007e000, Size: 0x00000000, Max: 0x00001000, ABSOLUTE)

    Execution Region ER$$.ARM.__AT_0x0007E000 (Base: 0x0007e000, Size: 0x00001000, Max: 0x00001000, ABSOLUTE, UNINIT)

    Base Addr    Size         Type   Attr      Idx    E Section Name        Object

    0x0007e000   0x00001000   Zero   RW         1242    .ARM.__AT_0x0007E000  nrf_dfu_settings.o



  Load Region LR$$.ARM.__AT_0x0007F000 (Base: 0x0007f000, Size: 0x00000000, Max: 0x00001000, ABSOLUTE)

    Execution Region ER$$.ARM.__AT_0x0007F000 (Base: 0x0007f000, Size: 0x00001000, Max: 0x00001000, ABSOLUTE, UNINIT)

    Base Addr    Size         Type   Attr      Idx    E Section Name        Object

    0x0007f000   0x00001000   Zero   RW         1243    .ARM.__AT_0x0007F000  nrf_dfu_settings.o



  Load Region LR$$.ARM.__AT_0x10001014 (Base: 0x10001014, Size: 0x00000004, Max: 0x00000004, ABSOLUTE)

    Execution Region ER$$.ARM.__AT_0x10001014 (Base: 0x10001014, Size: 0x00000004, Max: 0x00000004, ABSOLUTE, UNINIT)

    Base Addr    Size         Type   Attr      Idx    E Section Name        Object

    0x10001014   0x00000004   Data   RW         1031    .ARM.__AT_0x10001014  nrf_bootloader_info.o



  Load Region LR$$.ARM.__AT_0x10001018 (Base: 0x10001018, Size: 0x00000004, Max: 0x00000004, ABSOLUTE)

    Execution Region ER$$.ARM.__AT_0x10001018 (Base: 0x10001018, Size: 0x00000004, Max: 0x00000004, ABSOLUTE, UNINIT)

    Base Addr    Size         Type   Attr      Idx    E Section Name        Object

    0x10001018   0x00000004   Data   RW         1244    .ARM.__AT_0x10001018  nrf_dfu_settings.o

